Archive member included to satisfy reference by file (symbol)

C:\Users\surya\mcuxpresso\01\SDKPackages\SDK_2.3.1_FRDM-K64F\CMSIS\Lib\GCC\libarm_cortexM4lf_math.a(arm_fill_f32.o)
                              ./source/rfft.o (arm_fill_f32)
C:\Users\surya\mcuxpresso\01\SDKPackages\SDK_2.3.1_FRDM-K64F\CMSIS\Lib\GCC\libarm_cortexM4lf_math.a(arm_rfft_fast_init_f32.o)
                              ./source/rfft.o (arm_rfft_fast_init_f32)
C:\Users\surya\mcuxpresso\01\SDKPackages\SDK_2.3.1_FRDM-K64F\CMSIS\Lib\GCC\libarm_cortexM4lf_math.a(arm_common_tables.o)
                              C:\Users\surya\mcuxpresso\01\SDKPackages\SDK_2.3.1_FRDM-K64F\CMSIS\Lib\GCC\libarm_cortexM4lf_math.a(arm_rfft_fast_init_f32.o) (twiddleCoef_rfft_4096)
c:/nxp/mcuxpressoide_10.1.1_606/ide/tools/bin/../lib/gcc/arm-none-eabi/6.3.1/../../../../arm-none-eabi/lib/thumb/v7e-m/fpv4-sp/hard\libcr_semihost_nf.a(_cr__main.o)
                              ./startup/startup_mk64f12.o (__main)
c:/nxp/mcuxpressoide_10.1.1_606/ide/tools/bin/../lib/gcc/arm-none-eabi/6.3.1/../../../../arm-none-eabi/lib/thumb/v7e-m/fpv4-sp/hard\libcr_semihost_nf.a(_cr_assert.o)
                              ./utilities/fsl_debug_console.o (__assertion_failed)
c:/nxp/mcuxpressoide_10.1.1_606/ide/tools/bin/../lib/gcc/arm-none-eabi/6.3.1/../../../../arm-none-eabi/lib/thumb/v7e-m/fpv4-sp/hard\libcr_semihost_nf.a(__ciob.o)
                              c:/nxp/mcuxpressoide_10.1.1_606/ide/tools/bin/../lib/gcc/arm-none-eabi/6.3.1/../../../../arm-none-eabi/lib/thumb/v7e-m/fpv4-sp/hard\libcr_semihost_nf.a(_cr_assert.o) (__Ciob)
c:/nxp/mcuxpressoide_10.1.1_606/ide/tools/bin/../lib/gcc/arm-none-eabi/6.3.1/../../../../arm-none-eabi/lib/thumb/v7e-m/fpv4-sp/hard\libcr_semihost_nf.a(__sys_appexit.o)
                              c:/nxp/mcuxpressoide_10.1.1_606/ide/tools/bin/../lib/gcc/arm-none-eabi/6.3.1/../../../../arm-none-eabi/lib/thumb/v7e-m/fpv4-sp/hard\libcr_semihost_nf.a(_cr_assert.o) (__sys_appexit)
c:/nxp/mcuxpressoide_10.1.1_606/ide/tools/bin/../lib/gcc/arm-none-eabi/6.3.1/../../../../arm-none-eabi/lib/thumb/v7e-m/fpv4-sp/hard\libcr_c.a(memcpy.o)
                              ./drivers/fsl_flash.o (memcpy)
c:/nxp/mcuxpressoide_10.1.1_606/ide/tools/bin/../lib/gcc/arm-none-eabi/6.3.1/../../../../arm-none-eabi/lib/thumb/v7e-m/fpv4-sp/hard\libcr_c.a(memset.o)
                              ./drivers/fsl_flash.o (memset)
c:/nxp/mcuxpressoide_10.1.1_606/ide/tools/bin/../lib/gcc/arm-none-eabi/6.3.1/../../../../arm-none-eabi/lib/thumb/v7e-m/fpv4-sp/hard\libcr_c.a(_deferredlazyseek.o)
                              c:/nxp/mcuxpressoide_10.1.1_606/ide/tools/bin/../lib/gcc/arm-none-eabi/6.3.1/../../../../arm-none-eabi/lib/thumb/v7e-m/fpv4-sp/hard\libcr_semihost_nf.a(_cr_assert.o) (__flsbuf)
c:/nxp/mcuxpressoide_10.1.1_606/ide/tools/bin/../lib/gcc/arm-none-eabi/6.3.1/../../../../arm-none-eabi/lib/thumb/v7e-m/fpv4-sp/hard\libcr_c.a(_fflush.o)
                              c:/nxp/mcuxpressoide_10.1.1_606/ide/tools/bin/../lib/gcc/arm-none-eabi/6.3.1/../../../../arm-none-eabi/lib/thumb/v7e-m/fpv4-sp/hard\libcr_c.a(_deferredlazyseek.o) (_fflush)
c:/nxp/mcuxpressoide_10.1.1_606/ide/tools/bin/../lib/gcc/arm-none-eabi/6.3.1/../../../../arm-none-eabi/lib/thumb/v7e-m/fpv4-sp/hard\libcr_c.a(_writebuf.o)
                              c:/nxp/mcuxpressoide_10.1.1_606/ide/tools/bin/../lib/gcc/arm-none-eabi/6.3.1/../../../../arm-none-eabi/lib/thumb/v7e-m/fpv4-sp/hard\libcr_c.a(_deferredlazyseek.o) (_Cwritebuf)
c:/nxp/mcuxpressoide_10.1.1_606/ide/tools/bin/../lib/gcc/arm-none-eabi/6.3.1/../../../../arm-none-eabi/lib/thumb/v7e-m/fpv4-sp/hard\libcr_c.a(alloc.o)
                              ./drivers/fsl_common.o (malloc)
c:/nxp/mcuxpressoide_10.1.1_606/ide/tools/bin/../lib/gcc/arm-none-eabi/6.3.1/../../../../arm-none-eabi/lib/thumb/v7e-m/fpv4-sp/hard\libcr_c.a(fpprintf.o)
                              ./source/rfft.o (printf)
c:/nxp/mcuxpressoide_10.1.1_606/ide/tools/bin/../lib/gcc/arm-none-eabi/6.3.1/../../../../arm-none-eabi/lib/thumb/v7e-m/fpv4-sp/hard\libcr_c.a(fputs.o)
                              c:/nxp/mcuxpressoide_10.1.1_606/ide/tools/bin/../lib/gcc/arm-none-eabi/6.3.1/../../../../arm-none-eabi/lib/thumb/v7e-m/fpv4-sp/hard\libcr_semihost_nf.a(_cr_assert.o) (fputs)
c:/nxp/mcuxpressoide_10.1.1_606/ide/tools/bin/../lib/gcc/arm-none-eabi/6.3.1/../../../../arm-none-eabi/lib/thumb/v7e-m/fpv4-sp/hard\libcr_c.a(fseek.o)
                              c:/nxp/mcuxpressoide_10.1.1_606/ide/tools/bin/../lib/gcc/arm-none-eabi/6.3.1/../../../../arm-none-eabi/lib/thumb/v7e-m/fpv4-sp/hard\libcr_c.a(_deferredlazyseek.o) (fseek)
c:/nxp/mcuxpressoide_10.1.1_606/ide/tools/bin/../lib/gcc/arm-none-eabi/6.3.1/../../../../arm-none-eabi/lib/thumb/v7e-m/fpv4-sp/hard\libcr_c.a(ftell.o)
                              c:/nxp/mcuxpressoide_10.1.1_606/ide/tools/bin/../lib/gcc/arm-none-eabi/6.3.1/../../../../arm-none-eabi/lib/thumb/v7e-m/fpv4-sp/hard\libcr_c.a(fseek.o) (ftell)
[...]
Memory Configuration

Name             Origin             Length             Attributes
PROGRAM_FLASH    0x00000000         0x00100000         xr
SRAM_UPPER       0x20000000         0x00030000         xrw
SRAM_LOWER       0x1fff0000         0x00010000         xrw
FLEX_RAM         0x14000000         0x00001000         xrw
*default*        0x00000000         0xffffffff

Linker script and memory map

LOAD ./utilities/fsl_debug_console.o
LOAD ./utilities/fsl_io.o
LOAD ./utilities/fsl_log.o
LOAD ./utilities/fsl_str.o
LOAD ./startup/startup_mk64f12.o
LOAD ./source/data.o
LOAD ./source/math_helper.o
LOAD ./source/rfft.o
LOAD ./source/semihost_hardfault.o
LOAD ./drivers/fsl_clock.o
LOAD ./drivers/fsl_common.o
LOAD ./drivers/fsl_flash.o
LOAD ./drivers/fsl_gpio.o
LOAD ./drivers/fsl_sai.o
LOAD ./drivers/fsl_smc.o
LOAD ./drivers/fsl_uart.o
LOAD ./board/board.o
LOAD ./board/clock_config.o
LOAD ./board/peripherals.o
LOAD ./board/pin_mux.o
LOAD ./CMSIS/system_MK64F12.o
LOAD C:\Users\surya\mcuxpresso\01\SDKPackages\SDK_2.3.1_FRDM-K64F\CMSIS\Lib\GCC\libarm_cortexM4lf_math.a
START GROUP
LOAD c:/nxp/mcuxpressoide_10.1.1_606/ide/tools/bin/../lib/gcc/arm-none-eabi/6.3.1/../../../../arm-none-eabi/lib/thumb/v7e-m/fpv4-sp/hard\libcr_semihost_nf.a
LOAD c:/nxp/mcuxpressoide_10.1.1_606/ide/tools/bin/../lib/gcc/arm-none-eabi/6.3.1/../../../../arm-none-eabi/lib/thumb/v7e-m/fpv4-sp/hard\libcr_c.a
LOAD c:/nxp/mcuxpressoide_10.1.1_606/ide/tools/bin/../lib/gcc/arm-none-eabi/6.3.1/thumb/v7e-m/fpv4-sp/hard\libcr_eabihelpers.a
END GROUP
                0x00000000                __base_PROGRAM_FLASH = 0x0
                0x00000000                __base_Flash = 0x0
                0x00100000                __top_PROGRAM_FLASH = 0x100000
                0x00100000                __top_Flash = 0x100000
                0x20000000                __base_SRAM_UPPER = 0x20000000
                0x20000000                __base_RAM = 0x20000000
                0x20030000                __top_SRAM_UPPER = 0x20030000
                0x20030000                __top_RAM = 0x20030000
                0x1fff0000                __base_SRAM_LOWER = 0x1fff0000
                0x1fff0000                __base_RAM2 = 0x1fff0000
                0x20000000                __top_SRAM_LOWER = 0x20000000
                0x20000000                __top_RAM2 = 0x20000000
                0x14000000                __base_FLEX_RAM = 0x14000000
                0x14000000                __base_RAM3 = 0x14000000
                0x14001000                __top_FLEX_RAM = 0x14001000
                0x14001000                __top_RAM3 = 0x14001000

.text           0x00000000    0x1ca30
 FILL mask 0xff
                0x00000000                __vectors_start__ = ABSOLUTE (.)
 *(.isr_vector)
 .isr_vector    0x00000000      0x198 ./startup/startup_mk64f12.o
                0x00000000                g_pfnVectors
                0x00000000                __Vectors
                0x00000198                . = ALIGN (0x4)
                0x00000198                __section_table_start = .
                0x00000198                __data_section_table = .
                0x00000198        0x4 LONG 0x1ca30 LOADADDR (.data)
                0x0000019c        0x4 LONG 0x20000000 ADDR (.data)
                0x000001a0        0x4 LONG 0x10 SIZEOF (.data)
                0x000001a4        0x4 LONG 0x1ca30 LOADADDR (.data_RAM2)
                0x000001a8        0x4 LONG 0x1fff0000 ADDR (.data_RAM2)
                0x000001ac        0x4 LONG 0x0 SIZEOF (.data_RAM2)
                0x000001b0        0x4 LONG 0x1ca30 LOADADDR (.data_RAM3)
                0x000001b4        0x4 LONG 0x14000000 ADDR (.data_RAM3)
                0x000001b8        0x4 LONG 0x0 SIZEOF (.data_RAM3)
                0x000001bc                __data_section_table_end = .
                0x000001bc                __bss_section_table = .
                0x000001bc        0x4 LONG 0x20000010 ADDR (.bss)
                0x000001c0        0x4 LONG 0x198 SIZEOF (.bss)
                0x000001c4        0x4 LONG 0x1fff0000 ADDR (.bss_RAM2)
                0x000001c8        0x4 LONG 0x0 SIZEOF (.bss_RAM2)
                0x000001cc        0x4 LONG 0x14000000 ADDR (.bss_RAM3)
                0x000001d0        0x4 LONG 0x0 SIZEOF (.bss_RAM3)
                0x000001d4                __bss_section_table_end = .
                0x000001d4                __section_table_end = .
 *(.after_vectors*)
 .after_vectors
                0x000001d4       0x14 ./startup/startup_mk64f12.o
                0x000001d4                NMI_Handler
                0x000001d8                MemManage_Handler
                0x000001da                BusFault_Handler
                0x000001dc                UsageFault_Handler
                0x000001de                SVC_Handler
                0x000001e0                DebugMon_Handler
                0x000001e2                PendSV_Handler
                0x000001e4                SysTick_Handler
                0x000001e6                DMA_Error_DriverIRQHandler
                0x000001e6                LPTMR0_DriverIRQHandler
                0x000001e6                FTM1_DriverIRQHandler
                0x000001e6                FTM2_DriverIRQHandler
                0x000001e6                PIT2_DriverIRQHandler
                0x000001e6                SDHC_DriverIRQHandler
                0x000001e6                RTC_Seconds_DriverIRQHandler
                0x000001e6                DMA6_DriverIRQHandler
                0x000001e6                LLWU_DriverIRQHandler
                0x000001e6                MCM_DriverIRQHandler
                0x000001e6                MCG_DriverIRQHandler
                0x000001e6                ENET_1588_Timer_DriverIRQHandler
                0x000001e6                I2C2_DriverIRQHandler
                0x000001e6                DAC1_DriverIRQHandler
                0x000001e6                SPI1_DriverIRQHandler
                0x000001e6                CMP1_DriverIRQHandler
                0x000001e6                FTM0_DriverIRQHandler
                0x000001e6                IntDefaultHandler
                0x000001e6                USB0_DriverIRQHandler
                0x000001e6                UART5_ERR_DriverIRQHandler
                0x000001e6                PORTC_DriverIRQHandler
                0x000001e6                DMA11_DriverIRQHandler
                0x000001e6                DAC0_DriverIRQHandler
                0x000001e6                DMA10_DriverIRQHandler
                0x000001e6                CMP2_DriverIRQHandler
                0x000001e6                UART2_ERR_DriverIRQHandler
                0x000001e6                SPI2_DriverIRQHandler
                0x000001e6                LVD_LVW_DriverIRQHandler
                0x000001e6                PIT0_DriverIRQHandler
                0x000001e6                DMA12_DriverIRQHandler
                0x000001e6                DMA5_DriverIRQHandler
                0x000001e6                DMA4_DriverIRQHandler
                0x000001e6                USBDCD_DriverIRQHandler
                0x000001e6                UART3_ERR_DriverIRQHandler
                0x000001e6                DMA3_DriverIRQHandler
                0x000001e6                DMA8_DriverIRQHandler
                0x000001e6                DMA9_DriverIRQHandler
                0x000001e6                UART0_ERR_DriverIRQHandler
                0x000001e6                CMT_DriverIRQHandler
                0x000001e6                Reserved71_DriverIRQHandler
                0x000001e6                ADC1_DriverIRQHandler
                0x000001e6                PORTA_DriverIRQHandler
                0x000001e6                DMA14_DriverIRQHandler
                0x000001e6                PIT3_DriverIRQHandler
                0x000001e6                PIT1_DriverIRQHandler
                0x000001e6                WDOG_EWM_DriverIRQHandler
                0x000001e6                PDB0_DriverIRQHandler
                0x000001e6                RTC_DriverIRQHandler
                0x000001e6                Read_Collision_DriverIRQHandler
                0x000001e6                SWI_DriverIRQHandler
                0x000001e6                UART4_ERR_DriverIRQHandler
                0x000001e6                PORTB_DriverIRQHandler
                0x000001e6                UART0_LON_DriverIRQHandler
                0x000001e6                DMA0_DriverIRQHandler
                0x000001e6                DMA1_DriverIRQHandler
                0x000001e6                I2C1_DriverIRQHandler
                0x000001e6                ENET_Receive_DriverIRQHandler
                0x000001e6                DMA13_DriverIRQHandler
                0x000001e6                ENET_Error_DriverIRQHandler
                0x000001e6                DMA15_DriverIRQHandler
                0x000001e6                SPI0_DriverIRQHandler
                0x000001e6                ADC0_DriverIRQHandler
                0x000001e6                CMP0_DriverIRQHandler
                0x000001e6                CAN0_DriverIRQHandler
                0x000001e6                FTM3_DriverIRQHandler
                0x000001e6                RNG_DriverIRQHandler
                0x000001e6                UART1_ERR_DriverIRQHandler
                0x000001e6                DMA2_DriverIRQHandler
                0x000001e6                ENET_Transmit_DriverIRQHandler
                0x000001e6                PORTD_DriverIRQHandler
                0x000001e6                PORTE_DriverIRQHandler
                0x000001e6                FTFE_DriverIRQHandler
                0x000001e6                I2C0_DriverIRQHandler
                0x000001e6                DMA7_DriverIRQHandler
 .after_vectors.init_data
                0x000001e8       0x1e ./startup/startup_mk64f12.o
                0x000001e8                data_init
 .after_vectors.init_bss
                0x00000206       0x12 ./startup/startup_mk64f12.o
                0x00000206                bss_init
 .after_vectors.reset
                0x00000218       0x50 ./startup/startup_mk64f12.o
                0x00000218                ResetISR
                0x00000400                . = 0x400
 *fill*         0x00000268      0x198 ff
                0x00000400                PROVIDE (__FLASH_CONFIG_START__, .)
 *(.FlashConfig)
 .FlashConfig   0x00000400       0x10 ./startup/startup_mk64f12.o
                0x00000400                Flash_Config
                0x00000410                PROVIDE (__FLASH_CONFIG_END__, .)
                0x00000001                ASSERT (! ((__FLASH_CONFIG_START__ == __FLASH_CONFIG_END__)), Linker Flash Config Support Enabled, but no .FlashConfig section provided within application)
 *(.text*)
 .text          0x00000410       0x2c ./utilities/fsl_debug_console.o
                0x00000410                DbgConsole_Init
                0x0000042c                DbgConsole_Deinit
                0x00000438                DbgConsole_Flush
 .text          0x0000043c       0xcc ./utilities/fsl_io.o
                0x0000043c                IO_Init
                0x00000494                IO_Deinit
                0x000004b8                IO_WaitIdle
                0x000004d4                IO_Transfer
 .text          0x00000508      0x104 ./utilities/fsl_log.o
                0x00000508                LOG_Init
                0x00000528                LOG_Deinit
                0x0000052c                LOG_WaitIdle
                0x00000538                LOG_Push
                0x0000055c                LOG_Pop
                0x00000578                LOG_ReadLine
                0x000005e8                LOG_ReadCharacter
 .text          0x0000060c      0x2b0 ./startup/startup_mk64f12.o
                0x0000060c                DMA0_IRQHandler
                0x00000614                DMA1_IRQHandler
                0x0000061c                DMA2_IRQHandler
                0x00000624                DMA3_IRQHandler
                0x0000062c                DMA4_IRQHandler
                0x00000634                DMA5_IRQHandler
                0x0000063c                DMA6_IRQHandler
                0x00000644                DMA7_IRQHandler
                0x0000064c                DMA8_IRQHandler
                0x00000654                DMA9_IRQHandler
                0x0000065c                DMA10_IRQHandler
                0x00000664                DMA11_IRQHandler
                0x0000066c                DMA12_IRQHandler
                0x00000674                DMA13_IRQHandler
                0x0000067c                DMA14_IRQHandler
                0x00000684                DMA15_IRQHandler
                0x0000068c                DMA_Error_IRQHandler
                0x00000694                MCM_IRQHandler
                0x0000069c                FTFE_IRQHandler
                0x000006a4                Read_Collision_IRQHandler
                0x000006ac                LVD_LVW_IRQHandler
                0x000006b4                LLWU_IRQHandler
                0x000006bc                WDOG_EWM_IRQHandler
                0x000006c4                RNG_IRQHandler
                0x000006cc                I2C0_IRQHandler
                0x000006d4                I2C1_IRQHandler
                0x000006dc                SPI0_IRQHandler
                0x000006e4                SPI1_IRQHandler
                0x000006ec                I2S0_Tx_IRQHandler
                0x000006f4                I2S0_Rx_IRQHandler
                0x000006fc                UART0_LON_IRQHandler
                0x00000704                UART0_RX_TX_IRQHandler
                0x0000070c                UART0_ERR_IRQHandler
                0x00000714                UART1_RX_TX_IRQHandler
                0x0000071c                UART1_ERR_IRQHandler
                0x00000724                UART2_RX_TX_IRQHandler
                0x0000072c                UART2_ERR_IRQHandler
                0x00000734                UART3_RX_TX_IRQHandler
                0x0000073c                UART3_ERR_IRQHandler
                0x00000744                ADC0_IRQHandler
                0x0000074c                CMP0_IRQHandler
                0x00000754                CMP1_IRQHandler
                0x0000075c                FTM0_IRQHandler
                0x00000764                FTM1_IRQHandler
                0x0000076c                FTM2_IRQHandler
                0x00000774                CMT_IRQHandler
                0x0000077c                RTC_IRQHandler
                0x00000784                RTC_Seconds_IRQHandler
                0x0000078c                PIT0_IRQHandler
                0x00000794                PIT1_IRQHandler
                0x0000079c                PIT2_IRQHandler
                0x000007a4                PIT3_IRQHandler
                0x000007ac                PDB0_IRQHandler
                0x000007b4                USB0_IRQHandler
                0x000007bc                USBDCD_IRQHandler
                0x000007c4                Reserved71_IRQHandler
                0x000007cc                DAC0_IRQHandler
                0x000007d4                MCG_IRQHandler
                0x000007dc                LPTMR0_IRQHandler
                0x000007e4                PORTA_IRQHandler
                0x000007ec                PORTB_IRQHandler
                0x000007f4                PORTC_IRQHandler
                0x000007fc                PORTD_IRQHandler
                0x00000804                PORTE_IRQHandler
                0x0000080c                SWI_IRQHandler
                0x00000814                SPI2_IRQHandler
                0x0000081c                UART4_RX_TX_IRQHandler
                0x00000824                UART4_ERR_IRQHandler
                0x0000082c                UART5_RX_TX_IRQHandler
                0x00000834                UART5_ERR_IRQHandler
                0x0000083c                CMP2_IRQHandler
                0x00000844                FTM3_IRQHandler
                0x0000084c                DAC1_IRQHandler
                0x00000854                ADC1_IRQHandler
                0x0000085c                I2C2_IRQHandler
                0x00000864                CAN0_Wake_Up_IRQHandler
                0x0000086c                CAN0_Rx_Warning_IRQHandler
                0x00000874                CAN0_Tx_Warning_IRQHandler
                0x0000087c                CAN0_Error_IRQHandler
                0x00000884                CAN0_Bus_Off_IRQHandler
                0x0000088c                CAN0_ORed_Message_buffer_IRQHandler
                0x00000894                SDHC_IRQHandler
                0x0000089c                ENET_1588_Timer_IRQHandler
                0x000008a4                ENET_Transmit_IRQHandler
                0x000008ac                ENET_Receive_IRQHandler
                0x000008b4                ENET_Error_IRQHandler
 .text          0x000008bc       0x24 ./source/rfft.o
                0x000008bc                SAI_UserCallback
 .text.startup  0x000008e0      0x134 ./source/rfft.o
                0x000008e0                main
 .text          0x00000a14       0x28 ./source/semihost_hardfault.o
                0x00000a14                HardFault_Handler
 .text          0x00000a3c     0x1c18 ./drivers/fsl_clock.o
                0x00000a3c                CLOCK_FllStableDelay
                0x00000af0                CLOCK_GetOsc0ErClkFreq
                0x00000b18                CLOCK_GetEr32kClkFreq
                0x00000b78                CLOCK_GetPllFllSelClkFreq
                0x00000c58                CLOCK_GetPlatClkFreq
                0x00000d84                CLOCK_GetFlashClkFreq
                0x00000eb0                CLOCK_GetFlexBusClkFreq
                0x00000fdc                CLOCK_GetBusClkFreq
                0x00001108                CLOCK_GetCoreSysClkFreq
                0x00001234                CLOCK_SetSimConfig
                0x00001274                CLOCK_EnableUsbfs0Clock
                0x0000134c                CLOCK_GetOutClkFreq
                0x00001460                CLOCK_GetFreq
                0x00001678                CLOCK_GetFllFreq
                0x000016c8                CLOCK_GetInternalRefClkFreq
                0x000016f4                CLOCK_GetFixedFreqClkFreq
                0x000018ac                CLOCK_GetPll0Freq
                0x00001924                CLOCK_SetExternalRefClkConfig
                0x00001960                CLOCK_SetInternalRefClkConfig
                0x000019e4                CLOCK_CalcPllDiv
                0x00001ab0                CLOCK_EnablePll0
                0x00001af0                CLOCK_SetOsc0MonitorMode
                0x00001b28                CLOCK_SetRtcOscMonitorMode
                0x00001b48                CLOCK_SetPll0MonitorMode
                0x00001b80                CLOCK_GetStatusFlags
                0x00001bb8                CLOCK_ClearStatusFlags
                0x00001be4                CLOCK_InitOsc0
                0x00001c50                CLOCK_DeinitOsc0
                0x00001c6c                CLOCK_TrimInternalRefClk
                0x00001d1c                CLOCK_GetMode
                0x00001d70                CLOCK_SetFeiMode
                0x00001dd0                CLOCK_SetFeeMode
                0x00001e5c                CLOCK_SetFbiMode
                0x00001ec4                CLOCK_SetFbeMode
                0x00001f48                CLOCK_SetBlpiMode
                0x00001f5c                CLOCK_SetBlpeMode
                0x00001f70                CLOCK_SetPbeMode
                0x00001ff4                CLOCK_SetPeeMode
                0x00002010                CLOCK_ExternalModeToFbeModeQuick
                0x00002048                CLOCK_InternalModeToFbiModeQuick
                0x00002070                CLOCK_BootToFeiMode
                0x000020d0                CLOCK_BootToFeeMode
                0x00002120                CLOCK_BootToBlpiMode
                0x00002154                CLOCK_BootToBlpeMode
                0x000021c8                CLOCK_BootToPeeMode
                0x0000222c                CLOCK_SetMcgConfig
 .text          0x00002654     0x141c ./drivers/fsl_flash.o
                0x000027b0                FLASH_Init
                0x00002864                FLASH_PrepareExecuteInRamFunctions
                0x000028b4                FLASH_EraseAll
                0x00002954                FLASH_Erase
                0x00002ac0                FLASH_EraseAllExecuteOnlySegments
                0x00002b60                FLASH_Program
                0x00002cc8                FLASH_ProgramOnce
                0x00002d78                FLASH_ProgramSection
                0x00002f54                FLASH_ReadResource
                0x00002f6c                FLASH_ReadOnce
                0x00002fe8                FLASH_GetSecurityState
                0x00003028                FLASH_SecurityBypass
                0x000030c8                FLASH_VerifyEraseAll
                0x00003128                FLASH_VerifyErase
                0x0000328c                FLASH_VerifyProgram
                0x000033d4                FLASH_VerifyEraseAllExecuteOnlySegments
                0x00003434                FLASH_IsProtected
                0x00003564                FLASH_IsExecuteOnly
                0x0000359c                FLASH_GetProperty
                0x00003610                FLASH_SetProperty
                0x00003620                FLASH_SwapControl
                0x000036d0                FLASH_Swap
                0x00003940                FLASH_PflashSetProtection
                0x00003960                FLASH_PflashGetProtection
                0x00003978                FLASH_PflashSetPrefetchSpeculation
                0x000039c4                FLASH_PflashGetPrefetchSpeculation
                0x000039e8                fmc_flash_cache_clear
                0x00003a0c                fmc_flash_prefetch_speculation_clear
                0x00003a30                flash_cache_clear
 .text          0x00003a70     0x11ac ./drivers/fsl_sai.o
                0x00003a70                SAI_TransferRxHandleIRQ
                0x00003c40                SAI_TransferTxHandleIRQ
                0x00003de8                SAI_GetInstance
                0x00003e04                SAI_TxInit
                0x00003f38                SAI_RxInit
                0x000040ac                SAI_Deinit
                0x00004100                SAI_TxGetDefaultConfig
                0x00004114                SAI_RxGetDefaultConfig
                0x00004128                SAI_TxReset
                0x00004144                SAI_RxReset
                0x00004170                SAI_TxEnable
                0x000041c8                SAI_RxEnable
                0x00004228                SAI_TxSoftwareReset
                0x00004238                SAI_RxSoftwareReset
                0x00004250                SAI_TxSetChannelFIFOMask
                0x00004268                SAI_RxSetChannelFIFOMask
                0x00004288                SAI_TxSetFormat
                0x00004440                SAI_RxSetFormat
                0x0000461c                SAI_WriteBlocking
                0x00004694                SAI_ReadBlocking
                0x00004718                SAI_TransferTxCreateHandle
                0x00004770                SAI_TransferRxCreateHandle
                0x000047c8                SAI_TransferTxSetFormat
                0x00004804                SAI_TransferRxSetFormat
                0x00004840                SAI_TransferSendNonBlocking
                0x000048e0                SAI_TransferReceiveNonBlocking
                0x00004988                SAI_TransferGetSendCount
                0x000049b8                SAI_TransferGetReceiveCount
                0x000049e8                SAI_TransferAbortSend
                0x00004a38                SAI_TransferAbortReceive
                0x00004a90                SAI_TransferTerminateSend
                0x00004af0                SAI_TransferTerminateReceive
                0x00004b54                I2S0_DriverIRQ
                0x00004bcc                I2S0_Tx_DriverIRQHandler
                0x00004bf4                I2S0_Rx_DriverIRQHandler
 .text          0x00004c1c      0x1ec ./drivers/fsl_smc.o
                0x00004c1c                SMC_PreEnterStopModes
                0x00004c4c                SMC_PostExitStopModes
                0x00004c78                SMC_PreEnterWaitModes
                0x00004c8c                SMC_PostExitWaitModes
                0x00004ca0                SMC_SetPowerModeRun
                0x00004cb0                SMC_SetPowerModeWait
                0x00004ccc                SMC_SetPowerModeStop
                0x00004d00                SMC_SetPowerModeVlpr
                0x00004d20                SMC_SetPowerModeVlpw
                0x00004d3c                SMC_SetPowerModeVlps
                0x00004d74                SMC_SetPowerModeLls
                0x00004dac                SMC_SetPowerModeVlls
 .text          0x00004e08      0xfb4 ./drivers/fsl_uart.o
                0x00004e08                UART_TransferHandleIRQ
                0x000052bc                UART_GetInstance
                0x00005314                UART_TransferGetRxRingBufferLength
                0x00005348                UART_Init
                0x00005514                UART_Deinit
                0x0000559c                UART_GetDefaultConfig
                0x000055c4                UART_SetBaudRate
                0x00005654                UART_EnableInterrupts
                0x00005684                UART_DisableInterrupts
                0x000056b0                UART_GetEnabledInterrupts
                0x000056d4                UART_GetStatusFlags
                0x000056ec                UART_ClearStatusFlags
                0x0000573c                UART_WriteBlocking
                0x00005754                UART_ReadBlocking
                0x000057b8                UART_TransferCreateHandle
                0x00005874                UART_TransferStartRingBuffer
                0x000058d8                UART_TransferStopRingBuffer
                0x00005938                UART_TransferSendNonBlocking
                0x000059a8                UART_TransferAbortSend
                0x000059dc                UART_TransferGetSendCount
                0x00005a0c                UART_TransferReceiveNonBlocking
                0x00005bc0                UART_TransferAbortReceive
                0x00005c1c                UART_TransferGetReceiveCount
                0x00005c50                UART_TransferHandleErrorIRQ
                0x00005c54                UART0_DriverIRQHandler
                0x00005c70                UART0_RX_TX_DriverIRQHandler
                0x00005c90                UART1_DriverIRQHandler
                0x00005cac                UART1_RX_TX_DriverIRQHandler
                0x00005ccc                UART2_DriverIRQHandler
                0x00005ce8                UART2_RX_TX_DriverIRQHandler
                0x00005d08                UART3_DriverIRQHandler
                0x00005d24                UART3_RX_TX_DriverIRQHandler
                0x00005d44                UART4_DriverIRQHandler
                0x00005d60                UART4_RX_TX_DriverIRQHandler
                0x00005d80                UART5_DriverIRQHandler
                0x00005d9c                UART5_RX_TX_DriverIRQHandler
 .text          0x00005dbc       0x1c ./board/board.o
                0x00005dbc                BOARD_InitDebugConsole
 .text          0x00005dd8      0x120 ./board/clock_config.o
                0x00005dd8                BOARD_InitBootClocks
                0x00005e40                BOARD_BootClockRUN
                0x00005ea8                BOARD_BootClockVLPR
 .text          0x00005ef8        0x4 ./board/peripherals.o
                0x00005ef8                BOARD_InitBootPeripherals
 .text          0x00005efc       0xf0 ./board/pin_mux.o
                0x00005efc                BOARD_InitBootPins
                0x00005f74                BOARD_InitPins
 .text          0x00005fec      0x1dc ./CMSIS/system_MK64F12.o
                0x00005fec                SystemCoreClockUpdate
                0x00006190                SystemInitHook
                0x00006194                SystemInit
 .text.arm_fill_f32
                0x000061c8       0x3c C:\Users\surya\mcuxpresso\01\SDKPackages\SDK_2.3.1_FRDM-K64F\CMSIS\Lib\GCC\libarm_cortexM4lf_math.a(arm_fill_f32.o)
                0x000061c8                arm_fill_f32
 .text.arm_rfft_fast_init_f32
                0x00006204      0x104 C:\Users\surya\mcuxpresso\01\SDKPackages\SDK_2.3.1_FRDM-K64F\CMSIS\Lib\GCC\libarm_cortexM4lf_math.a(arm_rfft_fast_init_f32.o)
                0x00006204                arm_rfft_fast_init_f32
 .text.__main   0x00006308        0xe c:/nxp/mcuxpressoide_10.1.1_606/ide/tools/bin/../lib/gcc/arm-none-eabi/6.3.1/../../../../arm-none-eabi/lib/thumb/v7e-m/fpv4-sp/hard\libcr_semihost_nf.a(_cr__main.o)
                0x00006308                __CR_SEMIHOST
                0x00006308                __main
 *fill*         0x00006316        0x2 ff
 .text.__assertion_failed
                0x00006318       0x4c c:/nxp/mcuxpressoide_10.1.1_606/ide/tools/bin/../lib/gcc/arm-none-eabi/6.3.1/../../../../arm-none-eabi/lib/thumb/v7e-m/fpv4-sp/hard\libcr_semihost_nf.a(_cr_assert.o)
                0x00006318                __assertion_failed
 .text.__sys_appexit
                0x00006364        0xc c:/nxp/mcuxpressoide_10.1.1_606/ide/tools/bin/../lib/gcc/arm-none-eabi/6.3.1/../../../../arm-none-eabi/lib/thumb/v7e-m/fpv4-sp/hard\libcr_semihost_nf.a(__sys_appexit.o)
                0x00006364                __sys_appexit
                0x00006364                __exit
 .text.memcpy   0x00006370        0x4 c:/nxp/mcuxpressoide_10.1.1_606/ide/tools/bin/../lib/gcc/arm-none-eabi/6.3.1/../../../../arm-none-eabi/lib/thumb/v7e-m/fpv4-sp/hard\libcr_c.a(memcpy.o)
                0x00006370                memcpy
 .text.memset   0x00006374        0x4 c:/nxp/mcuxpressoide_10.1.1_606/ide/tools/bin/../lib/gcc/arm-none-eabi/6.3.1/../../../../arm-none-eabi/lib/thumb/v7e-m/fpv4-sp/hard\libcr_c.a(memset.o)
                0x00006374                memset
 .text._deferredlazyseek
                0x00006378       0x40 c:/nxp/mcuxpressoide_10.1.1_606/ide/tools/bin/../lib/gcc/arm-none-eabi/6.3.1/../../../../arm-none-eabi/lib/thumb/v7e-m/fpv4-sp/hard\libcr_c.a(_deferredlazyseek.o)
                0x00006378                _deferredlazyseek
 .text.__flsbuf
                0x000063b8      0x148 c:/nxp/mcuxpressoide_10.1.1_606/ide/tools/bin/../lib/gcc/arm-none-eabi/6.3.1/../../../../arm-none-eabi/lib/thumb/v7e-m/fpv4-sp/hard\libcr_c.a(_deferredlazyseek.o)
                0x000063b8                __flsbuf
 .text._fflush  0x00006500       0x54 c:/nxp/mcuxpressoide_10.1.1_606/ide/tools/bin/../lib/gcc/arm-none-eabi/6.3.1/../../../../arm-none-eabi/lib/thumb/v7e-m/fpv4-sp/hard\libcr_c.a(_fflush.o)
                0x00006500                _fflush
 .text._Cwritebuf
                0x00006554       0x6c c:/nxp/mcuxpressoide_10.1.1_606/ide/tools/bin/../lib/gcc/arm-none-eabi/6.3.1/../../../../arm-none-eabi/lib/thumb/v7e-m/fpv4-sp/hard\libcr_c.a(_writebuf.o)
                0x00006554                _Cwritebuf
 .text.malloc   0x000065c0       0xc4 c:/nxp/mcuxpressoide_10.1.1_606/ide/tools/bin/../lib/gcc/arm-none-eabi/6.3.1/../../../../arm-none-eabi/lib/thumb/v7e-m/fpv4-sp/hard\libcr_c.a(alloc.o)
                0x000065c0                malloc
 .text.free     0x00006684       0x30 c:/nxp/mcuxpressoide_10.1.1_606/ide/tools/bin/../lib/gcc/arm-none-eabi/6.3.1/../../../../arm-none-eabi/lib/thumb/v7e-m/fpv4-sp/hard\libcr_c.a(alloc.o)
                0x00006684                free
 .text._Csys_alloc
                0x000066b4       0x20 c:/nxp/mcuxpressoide_10.1.1_606/ide/tools/bin/../lib/gcc/arm-none-eabi/6.3.1/../../../../arm-none-eabi/lib/thumb/v7e-m/fpv4-sp/hard\libcr_c.a(alloc.o)
                0x000066b4                _Csys_alloc
 .text.fp_round
                0x000066d4       0x4e c:/nxp/mcuxpressoide_10.1.1_606/ide/tools/bin/../lib/gcc/arm-none-eabi/6.3.1/../../../../arm-none-eabi/lib/thumb/v7e-m/fpv4-sp/hard\libcr_c.a(fpprintf.o)
 .text.pr_dec.constprop.1
                0x00006722       0x26 c:/nxp/mcuxpressoide_10.1.1_606/ide/tools/bin/../lib/gcc/arm-none-eabi/6.3.1/../../../../arm-none-eabi/lib/thumb/v7e-m/fpv4-sp/hard\libcr_c.a(fpprintf.o)
 .text.sprintf  0x00006748       0x6c c:/nxp/mcuxpressoide_10.1.1_606/ide/tools/bin/../lib/gcc/arm-none-eabi/6.3.1/../../../../arm-none-eabi/lib/thumb/v7e-m/fpv4-sp/hard\libcr_c.a(fpprintf.o)
                0x00006748                sprintf
 *fill*         0x000067b4        0x4 ff
 .text.fp_display
                0x000067b8      0x96c c:/nxp/mcuxpressoide_10.1.1_606/ide/tools/bin/../lib/gcc/arm-none-eabi/6.3.1/../../../../arm-none-eabi/lib/thumb/v7e-m/fpv4-sp/hard\libcr_c.a(fpprintf.o)
 .text.vsnprintf
                0x00007124       0x5c c:/nxp/mcuxpressoide_10.1.1_606/ide/tools/bin/../lib/gcc/arm-none-eabi/6.3.1/../../../../arm-none-eabi/lib/thumb/v7e-m/fpv4-sp/hard\libcr_c.a(fpprintf.o)
                0x00007124                vsnprintf
 .text.printf   0x00007180       0x54 c:/nxp/mcuxpressoide_10.1.1_606/ide/tools/bin/../lib/gcc/arm-none-eabi/6.3.1/../../../../arm-none-eabi/lib/thumb/v7e-m/fpv4-sp/hard\libcr_c.a(fpprintf.o)
                0x00007180                printf
 .text.fputs    0x000071d4       0x2c c:/nxp/mcuxpressoide_10.1.1_606/ide/tools/bin/../lib/gcc/arm-none-eabi/6.3.1/../../../../arm-none-eabi/lib/thumb/v7e-m/fpv4-sp/hard\libcr_c.a(fputs.o)
                0x000071d4                fputs
 .text.fseek    0x00007200      0x100 c:/nxp/mcuxpressoide_10.1.1_606/ide/tools/bin/../lib/gcc/arm-none-eabi/6.3.1/../../../../arm-none-eabi/lib/thumb/v7e-m/fpv4-sp/hard\libcr_c.a(fseek.o)
                0x00007200                fseek
 .text.ftell    0x00007300       0x48 c:/nxp/mcuxpressoide_10.1.1_606/ide/tools/bin/../lib/gcc/arm-none-eabi/6.3.1/../../../../arm-none-eabi/lib/thumb/v7e-m/fpv4-sp/hard\libcr_c.a(ftell.o)
                0x00007300                ftell
 .text._initio  0x00007348       0x78 c:/nxp/mcuxpressoide_10.1.1_606/ide/tools/bin/../lib/gcc/arm-none-eabi/6.3.1/../../../../arm-none-eabi/lib/thumb/v7e-m/fpv4-sp/hard\libcr_c.a(initio.o)
                0x00007348                _initio
 .text.__vfprintf
                0x000073c0      0xb7c c:/nxp/mcuxpressoide_10.1.1_606/ide/tools/bin/../lib/gcc/arm-none-eabi/6.3.1/../../../../arm-none-eabi/lib/thumb/v7e-m/fpv4-sp/hard\libcr_c.a(printf.o)
                0x000073c0                __vfprintf
 .text.puts     0x00007f3c       0x34 c:/nxp/mcuxpressoide_10.1.1_606/ide/tools/bin/../lib/gcc/arm-none-eabi/6.3.1/../../../../arm-none-eabi/lib/thumb/v7e-m/fpv4-sp/hard\libcr_c.a(puts.o)
                0x00007f3c                puts
 .text.setvbuf  0x00007f70       0x40 c:/nxp/mcuxpressoide_10.1.1_606/ide/tools/bin/../lib/gcc/arm-none-eabi/6.3.1/../../../../arm-none-eabi/lib/thumb/v7e-m/fpv4-sp/hard\libcr_c.a(setvbuf.o)
                0x00007f70                setvbuf
 .text.strlen   0x00007fb0       0x4a c:/nxp/mcuxpressoide_10.1.1_606/ide/tools/bin/../lib/gcc/arm-none-eabi/6.3.1/../../../../arm-none-eabi/lib/thumb/v7e-m/fpv4-sp/hard\libcr_c.a(strlen.o)
                0x00007fb0                strlen
 *fill*         0x00007ffa        0x2 ff
 .text._sbrk    0x00007ffc       0x3c c:/nxp/mcuxpressoide_10.1.1_606/ide/tools/bin/../lib/gcc/arm-none-eabi/6.3.1/../../../../arm-none-eabi/lib/thumb/v7e-m/fpv4-sp/hard\libcr_c.a(_cr_sbrk.o)
                0x00007ffc                _sbrk
 .text._fdopen  0x00008038       0x68 c:/nxp/mcuxpressoide_10.1.1_606/ide/tools/bin/../lib/gcc/arm-none-eabi/6.3.1/../../../../arm-none-eabi/lib/thumb/v7e-m/fpv4-sp/hard\libcr_c.a(_fdopen.o)
                0x00008038                _fdopen
 .text._frexpl  0x000080a0       0x70 c:/nxp/mcuxpressoide_10.1.1_606/ide/tools/bin/../lib/gcc/arm-none-eabi/6.3.1/../../../../arm-none-eabi/lib/thumb/v7e-m/fpv4-sp/hard\libcr_c.a(_frexpl.o)
                0x000080a0                _frexpl
 .text._ldexpl  0x00008110       0x58 c:/nxp/mcuxpressoide_10.1.1_606/ide/tools/bin/../lib/gcc/arm-none-eabi/6.3.1/../../../../arm-none-eabi/lib/thumb/v7e-m/fpv4-sp/hard\libcr_c.a(_ldexpl.o)
                0x00008110                _ldexpl
 .text.fclose   0x00008168       0x58 c:/nxp/mcuxpressoide_10.1.1_606/ide/tools/bin/../lib/gcc/arm-none-eabi/6.3.1/../../../../arm-none-eabi/lib/thumb/v7e-m/fpv4-sp/hard\libcr_c.a(fclose.o)
                0x00008168                fclose
 .text.fflush   0x000081c0       0x44 c:/nxp/mcuxpressoide_10.1.1_606/ide/tools/bin/../lib/gcc/arm-none-eabi/6.3.1/../../../../arm-none-eabi/lib/thumb/v7e-m/fpv4-sp/hard\libcr_c.a(fflush.o)
                0x000081c0                fflush
 .text.remove   0x00008204       0x14 c:/nxp/mcuxpressoide_10.1.1_606/ide/tools/bin/../lib/gcc/arm-none-eabi/6.3.1/../../../../arm-none-eabi/lib/thumb/v7e-m/fpv4-sp/hard\libcr_c.a(remove.o)
                0x00008204                remove
 .text.__check_heap_overflow
                0x00008218       0x18 c:/nxp/mcuxpressoide_10.1.1_606/ide/tools/bin/../lib/gcc/arm-none-eabi/6.3.1/../../../../arm-none-eabi/lib/thumb/v7e-m/fpv4-sp/hard\libcr_c.a(_cr_check_heap.o)
                0x00008218                __check_heap_overflow
 .text._do_fflush
                0x00008230       0x40 c:/nxp/mcuxpressoide_10.1.1_606/ide/tools/bin/../lib/gcc/arm-none-eabi/6.3.1/../../../../arm-none-eabi/lib/thumb/v7e-m/fpv4-sp/hard\libcr_c.a(_do_fflush.o)
                0x00008230                _do_fflush
 .text.__aeabi_dmul
                0x00008270      0x118 c:/nxp/mcuxpressoide_10.1.1_606/ide/tools/bin/../lib/gcc/arm-none-eabi/6.3.1/thumb/v7e-m/fpv4-sp/hard\libcr_eabihelpers.a(double.o)
                0x00008270                __aeabi_dmul
 .text.__aeabi_ddiv
                0x00008388      0x13c c:/nxp/mcuxpressoide_10.1.1_606/ide/tools/bin/../lib/gcc/arm-none-eabi/6.3.1/thumb/v7e-m/fpv4-sp/hard\libcr_eabihelpers.a(double.o)
                0x00008388                __aeabi_ddiv
 .text.__aeabi_dsub
                0x000084c4      0x1cc c:/nxp/mcuxpressoide_10.1.1_606/ide/tools/bin/../lib/gcc/arm-none-eabi/6.3.1/thumb/v7e-m/fpv4-sp/hard\libcr_eabihelpers.a(double.o)
                0x000084c4                __aeabi_dsub
 .text.__aeabi_dadd
                0x00008690      0x114 c:/nxp/mcuxpressoide_10.1.1_606/ide/tools/bin/../lib/gcc/arm-none-eabi/6.3.1/thumb/v7e-m/fpv4-sp/hard\libcr_eabihelpers.a(double.o)
                0x00008690                __aeabi_dadd
 .text.__aeabi_d2iz
                0x000087a4       0x40 c:/nxp/mcuxpressoide_10.1.1_606/ide/tools/bin/../lib/gcc/arm-none-eabi/6.3.1/thumb/v7e-m/fpv4-sp/hard\libcr_eabihelpers.a(double.o)
                0x000087a4                __aeabi_d2iz
 .text.__bhs_ui2d
                0x000087e4       0x46 c:/nxp/mcuxpressoide_10.1.1_606/ide/tools/bin/../lib/gcc/arm-none-eabi/6.3.1/thumb/v7e-m/fpv4-sp/hard\libcr_eabihelpers.a(double.o)
                0x000087e4                __bhs_ui2d
 .text.__aeabi_i2d
                0x0000882a       0x12 c:/nxp/mcuxpressoide_10.1.1_606/ide/tools/bin/../lib/gcc/arm-none-eabi/6.3.1/thumb/v7e-m/fpv4-sp/hard\libcr_eabihelpers.a(double.o)
                0x0000882a                __aeabi_i2d
 .text.__aeabi_dcmpeq
                0x0000883c       0x30 c:/nxp/mcuxpressoide_10.1.1_606/ide/tools/bin/../lib/gcc/arm-none-eabi/6.3.1/thumb/v7e-m/fpv4-sp/hard\libcr_eabihelpers.a(double.o)
                0x0000883c                __aeabi_dcmpeq
 .text.__aeabi_dcmplt
                0x0000886c       0x58 c:/nxp/mcuxpressoide_10.1.1_606/ide/tools/bin/../lib/gcc/arm-none-eabi/6.3.1/thumb/v7e-m/fpv4-sp/hard\libcr_eabihelpers.a(double.o)
                0x0000886c                __aeabi_dcmplt
 .text.__aeabi_dcmple
                0x000088c4       0x54 c:/nxp/mcuxpressoide_10.1.1_606/ide/tools/bin/../lib/gcc/arm-none-eabi/6.3.1/thumb/v7e-m/fpv4-sp/hard\libcr_eabihelpers.a(double.o)
                0x000088c4                __aeabi_dcmple
 .text.__aeabi_dcmpge
                0x00008918       0x54 c:/nxp/mcuxpressoide_10.1.1_606/ide/tools/bin/../lib/gcc/arm-none-eabi/6.3.1/thumb/v7e-m/fpv4-sp/hard\libcr_eabihelpers.a(double.o)
                0x00008918                __aeabi_dcmpge
 .text.__aeabi_memcpy
                0x0000896c       0x34 c:/nxp/mcuxpressoide_10.1.1_606/ide/tools/bin/../lib/gcc/arm-none-eabi/6.3.1/thumb/v7e-m/fpv4-sp/hard\libcr_eabihelpers.a(memcpy.o)
                0x0000896c                __aeabi_memcpy
                0x00008976                __aeabi_memcpy8
                0x00008976                __aeabi_memcpy4
 .text.__aeabi_memset_lowlevel
                0x000089a0       0x32 c:/nxp/mcuxpressoide_10.1.1_606/ide/tools/bin/../lib/gcc/arm-none-eabi/6.3.1/thumb/v7e-m/fpv4-sp/hard\libcr_eabihelpers.a(memcpy.o)
                0x000089a0                __aeabi_lowlevel_memset
 .text.__sys_close
                0x000089d2        0xc c:/nxp/mcuxpressoide_10.1.1_606/ide/tools/bin/../lib/gcc/arm-none-eabi/6.3.1/../../../../arm-none-eabi/lib/thumb/v7e-m/fpv4-sp/hard\libcr_semihost_nf.a(__sys_close.o)
                0x000089d2                __sys_close
 .text.__sys_flen
                0x000089de        0xc c:/nxp/mcuxpressoide_10.1.1_606/ide/tools/bin/../lib/gcc/arm-none-eabi/6.3.1/../../../../arm-none-eabi/lib/thumb/v7e-m/fpv4-sp/hard\libcr_semihost_nf.a(__sys_flen.o)
                0x000089de                __sys_flen
 .text.__sys_istty
                0x000089ea        0xc c:/nxp/mcuxpressoide_10.1.1_606/ide/tools/bin/../lib/gcc/arm-none-eabi/6.3.1/../../../../arm-none-eabi/lib/thumb/v7e-m/fpv4-sp/hard\libcr_semihost_nf.a(__sys_istty.o)
                0x000089ea                __sys_istty
 .text.__sys_remove
                0x000089f6        0xc c:/nxp/mcuxpressoide_10.1.1_606/ide/tools/bin/../lib/gcc/arm-none-eabi/6.3.1/../../../../arm-none-eabi/lib/thumb/v7e-m/fpv4-sp/hard\libcr_semihost_nf.a(__sys_remove.o)
                0x000089f6                __sys_remove
 .text.__sys_seek
                0x00008a02        0xc c:/nxp/mcuxpressoide_10.1.1_606/ide/tools/bin/../lib/gcc/arm-none-eabi/6.3.1/../../../../arm-none-eabi/lib/thumb/v7e-m/fpv4-sp/hard\libcr_semihost_nf.a(__sys_seek.o)
                0x00008a02                __sys_seek
 .text.__sys_tmpnam
                0x00008a0e        0xc c:/nxp/mcuxpressoide_10.1.1_606/ide/tools/bin/../lib/gcc/arm-none-eabi/6.3.1/../../../../arm-none-eabi/lib/thumb/v7e-m/fpv4-sp/hard\libcr_semihost_nf.a(__sys_tmpnam.o)
                0x00008a0e                __sys_tmpnam
 .text.__sys_write
                0x00008a1a        0xc c:/nxp/mcuxpressoide_10.1.1_606/ide/tools/bin/../lib/gcc/arm-none-eabi/6.3.1/../../../../arm-none-eabi/lib/thumb/v7e-m/fpv4-sp/hard\libcr_semihost_nf.a(__sys_write.o)
                0x00008a1a                __sys_write
 *(.rodata .rodata.* .constdata .constdata.*)
 *fill*         0x00008a26        0x2 ff
 .rodata.str1.4
                0x00008a28       0x50 ./utilities/fsl_debug_console.o
 .rodata.str1.4
                0x00008a78       0x27 ./utilities/fsl_io.o
 *fill*         0x00008a9f        0x1 ff
 .rodata.str1.4
                0x00008aa0       0x80 ./utilities/fsl_log.o
 .rodata.str1.4
                0x00008b20       0x17 ./source/rfft.o
 *fill*         0x00008b37        0x1 ff
 .rodata        0x00008b38       0x60 ./drivers/fsl_clock.o
 .rodata.str1.4
                0x00008b98      0x149 ./drivers/fsl_clock.o
 *fill*         0x00008ce1        0x3 ff
 .rodata        0x00008ce4       0x50 ./drivers/fsl_flash.o
                0x00008ce4                kPFlashDensities
                0x00008d2c                kFPROTL
                0x00008d30                kFCCOBx
 .rodata.str1.4
                0x00008d34      0x2b2 ./drivers/fsl_sai.o
 *fill*         0x00008fe6        0x2 ff
 .rodata        0x00008fe8        0x2 ./drivers/fsl_smc.o
 *fill*         0x00008fea        0x2 ff
 .rodata        0x00008fec       0x1e ./drivers/fsl_uart.o
 *fill*         0x0000900a        0x2 ff
 .rodata.str1.4
                0x0000900c      0x4f0 ./drivers/fsl_uart.o
                                0x4ee (size before relaxing)
 .rodata        0x000094fc       0x37 ./board/clock_config.o
                0x000094fc                oscConfig_BOARD_BootClockRUN
                0x00009504                mcgConfig_BOARD_BootClockRUN
                0x00009510                simConfig_BOARD_BootClockRUN
                0x00009518                simConfig_BOARD_BootClockVLPR
                0x00009520                oscConfig_BOARD_BootClockVLPR
                0x00009528                mcgConfig_BOARD_BootClockVLPR
 *fill*         0x00009533        0x1 ff
 .rodata.twiddleCoef_2048
                0x00009534     0x4000 C:\Users\surya\mcuxpresso\01\SDKPackages\SDK_2.3.1_FRDM-K64F\CMSIS\Lib\GCC\libarm_cortexM4lf_math.a(arm_common_tables.o)
                0x00009534                twiddleCoef_2048
 .rodata.twiddleCoef_rfft_64
                0x0000d534      0x100 C:\Users\surya\mcuxpresso\01\SDKPackages\SDK_2.3.1_FRDM-K64F\CMSIS\Lib\GCC\libarm_cortexM4lf_math.a(arm_common_tables.o)
                0x0000d534                twiddleCoef_rfft_64
 .rodata.armBitRevIndexTable64
                0x0000d634       0x70 C:\Users\surya\mcuxpresso\01\SDKPackages\SDK_2.3.1_FRDM-K64F\CMSIS\Lib\GCC\libarm_cortexM4lf_math.a(arm_common_tables.o)
                0x0000d634                armBitRevIndexTable64
 .rodata.twiddleCoef_rfft_2048
                0x0000d6a4     0x2000 C:\Users\surya\mcuxpresso\01\SDKPackages\SDK_2.3.1_FRDM-K64F\CMSIS\Lib\GCC\libarm_cortexM4lf_math.a(arm_common_tables.o)
                0x0000d6a4                twiddleCoef_rfft_2048
 .rodata.twiddleCoef_rfft_4096
                0x0000f6a4     0x4000 C:\Users\surya\mcuxpresso\01\SDKPackages\SDK_2.3.1_FRDM-K64F\CMSIS\Lib\GCC\libarm_cortexM4lf_math.a(arm_common_tables.o)
                0x0000f6a4                twiddleCoef_rfft_4096
 .rodata.twiddleCoef_256
                0x000136a4      0x800 C:\Users\surya\mcuxpresso\01\SDKPackages\SDK_2.3.1_FRDM-K64F\CMSIS\Lib\GCC\libarm_cortexM4lf_math.a(arm_common_tables.o)
                0x000136a4                twiddleCoef_256
 .rodata.twiddleCoef_16
                0x00013ea4       0x80 C:\Users\surya\mcuxpresso\01\SDKPackages\SDK_2.3.1_FRDM-K64F\CMSIS\Lib\GCC\libarm_cortexM4lf_math.a(arm_common_tables.o)
                0x00013ea4                twiddleCoef_16
 .rodata.twiddleCoef_1024
                0x00013f24     0x2000 C:\Users\surya\mcuxpresso\01\SDKPackages\SDK_2.3.1_FRDM-K64F\CMSIS\Lib\GCC\libarm_cortexM4lf_math.a(arm_common_tables.o)
                0x00013f24                twiddleCoef_1024
 .rodata.twiddleCoef_32
                0x00015f24      0x100 C:\Users\surya\mcuxpresso\01\SDKPackages\SDK_2.3.1_FRDM-K64F\CMSIS\Lib\GCC\libarm_cortexM4lf_math.a(arm_common_tables.o)
                0x00015f24                twiddleCoef_32
 .rodata.armBitRevIndexTable1024
                0x00016024      0xe10 C:\Users\surya\mcuxpresso\01\SDKPackages\SDK_2.3.1_FRDM-K64F\CMSIS\Lib\GCC\libarm_cortexM4lf_math.a(arm_common_tables.o)
                0x00016024                armBitRevIndexTable1024
 .rodata.armBitRevIndexTable16
                0x00016e34       0x28 C:\Users\surya\mcuxpresso\01\SDKPackages\SDK_2.3.1_FRDM-K64F\CMSIS\Lib\GCC\libarm_cortexM4lf_math.a(arm_common_tables.o)
                0x00016e34                armBitRevIndexTable16
 .rodata.twiddleCoef_rfft_32
                0x00016e5c       0x80 C:\Users\surya\mcuxpresso\01\SDKPackages\SDK_2.3.1_FRDM-K64F\CMSIS\Lib\GCC\libarm_cortexM4lf_math.a(arm_common_tables.o)
                0x00016e5c                twiddleCoef_rfft_32
 .rodata.armBitRevIndexTable32
                0x00016edc       0x60 C:\Users\surya\mcuxpresso\01\SDKPackages\SDK_2.3.1_FRDM-K64F\CMSIS\Lib\GCC\libarm_cortexM4lf_math.a(arm_common_tables.o)
                0x00016edc                armBitRevIndexTable32
 .rodata.twiddleCoef_128
                0x00016f3c      0x400 C:\Users\surya\mcuxpresso\01\SDKPackages\SDK_2.3.1_FRDM-K64F\CMSIS\Lib\GCC\libarm_cortexM4lf_math.a(arm_common_tables.o)
                0x00016f3c                twiddleCoef_128
 .rodata.twiddleCoef_512
                0x0001733c     0x1000 C:\Users\surya\mcuxpresso\01\SDKPackages\SDK_2.3.1_FRDM-K64F\CMSIS\Lib\GCC\libarm_cortexM4lf_math.a(arm_common_tables.o)
                0x0001733c                twiddleCoef_512
 .rodata.armBitRevIndexTable2048
                0x0001833c     0x1dc0 C:\Users\surya\mcuxpresso\01\SDKPackages\SDK_2.3.1_FRDM-K64F\CMSIS\Lib\GCC\libarm_cortexM4lf_math.a(arm_common_tables.o)
                0x0001833c                armBitRevIndexTable2048
 .rodata.twiddleCoef_64
                0x0001a0fc      0x200 C:\Users\surya\mcuxpresso\01\SDKPackages\SDK_2.3.1_FRDM-K64F\CMSIS\Lib\GCC\libarm_cortexM4lf_math.a(arm_common_tables.o)
                0x0001a0fc                twiddleCoef_64
 .rodata.twiddleCoef_rfft_512
                0x0001a2fc      0x800 C:\Users\surya\mcuxpresso\01\SDKPackages\SDK_2.3.1_FRDM-K64F\CMSIS\Lib\GCC\libarm_cortexM4lf_math.a(arm_common_tables.o)
                0x0001a2fc                twiddleCoef_rfft_512
 .rodata.armBitRevIndexTable512
                0x0001aafc      0x380 C:\Users\surya\mcuxpresso\01\SDKPackages\SDK_2.3.1_FRDM-K64F\CMSIS\Lib\GCC\libarm_cortexM4lf_math.a(arm_common_tables.o)
                0x0001aafc                armBitRevIndexTable512
 .rodata.twiddleCoef_rfft_1024
                0x0001ae7c     0x1000 C:\Users\surya\mcuxpresso\01\SDKPackages\SDK_2.3.1_FRDM-K64F\CMSIS\Lib\GCC\libarm_cortexM4lf_math.a(arm_common_tables.o)
                0x0001ae7c                twiddleCoef_rfft_1024
 .rodata.twiddleCoef_rfft_256
                0x0001be7c      0x400 C:\Users\surya\mcuxpresso\01\SDKPackages\SDK_2.3.1_FRDM-K64F\CMSIS\Lib\GCC\libarm_cortexM4lf_math.a(arm_common_tables.o)
                0x0001be7c                twiddleCoef_rfft_256
 .rodata.armBitRevIndexTable256
                0x0001c27c      0x370 C:\Users\surya\mcuxpresso\01\SDKPackages\SDK_2.3.1_FRDM-K64F\CMSIS\Lib\GCC\libarm_cortexM4lf_math.a(arm_common_tables.o)
                0x0001c27c                armBitRevIndexTable256
 .rodata.twiddleCoef_rfft_128
                0x0001c5ec      0x200 C:\Users\surya\mcuxpresso\01\SDKPackages\SDK_2.3.1_FRDM-K64F\CMSIS\Lib\GCC\libarm_cortexM4lf_math.a(arm_common_tables.o)
                0x0001c5ec                twiddleCoef_rfft_128
 .rodata.armBitRevIndexTable128
                0x0001c7ec      0x1a0 C:\Users\surya\mcuxpresso\01\SDKPackages\SDK_2.3.1_FRDM-K64F\CMSIS\Lib\GCC\libarm_cortexM4lf_math.a(arm_common_tables.o)
                0x0001c7ec                armBitRevIndexTable128
 .rodata.__assertion_failed.str1.1
                0x0001c98c       0x15 c:/nxp/mcuxpressoide_10.1.1_606/ide/tools/bin/../lib/gcc/arm-none-eabi/6.3.1/../../../../arm-none-eabi/lib/thumb/v7e-m/fpv4-sp/hard\libcr_semihost_nf.a(_cr_assert.o)
 *fill*         0x0001c9a1        0x3 ff
 .rodata.__num_Ciob_streams
                0x0001c9a4        0x4 c:/nxp/mcuxpressoide_10.1.1_606/ide/tools/bin/../lib/gcc/arm-none-eabi/6.3.1/../../../../arm-none-eabi/lib/thumb/v7e-m/fpv4-sp/hard\libcr_semihost_nf.a(__ciob.o)
                0x0001c9a4                __num_Ciob_streams
 .rodata._Csys_alloc.str1.1
                0x0001c9a8       0x18 c:/nxp/mcuxpressoide_10.1.1_606/ide/tools/bin/../lib/gcc/arm-none-eabi/6.3.1/../../../../arm-none-eabi/lib/thumb/v7e-m/fpv4-sp/hard\libcr_c.a(alloc.o)
 .rodata.fp_display.str1.1
                0x0001c9c0       0x32 c:/nxp/mcuxpressoide_10.1.1_606/ide/tools/bin/../lib/gcc/arm-none-eabi/6.3.1/../../../../arm-none-eabi/lib/thumb/v7e-m/fpv4-sp/hard\libcr_c.a(fpprintf.o)
                                 0x35 (size before relaxing)
 .rodata._initio.str1.1
                0x0001c9f2        0x4 c:/nxp/mcuxpressoide_10.1.1_606/ide/tools/bin/../lib/gcc/arm-none-eabi/6.3.1/../../../../arm-none-eabi/lib/thumb/v7e-m/fpv4-sp/hard\libcr_c.a(initio.o)
 .rodata.__vfprintf.str1.1
                0x0001c9f6       0x31 c:/nxp/mcuxpressoide_10.1.1_606/ide/tools/bin/../lib/gcc/arm-none-eabi/6.3.1/../../../../arm-none-eabi/lib/thumb/v7e-m/fpv4-sp/hard\libcr_c.a(printf.o)
                                 0x38 (size before relaxing)
 .rodata.puts.str1.1
                0x0001ca27       0x31 c:/nxp/mcuxpressoide_10.1.1_606/ide/tools/bin/../lib/gcc/arm-none-eabi/6.3.1/../../../../arm-none-eabi/lib/thumb/v7e-m/fpv4-sp/hard\libcr_c.a(puts.o)
                                  0x2 (size before relaxing)
 *fill*         0x0001ca27        0x1 ff
 .rodata.__huge_vall
                0x0001ca28        0x8 c:/nxp/mcuxpressoide_10.1.1_606/ide/tools/bin/../lib/gcc/arm-none-eabi/6.3.1/../../../../arm-none-eabi/lib/thumb/v7e-m/fpv4-sp/hard\libcr_c.a(_hugeval.o)
                0x0001ca28                __huge_vall
                0x0001ca30                . = ALIGN (0x8)

.glue_7         0x0001ca30        0x0
 .glue_7        0x0001ca30        0x0 linker stubs

.glue_7t        0x0001ca30        0x0
 .glue_7t       0x0001ca30        0x0 linker stubs

.vfp11_veneer   0x0001ca30        0x0
 .vfp11_veneer  0x0001ca30        0x0 linker stubs

.v4_bx          0x0001ca30        0x0
 .v4_bx         0x0001ca30        0x0 linker stubs

.iplt           0x0001ca30        0x0
 .iplt          0x0001ca30        0x0 ./utilities/fsl_debug_console.o

.rel.dyn        0x0001ca30        0x0
 .rel.iplt      0x0001ca30        0x0 ./utilities/fsl_debug_console.o

.ARM.extab
 *(.ARM.extab* .gnu.linkonce.armextab.*)
                0x0001ca30                __exidx_start = .

.ARM.exidx
 *(.ARM.exidx* .gnu.linkonce.armexidx.*)
                0x0001ca30                __exidx_end = .
                0x0001ca30                _etext = .

.m_usb_data
 *(m_usb_bdt)

.data_RAM2      0x1fff0000        0x0 load address 0x0001ca30
 FILL mask 0xff
                [!provide]                PROVIDE (__start_data_RAM2, .)
 *(.ramfunc.$RAM2)
 *(.ramfunc.$SRAM_LOWER)
 *(.data.$RAM2*)
 *(.data.$SRAM_LOWER*)
                0x1fff0000                . = ALIGN (0x8)
                [!provide]                PROVIDE (__end_data_RAM2, .)

.data_RAM3      0x14000000        0x0 load address 0x0001ca30
 FILL mask 0xff
                [!provide]                PROVIDE (__start_data_RAM3, .)
 *(.ramfunc.$RAM3)
 *(.ramfunc.$FLEX_RAM)
 *(.data.$RAM3*)
 *(.data.$FLEX_RAM*)
                0x14000000                . = ALIGN (0x8)
                [!provide]                PROVIDE (__end_data_RAM3, .)

.uninit_RESERVED
                0x20000000        0x0
 *(.bss.$RESERVED*)
                0x20000000                . = ALIGN (0x4)
                0x20000000                _end_uninit_RESERVED = .

.data           0x20000000       0x10 load address 0x0001ca30
 FILL mask 0xff
                0x20000000                _data = .
 *(vtable)
 *(.ramfunc*)
 *(.data*)
 .data          0x20000000        0x8 ./drivers/fsl_clock.o
 .data          0x20000008        0x4 ./CMSIS/system_MK64F12.o
                0x20000008                SystemCoreClock
                0x20000010                . = ALIGN (0x8)
 *fill*         0x2000000c        0x4 ff
                0x20000010                _edata = .

.igot.plt       0x20000010        0x0 load address 0x0001ca40
 .igot.plt      0x20000010        0x0 ./utilities/fsl_debug_console.o

.bss_RAM2       0x1fff0000        0x0
                [!provide]                PROVIDE (__start_bss_RAM2, .)
 *(.bss.$RAM2*)
 *(.bss.$SRAM_LOWER*)
                0x1fff0000                . = ALIGN ((. != 0x0)?0x8:0x1)
                [!provide]                PROVIDE (__end_bss_RAM2, .)

.bss_RAM3       0x14000000        0x0
                [!provide]                PROVIDE (__start_bss_RAM3, .)
 *(.bss.$RAM3*)
 *(.bss.$FLEX_RAM*)
                0x14000000                . = ALIGN ((. != 0x0)?0x8:0x1)
                [!provide]                PROVIDE (__end_bss_RAM3, .)

.bss            0x20000010      0x198
                0x20000010                _bss = .
 *(.bss*)
 .bss           0x20000010        0x8 ./utilities/fsl_io.o
 .bss           0x20000018        0x1 ./source/rfft.o
                0x20000018                isFinished
 *fill*         0x20000019        0x3 
 .bss           0x2000001c        0x8 ./drivers/fsl_clock.o
                0x2000001c                g_xtal0Freq
                0x20000020                g_xtal32Freq
 .bss           0x20000024       0x94 ./drivers/fsl_flash.o
 .bss           0x200000b8       0x10 ./drivers/fsl_sai.o
                0x200000b8                s_saiHandle
 .bss           0x200000c8        0x4 ./drivers/fsl_smc.o
 .bss           0x200000cc       0x1c ./drivers/fsl_uart.o
 .bss.__Ciob    0x200000e8       0xb4 c:/nxp/mcuxpressoide_10.1.1_606/ide/tools/bin/../lib/gcc/arm-none-eabi/6.3.1/../../../../arm-none-eabi/lib/thumb/v7e-m/fpv4-sp/hard\libcr_semihost_nf.a(__ciob.o)
                0x200000e8                __Ciob
 .bss.__end_of_heap
                0x2000019c        0x4 c:/nxp/mcuxpressoide_10.1.1_606/ide/tools/bin/../lib/gcc/arm-none-eabi/6.3.1/../../../../arm-none-eabi/lib/thumb/v7e-m/fpv4-sp/hard\libcr_c.a(__init_alloc.o)
                0x2000019c                __end_of_heap
 .bss.__heaps   0x200001a0        0x4 c:/nxp/mcuxpressoide_10.1.1_606/ide/tools/bin/../lib/gcc/arm-none-eabi/6.3.1/../../../../arm-none-eabi/lib/thumb/v7e-m/fpv4-sp/hard\libcr_c.a(__init_alloc.o)
                0x200001a0                __heaps
 .bss.errno     0x200001a4        0x4 c:/nxp/mcuxpressoide_10.1.1_606/ide/tools/bin/../lib/gcc/arm-none-eabi/6.3.1/../../../../arm-none-eabi/lib/thumb/v7e-m/fpv4-sp/hard\libcr_c.a(errno.o)
                0x200001a4                errno
 *(COMMON)
                0x200001a8                . = ALIGN (0x8)
                0x200001a8                _ebss = .
                [!provide]                PROVIDE (end, .)

.noinit_RAM2    0x1fff0000        0x0
 *(.noinit.$RAM2*)
 *(.noinit.$SRAM_LOWER*)
                0x1fff0000                . = ALIGN (0x8)

.noinit_RAM3    0x14000000        0x0
 *(.noinit.$RAM3*)
 *(.noinit.$FLEX_RAM*)
                0x14000000                . = ALIGN (0x8)

.noinit         0x200001a8        0x0
                0x200001a8                _noinit = .
 *(.noinit*)
                0x200001a8                . = ALIGN (0x8)
                0x200001a8                _end_noinit = .
                0x00001000                _HeapSize = 0x1000

.heap           0x200001a8     0x1000
                0x200001a8                _pvHeapStart = .
                0x200011a8                . = (. + _HeapSize)
 *fill*         0x200001a8     0x1000 
                0x200011a8                . = ALIGN (0x8)
                0x200011a8                _pvHeapLimit = .
                0x00001000                _StackSize = 0x1000

.heap2stackfill
                0x200011a8     0x1000
                0x200021a8                . = (. + _StackSize)
 *fill*         0x200011a8     0x1000 

.stack          0x2002f000        0x0
                0x2002f000                _vStackBase = .
                0x2002f000                . = ALIGN (0x8)
                0x20030000                _vStackTop = (. + _StackSize)
                0x00000000                _image_start = LOADADDR (.text)
                0x0001ca40                _image_end = (LOADADDR (.data) + SIZEOF (.data))
                0x0001ca40                _image_size = (_image_end - _image_start)
OUTPUT(rfft.axf elf32-littlearm)

.debug_info     0x00000000    0x130d5
 .debug_info    0x00000000      0x349 ./utilities/fsl_debug_console.o
 .debug_info    0x00000349      0x93e ./utilities/fsl_io.o
 .debug_info    0x00000c87      0x4d8 ./utilities/fsl_log.o
 .debug_info    0x0000115f      0xc14 ./startup/startup_mk64f12.o
 .debug_info    0x00001d73     0x13c6 ./source/rfft.o
 .debug_info    0x00003139       0x3b ./source/semihost_hardfault.o
 .debug_info    0x00003174     0x341e ./drivers/fsl_clock.o
 .debug_info    0x00006592     0x3d0d ./drivers/fsl_flash.o
 .debug_info    0x0000a29f     0x29bc ./drivers/fsl_sai.o
 .debug_info    0x0000cc5b      0xb40 ./drivers/fsl_smc.o
 .debug_info    0x0000d79b     0x25f2 ./drivers/fsl_uart.o
 .debug_info    0x0000fd8d      0x758 ./board/board.o
 .debug_info    0x000104e5      0xcc8 ./board/clock_config.o
 .debug_info    0x000111ad       0x3b ./board/peripherals.o
 .debug_info    0x000111e8      0x8ec ./board/pin_mux.o
 .debug_info    0x00011ad4      0x644 ./CMSIS/system_MK64F12.o
 .debug_info    0x00012118      0x145 C:\Users\surya\mcuxpresso\01\SDKPackages\SDK_2.3.1_FRDM-K64F\CMSIS\Lib\GCC\libarm_cortexM4lf_math.a(arm_fill_f32.o)
 .debug_info    0x0001225d      0x4c7 C:\Users\surya\mcuxpresso\01\SDKPackages\SDK_2.3.1_FRDM-K64F\CMSIS\Lib\GCC\libarm_cortexM4lf_math.a(arm_rfft_fast_init_f32.o)
 .debug_info    0x00012724      0x9b1 C:\Users\surya\mcuxpresso\01\SDKPackages\SDK_2.3.1_FRDM-K64F\CMSIS\Lib\GCC\libarm_cortexM4lf_math.a(arm_common_tables.o)

.debug_abbrev   0x00000000     0x2801
 .debug_abbrev  0x00000000      0x13e ./utilities/fsl_debug_console.o
 .debug_abbrev  0x0000013e      0x271 ./utilities/fsl_io.o
 .debug_abbrev  0x000003af      0x216 ./utilities/fsl_log.o
 .debug_abbrev  0x000005c5      0x14a ./startup/startup_mk64f12.o
 .debug_abbrev  0x0000070f      0x310 ./source/rfft.o
 .debug_abbrev  0x00000a1f       0x2f ./source/semihost_hardfault.o
 .debug_abbrev  0x00000a4e      0x474 ./drivers/fsl_clock.o
 .debug_abbrev  0x00000ec2      0x37a ./drivers/fsl_flash.o
 .debug_abbrev  0x0000123c      0x452 ./drivers/fsl_sai.o
 .debug_abbrev  0x0000168e      0x318 ./drivers/fsl_smc.o
 .debug_abbrev  0x000019a6      0x466 ./drivers/fsl_uart.o
 .debug_abbrev  0x00001e0c      0x1a3 ./board/board.o
 .debug_abbrev  0x00001faf      0x2ad ./board/clock_config.o
 .debug_abbrev  0x0000225c       0x2f ./board/peripherals.o
 .debug_abbrev  0x0000228b      0x1e8 ./board/pin_mux.o
 .debug_abbrev  0x00002473      0x15f ./CMSIS/system_MK64F12.o
 .debug_abbrev  0x000025d2       0xa3 C:\Users\surya\mcuxpresso\01\SDKPackages\SDK_2.3.1_FRDM-K64F\CMSIS\Lib\GCC\libarm_cortexM4lf_math.a(arm_fill_f32.o)
 .debug_abbrev  0x00002675      0x108 C:\Users\surya\mcuxpresso\01\SDKPackages\SDK_2.3.1_FRDM-K64F\CMSIS\Lib\GCC\libarm_cortexM4lf_math.a(arm_rfft_fast_init_f32.o)
 .debug_abbrev  0x0000277d       0x84 C:\Users\surya\mcuxpresso\01\SDKPackages\SDK_2.3.1_FRDM-K64F\CMSIS\Lib\GCC\libarm_cortexM4lf_math.a(arm_common_tables.o)

.debug_loc      0x00000000     0xb6e7
 .debug_loc     0x00000000       0xf3 ./utilities/fsl_debug_console.o
 .debug_loc     0x000000f3      0x24f ./utilities/fsl_io.o
 .debug_loc     0x00000342      0x3a1 ./utilities/fsl_log.o
 .debug_loc     0x000006e3      0x1f2 ./startup/startup_mk64f12.o
 .debug_loc     0x000008d5      0x22c ./source/rfft.o
 .debug_loc     0x00000b01     0x1a60 ./drivers/fsl_clock.o
 .debug_loc     0x00002561     0x4787 ./drivers/fsl_flash.o
 .debug_loc     0x00006ce8     0x25fa ./drivers/fsl_sai.o
 .debug_loc     0x000092e2      0x1cf ./drivers/fsl_smc.o
 .debug_loc     0x000094b1     0x1a86 ./drivers/fsl_uart.o
 .debug_loc     0x0000af37       0x1e ./board/board.o
 .debug_loc     0x0000af55       0x85 ./board/clock_config.o
 .debug_loc     0x0000afda      0x340 ./board/pin_mux.o
 .debug_loc     0x0000b31a       0xcc ./CMSIS/system_MK64F12.o
 .debug_loc     0x0000b3e6      0x116 C:\Users\surya\mcuxpresso\01\SDKPackages\SDK_2.3.1_FRDM-K64F\CMSIS\Lib\GCC\libarm_cortexM4lf_math.a(arm_fill_f32.o)
 .debug_loc     0x0000b4fc      0x1eb C:\Users\surya\mcuxpresso\01\SDKPackages\SDK_2.3.1_FRDM-K64F\CMSIS\Lib\GCC\libarm_cortexM4lf_math.a(arm_rfft_fast_init_f32.o)

.debug_aranges  0x00000000      0x2c8
 .debug_aranges
                0x00000000       0x20 ./utilities/fsl_debug_console.o
 .debug_aranges
                0x00000020       0x20 ./utilities/fsl_io.o
 .debug_aranges
                0x00000040       0x20 ./utilities/fsl_log.o
 .debug_aranges
                0x00000060       0x88 ./startup/startup_mk64f12.o
 .debug_aranges
                0x000000e8       0x28 ./source/rfft.o
 .debug_aranges
                0x00000110       0x20 ./source/semihost_hardfault.o
 .debug_aranges
                0x00000130       0x20 ./drivers/fsl_clock.o
 .debug_aranges
                0x00000150       0x20 ./drivers/fsl_flash.o
 .debug_aranges
                0x00000170       0x20 ./drivers/fsl_sai.o
 .debug_aranges
                0x00000190       0x20 ./drivers/fsl_smc.o
 .debug_aranges
                0x000001b0       0x20 ./drivers/fsl_uart.o
 .debug_aranges
                0x000001d0       0x20 ./board/board.o
 .debug_aranges
                0x000001f0       0x20 ./board/clock_config.o
 .debug_aranges
                0x00000210       0x20 ./board/peripherals.o
 .debug_aranges
                0x00000230       0x20 ./board/pin_mux.o
 .debug_aranges
                0x00000250       0x20 ./CMSIS/system_MK64F12.o
 .debug_aranges
                0x00000270       0x20 C:\Users\surya\mcuxpresso\01\SDKPackages\SDK_2.3.1_FRDM-K64F\CMSIS\Lib\GCC\libarm_cortexM4lf_math.a(arm_fill_f32.o)
 .debug_aranges
                0x00000290       0x20 C:\Users\surya\mcuxpresso\01\SDKPackages\SDK_2.3.1_FRDM-K64F\CMSIS\Lib\GCC\libarm_cortexM4lf_math.a(arm_rfft_fast_init_f32.o)
 .debug_aranges
                0x000002b0       0x18 C:\Users\surya\mcuxpresso\01\SDKPackages\SDK_2.3.1_FRDM-K64F\CMSIS\Lib\GCC\libarm_cortexM4lf_math.a(arm_common_tables.o)

.debug_macro    0x00000000    0x12c9a
 .debug_macro   0x00000000      0x13a ./utilities/fsl_debug_console.o
 .debug_macro   0x0000013a      0x8f2 ./utilities/fsl_debug_console.o
 .debug_macro   0x00000a2c       0x10 ./utilities/fsl_debug_console.o
 .debug_macro   0x00000a3c       0x16 ./utilities/fsl_debug_console.o
 .debug_macro   0x00000a52       0x10 ./utilities/fsl_debug_console.o
 .debug_macro   0x00000a62      0x12d ./utilities/fsl_debug_console.o
 .debug_macro   0x00000b8f       0x28 ./utilities/fsl_debug_console.o
 .debug_macro   0x00000bb7       0x16 ./utilities/fsl_debug_console.o
 .debug_macro   0x00000bcd       0x22 ./utilities/fsl_debug_console.o
 .debug_macro   0x00000bef      0x5b2 ./utilities/fsl_debug_console.o
 .debug_macro   0x000011a1       0x10 ./utilities/fsl_debug_console.o
 .debug_macro   0x000011b1       0x5c ./utilities/fsl_debug_console.o
 .debug_macro   0x0000120d       0x1c ./utilities/fsl_debug_console.o
 .debug_macro   0x00001229       0x22 ./utilities/fsl_debug_console.o
 .debug_macro   0x0000124b       0xd9 ./utilities/fsl_debug_console.o
 .debug_macro   0x00001324      0xec1 ./utilities/fsl_debug_console.o
 .debug_macro   0x000021e5       0x48 ./utilities/fsl_debug_console.o
 .debug_macro   0x0000222d     0xe07b ./utilities/fsl_debug_console.o
 .debug_macro   0x000102a8     0x1224 ./utilities/fsl_debug_console.o
 .debug_macro   0x000114cc       0x46 ./utilities/fsl_debug_console.o
 .debug_macro   0x00011512      0x171 ./utilities/fsl_debug_console.o
 .debug_macro   0x00011683       0x66 ./utilities/fsl_debug_console.o
 .debug_macro   0x000116e9       0x9a ./utilities/fsl_debug_console.o
 .debug_macro   0x00011783       0x1c ./utilities/fsl_debug_console.o
 .debug_macro   0x0001179f       0x49 ./utilities/fsl_debug_console.o
 .debug_macro   0x000117e8      0x115 ./utilities/fsl_io.o
 .debug_macro   0x000118fd       0x1c ./utilities/fsl_io.o
 .debug_macro   0x00011919       0x22 ./utilities/fsl_io.o
 .debug_macro   0x0001193b       0x10 ./utilities/fsl_io.o
 .debug_macro   0x0001194b      0x148 ./utilities/fsl_log.o
 .debug_macro   0x00011a93       0x23 ./startup/startup_mk64f12.o
 .debug_macro   0x00011ab6      0x1a4 ./source/rfft.o
 .debug_macro   0x00011c5a       0xa0 ./source/rfft.o
 .debug_macro   0x00011cfa       0x16 ./source/rfft.o
 .debug_macro   0x00011d10       0x10 ./source/rfft.o
 .debug_macro   0x00011d20      0x15e ./source/rfft.o
 .debug_macro   0x00011e7e       0x9a ./source/rfft.o
 .debug_macro   0x00011f18       0x22 ./source/rfft.o
 .debug_macro   0x00011f3a       0x17 ./source/rfft.o
 .debug_macro   0x00011f51       0x11 ./source/semihost_hardfault.o
 .debug_macro   0x00011f62      0x1b9 ./drivers/fsl_clock.o
 .debug_macro   0x0001211b      0x35e ./drivers/fsl_flash.o
 .debug_macro   0x00012479       0x43 ./drivers/fsl_flash.o
 .debug_macro   0x000124bc      0x115 ./drivers/fsl_sai.o
 .debug_macro   0x000125d1       0x11 ./drivers/fsl_sai.o
 .debug_macro   0x000125e2      0x10c ./drivers/fsl_smc.o
 .debug_macro   0x000126ee       0x49 ./drivers/fsl_smc.o
 .debug_macro   0x00012737      0x109 ./drivers/fsl_uart.o
 .debug_macro   0x00012840      0x13c ./board/board.o
 .debug_macro   0x0001297c       0x1c ./board/board.o
 .debug_macro   0x00012998      0x13a ./board/clock_config.o
 .debug_macro   0x00012ad2       0x1b ./board/peripherals.o
 .debug_macro   0x00012aed      0x105 ./board/pin_mux.o
 .debug_macro   0x00012bf2       0x10 ./board/pin_mux.o
 .debug_macro   0x00012c02       0x98 ./CMSIS/system_MK64F12.o

.debug_line     0x00000000     0x4c00
 .debug_line    0x00000000      0x2f0 ./utilities/fsl_debug_console.o
 .debug_line    0x000002f0      0x307 ./utilities/fsl_io.o
 .debug_line    0x000005f7      0x339 ./utilities/fsl_log.o
 .debug_line    0x00000930      0x17e ./startup/startup_mk64f12.o
 .debug_line    0x00000aae      0x418 ./source/rfft.o
 .debug_line    0x00000ec6       0x50 ./source/semihost_hardfault.o
 .debug_line    0x00000f16      0xb46 ./drivers/fsl_clock.o
 .debug_line    0x00001a5c      0xd0f ./drivers/fsl_flash.o
 .debug_line    0x0000276b      0x8b8 ./drivers/fsl_sai.o
 .debug_line    0x00003023      0x37e ./drivers/fsl_smc.o
 .debug_line    0x000033a1      0x83c ./drivers/fsl_uart.o
 .debug_line    0x00003bdd      0x309 ./board/board.o
 .debug_line    0x00003ee6      0x34c ./board/clock_config.o
 .debug_line    0x00004232       0x57 ./board/peripherals.o
 .debug_line    0x00004289      0x315 ./board/pin_mux.o
 .debug_line    0x0000459e      0x222 ./CMSIS/system_MK64F12.o
 .debug_line    0x000047c0      0x156 C:\Users\surya\mcuxpresso\01\SDKPackages\SDK_2.3.1_FRDM-K64F\CMSIS\Lib\GCC\libarm_cortexM4lf_math.a(arm_fill_f32.o)
 .debug_line    0x00004916      0x1b5 C:\Users\surya\mcuxpresso\01\SDKPackages\SDK_2.3.1_FRDM-K64F\CMSIS\Lib\GCC\libarm_cortexM4lf_math.a(arm_rfft_fast_init_f32.o)
 .debug_line    0x00004acb      0x135 C:\Users\surya\mcuxpresso\01\SDKPackages\SDK_2.3.1_FRDM-K64F\CMSIS\Lib\GCC\libarm_cortexM4lf_math.a(arm_common_tables.o)

.debug_str      0x00000000    0x82ba1
 .debug_str     0x00000000    0x7883c ./utilities/fsl_debug_console.o
                              0x788f3 (size before relaxing)
 .debug_str     0x0007883c      0xa8a ./utilities/fsl_io.o
                              0x78f77 (size before relaxing)
 .debug_str     0x000792c6      0x1b7 ./utilities/fsl_log.o
                              0x7871a (size before relaxing)
 .debug_str     0x0007947d      0x7ff ./startup/startup_mk64f12.o
                               0x2ea5 (size before relaxing)
 .debug_str     0x00079c7c     0x25bc ./source/rfft.o
                              0x7b1b9 (size before relaxing)
 .debug_str     0x0007c238       0x1f ./source/semihost_hardfault.o
                               0x262a (size before relaxing)
 .debug_str     0x0007c257     0x1883 ./drivers/fsl_clock.o
                              0x7a611 (size before relaxing)
 .debug_str     0x0007dada     0x2bea ./drivers/fsl_flash.o
                              0x7b546 (size before relaxing)
 .debug_str     0x000806c4      0xaf3 ./drivers/fsl_sai.o
                              0x79aa9 (size before relaxing)
 .debug_str     0x000811b7      0x3ff ./drivers/fsl_smc.o
                              0x78f90 (size before relaxing)
 .debug_str     0x000815b6      0x95b ./drivers/fsl_uart.o
                              0x79f09 (size before relaxing)
 .debug_str     0x00081f11       0x20 ./board/board.o
                              0x79537 (size before relaxing)
 .debug_str     0x00081f31      0x2a3 ./board/clock_config.o
                              0x790e3 (size before relaxing)
 .debug_str     0x000821d4       0x17 ./board/peripherals.o
                               0x263b (size before relaxing)
 .debug_str     0x000821eb      0x1a2 ./board/pin_mux.o
                              0x78ad8 (size before relaxing)
 .debug_str     0x0008238d       0xa9 ./CMSIS/system_MK64F12.o
                              0x77567 (size before relaxing)
 .debug_str     0x00082436      0x16a C:\Users\surya\mcuxpresso\01\SDKPackages\SDK_2.3.1_FRDM-K64F\CMSIS\Lib\GCC\libarm_cortexM4lf_math.a(arm_fill_f32.o)
                                0x239 (size before relaxing)
 .debug_str     0x000825a0      0x2bc C:\Users\surya\mcuxpresso\01\SDKPackages\SDK_2.3.1_FRDM-K64F\CMSIS\Lib\GCC\libarm_cortexM4lf_math.a(arm_rfft_fast_init_f32.o)
                                0x52a (size before relaxing)
 .debug_str     0x0008285c      0x345 C:\Users\surya\mcuxpresso\01\SDKPackages\SDK_2.3.1_FRDM-K64F\CMSIS\Lib\GCC\libarm_cortexM4lf_math.a(arm_common_tables.o)
                                0x717 (size before relaxing)

.comment        0x00000000       0xed
 .comment       0x00000000       0x7f ./utilities/fsl_debug_console.o
                                 0x80 (size before relaxing)
 .comment       0x0000007f       0x80 ./utilities/fsl_io.o
 .comment       0x0000007f       0x80 ./utilities/fsl_log.o
 .comment       0x0000007f       0x80 ./startup/startup_mk64f12.o
 .comment       0x0000007f       0x80 ./source/rfft.o
 .comment       0x0000007f       0x80 ./source/semihost_hardfault.o
 .comment       0x0000007f       0x80 ./drivers/fsl_clock.o
 .comment       0x0000007f       0x80 ./drivers/fsl_flash.o
 .comment       0x0000007f       0x80 ./drivers/fsl_sai.o
 .comment       0x0000007f       0x80 ./drivers/fsl_smc.o
 .comment       0x0000007f       0x80 ./drivers/fsl_uart.o
 .comment       0x0000007f       0x80 ./board/board.o
 .comment       0x0000007f       0x80 ./board/clock_config.o
 .comment       0x0000007f       0x80 ./board/peripherals.o
 .comment       0x0000007f       0x80 ./board/pin_mux.o
 .comment       0x0000007f       0x80 ./CMSIS/system_MK64F12.o
 .comment       0x0000007f       0x6e C:\Users\surya\mcuxpresso\01\SDKPackages\SDK_2.3.1_FRDM-K64F\CMSIS\Lib\GCC\libarm_cortexM4lf_math.a(arm_fill_f32.o)
                                 0x6f (size before relaxing)
 .comment       0x000000ed       0x6f C:\Users\surya\mcuxpresso\01\SDKPackages\SDK_2.3.1_FRDM-K64F\CMSIS\Lib\GCC\libarm_cortexM4lf_math.a(arm_rfft_fast_init_f32.o)
 .comment       0x000000ed       0x6f C:\Users\surya\mcuxpresso\01\SDKPackages\SDK_2.3.1_FRDM-K64F\CMSIS\Lib\GCC\libarm_cortexM4lf_math.a(arm_common_tables.o)
 .comment       0x000000ed       0x80 c:/nxp/mcuxpressoide_10.1.1_606/ide/tools/bin/../lib/gcc/arm-none-eabi/6.3.1/../../../../arm-none-eabi/lib/thumb/v7e-m/fpv4-sp/hard\libcr_semihost_nf.a(_cr__main.o)
 .comment       0x000000ed       0x80 c:/nxp/mcuxpressoide_10.1.1_606/ide/tools/bin/../lib/gcc/arm-none-eabi/6.3.1/../../../../arm-none-eabi/lib/thumb/v7e-m/fpv4-sp/hard\libcr_semihost_nf.a(_cr_assert.o)
 .comment       0x000000ed       0x80 c:/nxp/mcuxpressoide_10.1.1_606/ide/tools/bin/../lib/gcc/arm-none-eabi/6.3.1/../../../../arm-none-eabi/lib/thumb/v7e-m/fpv4-sp/hard\libcr_semihost_nf.a(__ciob.o)
 .comment       0x000000ed       0x80 c:/nxp/mcuxpressoide_10.1.1_606/ide/tools/bin/../lib/gcc/arm-none-eabi/6.3.1/../../../../arm-none-eabi/lib/thumb/v7e-m/fpv4-sp/hard\libcr_c.a(memcpy.o)
 .comment       0x000000ed       0x80 c:/nxp/mcuxpressoide_10.1.1_606/ide/tools/bin/../lib/gcc/arm-none-eabi/6.3.1/../../../../arm-none-eabi/lib/thumb/v7e-m/fpv4-sp/hard\libcr_c.a(memset.o)
 .comment       0x000000ed       0x80 c:/nxp/mcuxpressoide_10.1.1_606/ide/tools/bin/../lib/gcc/arm-none-eabi/6.3.1/../../../../arm-none-eabi/lib/thumb/v7e-m/fpv4-sp/hard\libcr_c.a(_deferredlazyseek.o)
 .comment       0x000000ed       0x80 c:/nxp/mcuxpressoide_10.1.1_606/ide/tools/bin/../lib/gcc/arm-none-eabi/6.3.1/../../../../arm-none-eabi/lib/thumb/v7e-m/fpv4-sp/hard\libcr_c.a(_fflush.o)
 .comment       0x000000ed       0x80 c:/nxp/mcuxpressoide_10.1.1_606/ide/tools/bin/../lib/gcc/arm-none-eabi/6.3.1/../../../../arm-none-eabi/lib/thumb/v7e-m/fpv4-sp/hard\libcr_c.a(_writebuf.o)
 .comment       0x000000ed       0x80 c:/nxp/mcuxpressoide_10.1.1_606/ide/tools/bin/../lib/gcc/arm-none-eabi/6.3.1/../../../../arm-none-eabi/lib/thumb/v7e-m/fpv4-sp/hard\libcr_c.a(alloc.o)
 .comment       0x000000ed       0x80 c:/nxp/mcuxpressoide_10.1.1_606/ide/tools/bin/../lib/gcc/arm-none-eabi/6.3.1/../../../../arm-none-eabi/lib/thumb/v7e-m/fpv4-sp/hard\libcr_c.a(fpprintf.o)
 .comment       0x000000ed       0x80 c:/nxp/mcuxpressoide_10.1.1_606/ide/tools/bin/../lib/gcc/arm-none-eabi/6.3.1/../../../../arm-none-eabi/lib/thumb/v7e-m/fpv4-sp/hard\libcr_c.a(fputs.o)
 .comment       0x000000ed       0x80 c:/nxp/mcuxpressoide_10.1.1_606/ide/tools/bin/../lib/gcc/arm-none-eabi/6.3.1/../../../../arm-none-eabi/lib/thumb/v7e-m/fpv4-sp/hard\libcr_c.a(fseek.o)
 .comment       0x000000ed       0x80 c:/nxp/mcuxpressoide_10.1.1_606/ide/tools/bin/../lib/gcc/arm-none-eabi/6.3.1/../../../../arm-none-eabi/lib/thumb/v7e-m/fpv4-sp/hard\libcr_c.a(ftell.o)
 .comment       0x000000ed       0x80 c:/nxp/mcuxpressoide_10.1.1_606/ide/tools/bin/../lib/gcc/arm-none-eabi/6.3.1/../../../../arm-none-eabi/lib/thumb/v7e-m/fpv4-sp/hard\libcr_c.a(initio.o)
 .comment       0x000000ed       0x80 c:/nxp/mcuxpressoide_10.1.1_606/ide/tools/bin/../lib/gcc/arm-none-eabi/6.3.1/../../../../arm-none-eabi/lib/thumb/v7e-m/fpv4-sp/hard\libcr_c.a(printf.o)
 .comment       0x000000ed       0x80 c:/nxp/mcuxpressoide_10.1.1_606/ide/tools/bin/../lib/gcc/arm-none-eabi/6.3.1/../../../../arm-none-eabi/lib/thumb/v7e-m/fpv4-sp/hard\libcr_c.a(puts.o)
 .comment       0x000000ed       0x80 c:/nxp/mcuxpressoide_10.1.1_606/ide/tools/bin/../lib/gcc/arm-none-eabi/6.3.1/../../../../arm-none-eabi/lib/thumb/v7e-m/fpv4-sp/hard\libcr_c.a(setvbuf.o)
 .comment       0x000000ed       0x80 c:/nxp/mcuxpressoide_10.1.1_606/ide/tools/bin/../lib/gcc/arm-none-eabi/6.3.1/../../../../arm-none-eabi/lib/thumb/v7e-m/fpv4-sp/hard\libcr_c.a(strlen.o)
 .comment       0x000000ed       0x80 c:/nxp/mcuxpressoide_10.1.1_606/ide/tools/bin/../lib/gcc/arm-none-eabi/6.3.1/../../../../arm-none-eabi/lib/thumb/v7e-m/fpv4-sp/hard\libcr_c.a(__init_alloc.o)
 .comment       0x000000ed       0x80 c:/nxp/mcuxpressoide_10.1.1_606/ide/tools/bin/../lib/gcc/arm-none-eabi/6.3.1/../../../../arm-none-eabi/lib/thumb/v7e-m/fpv4-sp/hard\libcr_c.a(_cr_sbrk.o)
 .comment       0x000000ed       0x80 c:/nxp/mcuxpressoide_10.1.1_606/ide/tools/bin/../lib/gcc/arm-none-eabi/6.3.1/../../../../arm-none-eabi/lib/thumb/v7e-m/fpv4-sp/hard\libcr_c.a(_fdopen.o)
 .comment       0x000000ed       0x80 c:/nxp/mcuxpressoide_10.1.1_606/ide/tools/bin/../lib/gcc/arm-none-eabi/6.3.1/../../../../arm-none-eabi/lib/thumb/v7e-m/fpv4-sp/hard\libcr_c.a(_frexpl.o)
 .comment       0x000000ed       0x80 c:/nxp/mcuxpressoide_10.1.1_606/ide/tools/bin/../lib/gcc/arm-none-eabi/6.3.1/../../../../arm-none-eabi/lib/thumb/v7e-m/fpv4-sp/hard\libcr_c.a(_hugeval.o)
 .comment       0x000000ed       0x80 c:/nxp/mcuxpressoide_10.1.1_606/ide/tools/bin/../lib/gcc/arm-none-eabi/6.3.1/../../../../arm-none-eabi/lib/thumb/v7e-m/fpv4-sp/hard\libcr_c.a(_ldexpl.o)
 .comment       0x000000ed       0x80 c:/nxp/mcuxpressoide_10.1.1_606/ide/tools/bin/../lib/gcc/arm-none-eabi/6.3.1/../../../../arm-none-eabi/lib/thumb/v7e-m/fpv4-sp/hard\libcr_c.a(errno.o)
 .comment       0x000000ed       0x80 c:/nxp/mcuxpressoide_10.1.1_606/ide/tools/bin/../lib/gcc/arm-none-eabi/6.3.1/../../../../arm-none-eabi/lib/thumb/v7e-m/fpv4-sp/hard\libcr_c.a(fclose.o)
 .comment       0x000000ed       0x80 c:/nxp/mcuxpressoide_10.1.1_606/ide/tools/bin/../lib/gcc/arm-none-eabi/6.3.1/../../../../arm-none-eabi/lib/thumb/v7e-m/fpv4-sp/hard\libcr_c.a(fflush.o)
 .comment       0x000000ed       0x80 c:/nxp/mcuxpressoide_10.1.1_606/ide/tools/bin/../lib/gcc/arm-none-eabi/6.3.1/../../../../arm-none-eabi/lib/thumb/v7e-m/fpv4-sp/hard\libcr_c.a(remove.o)
 .comment       0x000000ed       0x80 c:/nxp/mcuxpressoide_10.1.1_606/ide/tools/bin/../lib/gcc/arm-none-eabi/6.3.1/../../../../arm-none-eabi/lib/thumb/v7e-m/fpv4-sp/hard\libcr_c.a(_cr_check_heap.o)
 .comment       0x000000ed       0x80 c:/nxp/mcuxpressoide_10.1.1_606/ide/tools/bin/../lib/gcc/arm-none-eabi/6.3.1/../../../../arm-none-eabi/lib/thumb/v7e-m/fpv4-sp/hard\libcr_c.a(_do_fflush.o)
 .comment       0x000000ed       0x80 c:/nxp/mcuxpressoide_10.1.1_606/ide/tools/bin/../lib/gcc/arm-none-eabi/6.3.1/thumb/v7e-m/fpv4-sp/hard\libcr_eabihelpers.a(double.o)

.ARM.attributes
                0x00000000       0x37
 .ARM.attributes
                0x00000000       0x39 ./utilities/fsl_debug_console.o
 .ARM.attributes
                0x00000039       0x39 ./utilities/fsl_io.o
 .ARM.attributes
                0x00000072       0x39 ./utilities/fsl_log.o
 .ARM.attributes
                0x000000ab       0x39 ./startup/startup_mk64f12.o
 .ARM.attributes
                0x000000e4       0x39 ./source/rfft.o
 .ARM.attributes
                0x0000011d       0x39 ./source/semihost_hardfault.o
 .ARM.attributes
                0x00000156       0x39 ./drivers/fsl_clock.o
 .ARM.attributes
                0x0000018f       0x39 ./drivers/fsl_flash.o
 .ARM.attributes
                0x000001c8       0x39 ./drivers/fsl_sai.o
 .ARM.attributes
                0x00000201       0x39 ./drivers/fsl_smc.o
 .ARM.attributes
                0x0000023a       0x39 ./drivers/fsl_uart.o
 .ARM.attributes
                0x00000273       0x39 ./board/board.o
 .ARM.attributes
                0x000002ac       0x39 ./board/clock_config.o
 .ARM.attributes
                0x000002e5       0x39 ./board/peripherals.o
 .ARM.attributes
                0x0000031e       0x39 ./board/pin_mux.o
 .ARM.attributes
                0x00000357       0x39 ./CMSIS/system_MK64F12.o
 .ARM.attributes
                0x00000390       0x39 C:\Users\surya\mcuxpresso\01\SDKPackages\SDK_2.3.1_FRDM-K64F\CMSIS\Lib\GCC\libarm_cortexM4lf_math.a(arm_fill_f32.o)
 .ARM.attributes
                0x000003c9       0x39 C:\Users\surya\mcuxpresso\01\SDKPackages\SDK_2.3.1_FRDM-K64F\CMSIS\Lib\GCC\libarm_cortexM4lf_math.a(arm_rfft_fast_init_f32.o)
 .ARM.attributes
                0x00000402       0x39 C:\Users\surya\mcuxpresso\01\SDKPackages\SDK_2.3.1_FRDM-K64F\CMSIS\Lib\GCC\libarm_cortexM4lf_math.a(arm_common_tables.o)
 .ARM.attributes
                0x0000043b       0x39 c:/nxp/mcuxpressoide_10.1.1_606/ide/tools/bin/../lib/gcc/arm-none-eabi/6.3.1/../../../../arm-none-eabi/lib/thumb/v7e-m/fpv4-sp/hard\libcr_semihost_nf.a(_cr__main.o)
 .ARM.attributes
                0x00000474       0x39 c:/nxp/mcuxpressoide_10.1.1_606/ide/tools/bin/../lib/gcc/arm-none-eabi/6.3.1/../../../../arm-none-eabi/lib/thumb/v7e-m/fpv4-sp/hard\libcr_semihost_nf.a(_cr_assert.o)
 .ARM.attributes
                0x000004ad       0x39 c:/nxp/mcuxpressoide_10.1.1_606/ide/tools/bin/../lib/gcc/arm-none-eabi/6.3.1/../../../../arm-none-eabi/lib/thumb/v7e-m/fpv4-sp/hard\libcr_semihost_nf.a(__ciob.o)
 .ARM.attributes
                0x000004e6       0x25 c:/nxp/mcuxpressoide_10.1.1_606/ide/tools/bin/../lib/gcc/arm-none-eabi/6.3.1/../../../../arm-none-eabi/lib/thumb/v7e-m/fpv4-sp/hard\libcr_semihost_nf.a(__sys_appexit.o)
 .ARM.attributes
                0x0000050b       0x39 c:/nxp/mcuxpressoide_10.1.1_606/ide/tools/bin/../lib/gcc/arm-none-eabi/6.3.1/../../../../arm-none-eabi/lib/thumb/v7e-m/fpv4-sp/hard\libcr_c.a(memcpy.o)
 .ARM.attributes
                0x00000544       0x39 c:/nxp/mcuxpressoide_10.1.1_606/ide/tools/bin/../lib/gcc/arm-none-eabi/6.3.1/../../../../arm-none-eabi/lib/thumb/v7e-m/fpv4-sp/hard\libcr_c.a(memset.o)
 .ARM.attributes
                0x0000057d       0x39 c:/nxp/mcuxpressoide_10.1.1_606/ide/tools/bin/../lib/gcc/arm-none-eabi/6.3.1/../../../../arm-none-eabi/lib/thumb/v7e-m/fpv4-sp/hard\libcr_c.a(_deferredlazyseek.o)
 .ARM.attributes
                0x000005b6       0x39 c:/nxp/mcuxpressoide_10.1.1_606/ide/tools/bin/../lib/gcc/arm-none-eabi/6.3.1/../../../../arm-none-eabi/lib/thumb/v7e-m/fpv4-sp/hard\libcr_c.a(_fflush.o)
 .ARM.attributes
                0x000005ef       0x39 c:/nxp/mcuxpressoide_10.1.1_606/ide/tools/bin/../lib/gcc/arm-none-eabi/6.3.1/../../../../arm-none-eabi/lib/thumb/v7e-m/fpv4-sp/hard\libcr_c.a(_writebuf.o)
 .ARM.attributes
                0x00000628       0x39 c:/nxp/mcuxpressoide_10.1.1_606/ide/tools/bin/../lib/gcc/arm-none-eabi/6.3.1/../../../../arm-none-eabi/lib/thumb/v7e-m/fpv4-sp/hard\libcr_c.a(alloc.o)
 .ARM.attributes
                0x00000661       0x39 c:/nxp/mcuxpressoide_10.1.1_606/ide/tools/bin/../lib/gcc/arm-none-eabi/6.3.1/../../../../arm-none-eabi/lib/thumb/v7e-m/fpv4-sp/hard\libcr_c.a(fpprintf.o)
 .ARM.attributes
                0x0000069a       0x39 c:/nxp/mcuxpressoide_10.1.1_606/ide/tools/bin/../lib/gcc/arm-none-eabi/6.3.1/../../../../arm-none-eabi/lib/thumb/v7e-m/fpv4-sp/hard\libcr_c.a(fputs.o)
 .ARM.attributes
                0x000006d3       0x39 c:/nxp/mcuxpressoide_10.1.1_606/ide/tools/bin/../lib/gcc/arm-none-eabi/6.3.1/../../../../arm-none-eabi/lib/thumb/v7e-m/fpv4-sp/hard\libcr_c.a(fseek.o)
 .ARM.attributes
                0x0000070c       0x39 c:/nxp/mcuxpressoide_10.1.1_606/ide/tools/bin/../lib/gcc/arm-none-eabi/6.3.1/../../../../arm-none-eabi/lib/thumb/v7e-m/fpv4-sp/hard\libcr_c.a(ftell.o)
 .ARM.attributes
                0x00000745       0x39 c:/nxp/mcuxpressoide_10.1.1_606/ide/tools/bin/../lib/gcc/arm-none-eabi/6.3.1/../../../../arm-none-eabi/lib/thumb/v7e-m/fpv4-sp/hard\libcr_c.a(initio.o)
 .ARM.attributes
                0x0000077e       0x39 c:/nxp/mcuxpressoide_10.1.1_606/ide/tools/bin/../lib/gcc/arm-none-eabi/6.3.1/../../../../arm-none-eabi/lib/thumb/v7e-m/fpv4-sp/hard\libcr_c.a(printf.o)
 .ARM.attributes
                0x000007b7       0x39 c:/nxp/mcuxpressoide_10.1.1_606/ide/tools/bin/../lib/gcc/arm-none-eabi/6.3.1/../../../../arm-none-eabi/lib/thumb/v7e-m/fpv4-sp/hard\libcr_c.a(puts.o)
 .ARM.attributes
                0x000007f0       0x39 c:/nxp/mcuxpressoide_10.1.1_606/ide/tools/bin/../lib/gcc/arm-none-eabi/6.3.1/../../../../arm-none-eabi/lib/thumb/v7e-m/fpv4-sp/hard\libcr_c.a(setvbuf.o)
 .ARM.attributes
                0x00000829       0x39 c:/nxp/mcuxpressoide_10.1.1_606/ide/tools/bin/../lib/gcc/arm-none-eabi/6.3.1/../../../../arm-none-eabi/lib/thumb/v7e-m/fpv4-sp/hard\libcr_c.a(strlen.o)
 .ARM.attributes
                0x00000862       0x39 c:/nxp/mcuxpressoide_10.1.1_606/ide/tools/bin/../lib/gcc/arm-none-eabi/6.3.1/../../../../arm-none-eabi/lib/thumb/v7e-m/fpv4-sp/hard\libcr_c.a(__init_alloc.o)
 .ARM.attributes
                0x0000089b       0x39 c:/nxp/mcuxpressoide_10.1.1_606/ide/tools/bin/../lib/gcc/arm-none-eabi/6.3.1/../../../../arm-none-eabi/lib/thumb/v7e-m/fpv4-sp/hard\libcr_c.a(_cr_sbrk.o)
 .ARM.attributes
                0x000008d4       0x39 c:/nxp/mcuxpressoide_10.1.1_606/ide/tools/bin/../lib/gcc/arm-none-eabi/6.3.1/../../../../arm-none-eabi/lib/thumb/v7e-m/fpv4-sp/hard\libcr_c.a(_fdopen.o)
 .ARM.attributes
                0x0000090d       0x39 c:/nxp/mcuxpressoide_10.1.1_606/ide/tools/bin/../lib/gcc/arm-none-eabi/6.3.1/../../../../arm-none-eabi/lib/thumb/v7e-m/fpv4-sp/hard\libcr_c.a(_frexpl.o)
 .ARM.attributes
                0x00000946       0x39 c:/nxp/mcuxpressoide_10.1.1_606/ide/tools/bin/../lib/gcc/arm-none-eabi/6.3.1/../../../../arm-none-eabi/lib/thumb/v7e-m/fpv4-sp/hard\libcr_c.a(_hugeval.o)
 .ARM.attributes
                0x0000097f       0x39 c:/nxp/mcuxpressoide_10.1.1_606/ide/tools/bin/../lib/gcc/arm-none-eabi/6.3.1/../../../../arm-none-eabi/lib/thumb/v7e-m/fpv4-sp/hard\libcr_c.a(_ldexpl.o)
 .ARM.attributes
                0x000009b8       0x39 c:/nxp/mcuxpressoide_10.1.1_606/ide/tools/bin/../lib/gcc/arm-none-eabi/6.3.1/../../../../arm-none-eabi/lib/thumb/v7e-m/fpv4-sp/hard\libcr_c.a(errno.o)
 .ARM.attributes
                0x000009f1       0x39 c:/nxp/mcuxpressoide_10.1.1_606/ide/tools/bin/../lib/gcc/arm-none-eabi/6.3.1/../../../../arm-none-eabi/lib/thumb/v7e-m/fpv4-sp/hard\libcr_c.a(fclose.o)
 .ARM.attributes
                0x00000a2a       0x39 c:/nxp/mcuxpressoide_10.1.1_606/ide/tools/bin/../lib/gcc/arm-none-eabi/6.3.1/../../../../arm-none-eabi/lib/thumb/v7e-m/fpv4-sp/hard\libcr_c.a(fflush.o)
 .ARM.attributes
                0x00000a63       0x39 c:/nxp/mcuxpressoide_10.1.1_606/ide/tools/bin/../lib/gcc/arm-none-eabi/6.3.1/../../../../arm-none-eabi/lib/thumb/v7e-m/fpv4-sp/hard\libcr_c.a(remove.o)
 .ARM.attributes
                0x00000a9c       0x39 c:/nxp/mcuxpressoide_10.1.1_606/ide/tools/bin/../lib/gcc/arm-none-eabi/6.3.1/../../../../arm-none-eabi/lib/thumb/v7e-m/fpv4-sp/hard\libcr_c.a(_cr_check_heap.o)
 .ARM.attributes
                0x00000ad5       0x39 c:/nxp/mcuxpressoide_10.1.1_606/ide/tools/bin/../lib/gcc/arm-none-eabi/6.3.1/../../../../arm-none-eabi/lib/thumb/v7e-m/fpv4-sp/hard\libcr_c.a(_do_fflush.o)
 .ARM.attributes
                0x00000b0e       0x39 c:/nxp/mcuxpressoide_10.1.1_606/ide/tools/bin/../lib/gcc/arm-none-eabi/6.3.1/thumb/v7e-m/fpv4-sp/hard\libcr_eabihelpers.a(double.o)
 .ARM.attributes
                0x00000b47       0x25 c:/nxp/mcuxpressoide_10.1.1_606/ide/tools/bin/../lib/gcc/arm-none-eabi/6.3.1/thumb/v7e-m/fpv4-sp/hard\libcr_eabihelpers.a(memcpy.o)
 .ARM.attributes
                0x00000b6c       0x25 c:/nxp/mcuxpressoide_10.1.1_606/ide/tools/bin/../lib/gcc/arm-none-eabi/6.3.1/../../../../arm-none-eabi/lib/thumb/v7e-m/fpv4-sp/hard\libcr_semihost_nf.a(__sys_close.o)
 .ARM.attributes
                0x00000b91       0x25 c:/nxp/mcuxpressoide_10.1.1_606/ide/tools/bin/../lib/gcc/arm-none-eabi/6.3.1/../../../../arm-none-eabi/lib/thumb/v7e-m/fpv4-sp/hard\libcr_semihost_nf.a(__sys_flen.o)
 .ARM.attributes
                0x00000bb6       0x25 c:/nxp/mcuxpressoide_10.1.1_606/ide/tools/bin/../lib/gcc/arm-none-eabi/6.3.1/../../../../arm-none-eabi/lib/thumb/v7e-m/fpv4-sp/hard\libcr_semihost_nf.a(__sys_istty.o)
 .ARM.attributes
                0x00000bdb       0x25 c:/nxp/mcuxpressoide_10.1.1_606/ide/tools/bin/../lib/gcc/arm-none-eabi/6.3.1/../../../../arm-none-eabi/lib/thumb/v7e-m/fpv4-sp/hard\libcr_semihost_nf.a(__sys_remove.o)
 .ARM.attributes
                0x00000c00       0x25 c:/nxp/mcuxpressoide_10.1.1_606/ide/tools/bin/../lib/gcc/arm-none-eabi/6.3.1/../../../../arm-none-eabi/lib/thumb/v7e-m/fpv4-sp/hard\libcr_semihost_nf.a(__sys_seek.o)
 .ARM.attributes
                0x00000c25       0x25 c:/nxp/mcuxpressoide_10.1.1_606/ide/tools/bin/../lib/gcc/arm-none-eabi/6.3.1/../../../../arm-none-eabi/lib/thumb/v7e-m/fpv4-sp/hard\libcr_semihost_nf.a(__sys_tmpnam.o)
 .ARM.attributes
                0x00000c4a       0x25 c:/nxp/mcuxpressoide_10.1.1_606/ide/tools/bin/../lib/gcc/arm-none-eabi/6.3.1/../../../../arm-none-eabi/lib/thumb/v7e-m/fpv4-sp/hard\libcr_semihost_nf.a(__sys_write.o)

.debug_frame    0x00000000     0x1e78
 .debug_frame   0x00000000       0x58 ./utilities/fsl_debug_console.o
 .debug_frame   0x00000058       0x8c ./utilities/fsl_io.o
 .debug_frame   0x000000e4       0xc4 ./utilities/fsl_log.o
 .debug_frame   0x000001a8      0x904 ./startup/startup_mk64f12.o
 .debug_frame   0x00000aac       0x60 ./source/rfft.o
 .debug_frame   0x00000b0c       0x20 ./source/semihost_hardfault.o
 .debug_frame   0x00000b2c      0x4ac ./drivers/fsl_clock.o
 .debug_frame   0x00000fd8      0x4d0 ./drivers/fsl_flash.o
 .debug_frame   0x000014a8      0x3bc ./drivers/fsl_sai.o
 .debug_frame   0x00001864       0xe8 ./drivers/fsl_smc.o
 .debug_frame   0x0000194c      0x380 ./drivers/fsl_uart.o
 .debug_frame   0x00001ccc       0x2c ./board/board.o
 .debug_frame   0x00001cf8       0x58 ./board/clock_config.o
 .debug_frame   0x00001d50       0x20 ./board/peripherals.o
 .debug_frame   0x00001d70       0x48 ./board/pin_mux.o
 .debug_frame   0x00001db8       0x60 ./CMSIS/system_MK64F12.o
 .debug_frame   0x00001e18       0x2c C:\Users\surya\mcuxpresso\01\SDKPackages\SDK_2.3.1_FRDM-K64F\CMSIS\Lib\GCC\libarm_cortexM4lf_math.a(arm_fill_f32.o)
 .debug_frame   0x00001e44       0x34 C:\Users\surya\mcuxpresso\01\SDKPackages\SDK_2.3.1_FRDM-K64F\CMSIS\Lib\GCC\libarm_cortexM4lf_math.a(arm_rfft_fast_init_f32.o)

.debug_ranges   0x00000000     0x1fb8
 .debug_ranges  0x00000000       0x18 ./utilities/fsl_log.o
 .debug_ranges  0x00000018       0x78 ./startup/startup_mk64f12.o
 .debug_ranges  0x00000090       0x60 ./source/rfft.o
 .debug_ranges  0x000000f0      0xb98 ./drivers/fsl_clock.o
 .debug_ranges  0x00000c88      0xd28 ./drivers/fsl_flash.o
 .debug_ranges  0x000019b0      0x2c0 ./drivers/fsl_sai.o
 .debug_ranges  0x00001c70      0x1a8 ./drivers/fsl_uart.o
 .debug_ranges  0x00001e18       0x90 ./board/clock_config.o
 .debug_ranges  0x00001ea8       0xf0 ./board/pin_mux.o
 .debug_ranges  0x00001f98       0x10 C:\Users\surya\mcuxpresso\01\SDKPackages\SDK_2.3.1_FRDM-K64F\CMSIS\Lib\GCC\libarm_cortexM4lf_math.a(arm_fill_f32.o)
 .debug_ranges  0x00001fa8       0x10 C:\Users\surya\mcuxpresso\01\SDKPackages\SDK_2.3.1_FRDM-K64F\CMSIS\Lib\GCC\libarm_cortexM4lf_math.a(arm_rfft_fast_init_f32.o)