Archive member included to satisfy reference by file (symbol)

c:/nxp/mcuxpressoide_10.1.1_606/ide/tools/bin/../lib/gcc/arm-none-eabi/6.3.1/../../../../arm-none-eabi/lib/thumb/v7e-m/fpv4-sp/hard\libcr_semihost_nf.a(_cr__main.o)
                              ./startup/startup_mk64f12.o (__main)
c:/nxp/mcuxpressoide_10.1.1_606/ide/tools/bin/../lib/gcc/arm-none-eabi/6.3.1/../../../../arm-none-eabi/lib/thumb/v7e-m/fpv4-sp/hard\libcr_semihost_nf.a(_cr_assert.o)
                              ./utilities/fsl_debug_console.o (__assertion_failed)
c:/nxp/mcuxpressoide_10.1.1_606/ide/tools/bin/../lib/gcc/arm-none-eabi/6.3.1/../../../../arm-none-eabi/lib/thumb/v7e-m/fpv4-sp/hard\libcr_semihost_nf.a(__ciob.o)
                              c:/nxp/mcuxpressoide_10.1.1_606/ide/tools/bin/../lib/gcc/arm-none-eabi/6.3.1/../../../../arm-none-eabi/lib/thumb/v7e-m/fpv4-sp/hard\libcr_semihost_nf.a(_cr_assert.o) (__Ciob)
c:/nxp/mcuxpressoide_10.1.1_606/ide/tools/bin/../lib/gcc/arm-none-eabi/6.3.1/../../../../arm-none-eabi/lib/thumb/v7e-m/fpv4-sp/hard\libcr_semihost_nf.a(__sys_appexit.o)
                              c:/nxp/mcuxpressoide_10.1.1_606/ide/tools/bin/../lib/gcc/arm-none-eabi/6.3.1/../../../../arm-none-eabi/lib/thumb/v7e-m/fpv4-sp/hard\libcr_semihost_nf.a(_cr_assert.o) (__sys_appexit)
c:/nxp/mcuxpressoide_10.1.1_606/ide/tools/bin/../lib/gcc/arm-none-eabi/6.3.1/../../../../arm-none-eabi/lib/thumb/v7e-m/fpv4-sp/hard\libcr_c.a(memcpy.o)
                              ./source/Com.o (memcpy)
c:/nxp/mcuxpressoide_10.1.1_606/ide/tools/bin/../lib/gcc/arm-none-eabi/6.3.1/../../../../arm-none-eabi/lib/thumb/v7e-m/fpv4-sp/hard\libcr_c.a(memset.o)
                              ./source/Com.o (memset)
c:/nxp/mcuxpressoide_10.1.1_606/ide/tools/bin/../lib/gcc/arm-none-eabi/6.3.1/../../../../arm-none-eabi/lib/thumb/v7e-m/fpv4-sp/hard\libcr_c.a(_deferredlazyseek.o)
                              c:/nxp/mcuxpressoide_10.1.1_606/ide/tools/bin/../lib/gcc/arm-none-eabi/6.3.1/../../../../arm-none-eabi/lib/thumb/v7e-m/fpv4-sp/hard\libcr_semihost_nf.a(_cr_assert.o) (__flsbuf)
c:/nxp/mcuxpressoide_10.1.1_606/ide/tools/bin/../lib/gcc/arm-none-eabi/6.3.1/../../../../arm-none-eabi/lib/thumb/v7e-m/fpv4-sp/hard\libcr_c.a(_fflush.o)
                              c:/nxp/mcuxpressoide_10.1.1_606/ide/tools/bin/../lib/gcc/arm-none-eabi/6.3.1/../../../../arm-none-eabi/lib/thumb/v7e-m/fpv4-sp/hard\libcr_c.a(_deferredlazyseek.o) (_fflush)
c:/nxp/mcuxpressoide_10.1.1_606/ide/tools/bin/../lib/gcc/arm-none-eabi/6.3.1/../../../../arm-none-eabi/lib/thumb/v7e-m/fpv4-sp/hard\libcr_c.a(_writebuf.o)
                              c:/nxp/mcuxpressoide_10.1.1_606/ide/tools/bin/../lib/gcc/arm-none-eabi/6.3.1/../../../../arm-none-eabi/lib/thumb/v7e-m/fpv4-sp/hard\libcr_c.a(_deferredlazyseek.o) (_Cwritebuf)
c:/nxp/mcuxpressoide_10.1.1_606/ide/tools/bin/../lib/gcc/arm-none-eabi/6.3.1/../../../../arm-none-eabi/lib/thumb/v7e-m/fpv4-sp/hard\libcr_c.a(alloc.o)
                              ./drivers/fsl_common.o (malloc)
c:/nxp/mcuxpressoide_10.1.1_606/ide/tools/bin/../lib/gcc/arm-none-eabi/6.3.1/../../../../arm-none-eabi/lib/thumb/v7e-m/fpv4-sp/hard\libcr_c.a(atan2.o)
                              ./source/Com.o (atan2)
c:/nxp/mcuxpressoide_10.1.1_606/ide/tools/bin/../lib/gcc/arm-none-eabi/6.3.1/../../../../arm-none-eabi/lib/thumb/v7e-m/fpv4-sp/hard\libcr_c.a(cos.o)
                              ./source/Com.o (cos)
c:/nxp/mcuxpressoide_10.1.1_606/ide/tools/bin/../lib/gcc/arm-none-eabi/6.3.1/../../../../arm-none-eabi/lib/thumb/v7e-m/fpv4-sp/hard\libcr_c.a(errno.o)
                              c:/nxp/mcuxpressoide_10.1.1_606/ide/tools/bin/../lib/gcc/arm-none-eabi/6.3.1/../../../../arm-none-eabi/lib/thumb/v7e-m/fpv4-sp/hard\libcr_c.a(atan2.o) (errno)
c:/nxp/mcuxpressoide_10.1.1_606/ide/tools/bin/../lib/gcc/arm-none-eabi/6.3.1/../../../../arm-none-eabi/lib/thumb/v7e-m/fpv4-sp/hard\libcr_c.a(exp.o)
                              ./source/Com.o (exp)
c:/nxp/mcuxpressoide_10.1.1_606/ide/tools/bin/../lib/gcc/arm-none-eabi/6.3.1/../../../../arm-none-eabi/lib/thumb/v7e-m/fpv4-sp/hard\libcr_c.a(fabs.o)
                              c:/nxp/mcuxpressoide_10.1.1_606/ide/tools/bin/../lib/gcc/arm-none-eabi/6.3.1/../../../../arm-none-eabi/lib/thumb/v7e-m/fpv4-sp/hard\libcr_c.a(atan2.o) (fabs)
c:/nxp/mcuxpressoide_10.1.1_606/ide/tools/bin/../lib/gcc/arm-none-eabi/6.3.1/../../../../arm-none-eabi/lib/thumb/v7e-m/fpv4-sp/hard\libcr_c.a(fpprintf.o)
                              ./source/Com.o (printf)
c:/nxp/mcuxpressoide_10.1.1_606/ide/tools/bin/../lib/gcc/arm-none-eabi/6.3.1/../../../../arm-none-eabi/lib/thumb/v7e-m/fpv4-sp/hard\libcr_c.a(fputs.o)
                              c:/nxp/mcuxpressoide_10.1.1_606/ide/tools/bin/../lib/gcc/arm-none-eabi/6.3.1/../../../../arm-none-eabi/lib/thumb/v7e-m/fpv4-sp/hard\libcr_semihost_nf.a(_cr_assert.o) (fputs)
c:/nxp/mcuxpressoide_10.1.1_606/ide/tools/bin/../lib/gcc/arm-none-eabi/6.3.1/../../../../arm-none-eabi/lib/thumb/v7e-m/fpv4-sp/hard\libcr_c.a(fseek.o)
[...]
Memory Configuration

Name             Origin             Length             Attributes
PROGRAM_FLASH    0x00000000         0x00100000         xr
SRAM_UPPER       0x20000000         0x00030000         xrw
SRAM_LOWER       0x1fff0000         0x00010000         xrw
FLEX_RAM         0x14000000         0x00001000         xrw
*default*        0x00000000         0xffffffff

Linker script and memory map

LOAD ./utilities/fsl_debug_console.o
LOAD ./utilities/fsl_io.o
LOAD ./utilities/fsl_log.o
LOAD ./utilities/fsl_str.o
LOAD ./startup/startup_mk64f12.o
LOAD ./source/Com.o
LOAD ./source/data.o
LOAD ./source/semihost_hardfault.o
LOAD ./drivers/fsl_clock.o
LOAD ./drivers/fsl_common.o
LOAD ./drivers/fsl_flash.o
LOAD ./drivers/fsl_gpio.o
LOAD ./drivers/fsl_smc.o
LOAD ./drivers/fsl_uart.o
LOAD ./board/board.o
LOAD ./board/clock_config.o
LOAD ./board/peripherals.o
LOAD ./board/pin_mux.o
LOAD ./CMSIS/system_MK64F12.o
LOAD C:\Users\surya\mcuxpresso\01\SDKPackages\SDK_2.3.1_FRDM-K64F\CMSIS\Lib\GCC\libarm_cortexM4lf_math.a
START GROUP
LOAD c:/nxp/mcuxpressoide_10.1.1_606/ide/tools/bin/../lib/gcc/arm-none-eabi/6.3.1/../../../../arm-none-eabi/lib/thumb/v7e-m/fpv4-sp/hard\libcr_semihost_nf.a
LOAD c:/nxp/mcuxpressoide_10.1.1_606/ide/tools/bin/../lib/gcc/arm-none-eabi/6.3.1/../../../../arm-none-eabi/lib/thumb/v7e-m/fpv4-sp/hard\libcr_c.a
LOAD c:/nxp/mcuxpressoide_10.1.1_606/ide/tools/bin/../lib/gcc/arm-none-eabi/6.3.1/thumb/v7e-m/fpv4-sp/hard\libcr_eabihelpers.a
END GROUP
                0x00000000                __base_PROGRAM_FLASH = 0x0
                0x00000000                __base_Flash = 0x0
                0x00100000                __top_PROGRAM_FLASH = 0x100000
                0x00100000                __top_Flash = 0x100000
                0x20000000                __base_SRAM_UPPER = 0x20000000
                0x20000000                __base_RAM = 0x20000000
                0x20030000                __top_SRAM_UPPER = 0x20030000
                0x20030000                __top_RAM = 0x20030000
                0x1fff0000                __base_SRAM_LOWER = 0x1fff0000
                0x1fff0000                __base_RAM2 = 0x1fff0000
                0x20000000                __top_SRAM_LOWER = 0x20000000
                0x20000000                __top_RAM2 = 0x20000000
                0x14000000                __base_FLEX_RAM = 0x14000000
                0x14000000                __base_RAM3 = 0x14000000
                0x14001000                __top_FLEX_RAM = 0x14001000
                0x14001000                __top_RAM3 = 0x14001000

.text           0x00000000     0x9ec8
 FILL mask 0xff
                0x00000000                __vectors_start__ = ABSOLUTE (.)
 *(.isr_vector)
 .isr_vector    0x00000000      0x198 ./startup/startup_mk64f12.o
                0x00000000                g_pfnVectors
                0x00000000                __Vectors
                0x00000198                . = ALIGN (0x4)
                0x00000198                __section_table_start = .
                0x00000198                __data_section_table = .
                0x00000198        0x4 LONG 0x9ec8 LOADADDR (.data)
                0x0000019c        0x4 LONG 0x20000000 ADDR (.data)
                0x000001a0        0x4 LONG 0x1ba0 SIZEOF (.data)
                0x000001a4        0x4 LONG 0x9ec8 LOADADDR (.data_RAM2)
                0x000001a8        0x4 LONG 0x1fff0000 ADDR (.data_RAM2)
                0x000001ac        0x4 LONG 0x0 SIZEOF (.data_RAM2)
                0x000001b0        0x4 LONG 0x9ec8 LOADADDR (.data_RAM3)
                0x000001b4        0x4 LONG 0x14000000 ADDR (.data_RAM3)
                0x000001b8        0x4 LONG 0x0 SIZEOF (.data_RAM3)
                0x000001bc                __data_section_table_end = .
                0x000001bc                __bss_section_table = .
                0x000001bc        0x4 LONG 0x20001ba0 ADDR (.bss)
                0x000001c0        0x4 LONG 0x188 SIZEOF (.bss)
                0x000001c4        0x4 LONG 0x1fff0000 ADDR (.bss_RAM2)
                0x000001c8        0x4 LONG 0x0 SIZEOF (.bss_RAM2)
                0x000001cc        0x4 LONG 0x14000000 ADDR (.bss_RAM3)
                0x000001d0        0x4 LONG 0x0 SIZEOF (.bss_RAM3)
                0x000001d4                __bss_section_table_end = .
                0x000001d4                __section_table_end = .
 *(.after_vectors*)
 .after_vectors
                0x000001d4       0x14 ./startup/startup_mk64f12.o
                0x000001d4                NMI_Handler
                0x000001d8                MemManage_Handler
                0x000001da                BusFault_Handler
                0x000001dc                UsageFault_Handler
                0x000001de                SVC_Handler
                0x000001e0                DebugMon_Handler
                0x000001e2                PendSV_Handler
                0x000001e4                SysTick_Handler
                0x000001e6                DMA_Error_DriverIRQHandler
                0x000001e6                LPTMR0_DriverIRQHandler
                0x000001e6                FTM1_DriverIRQHandler
                0x000001e6                FTM2_DriverIRQHandler
                0x000001e6                PIT2_DriverIRQHandler
                0x000001e6                SDHC_DriverIRQHandler
                0x000001e6                I2S0_Tx_DriverIRQHandler
                0x000001e6                RTC_Seconds_DriverIRQHandler
                0x000001e6                DMA6_DriverIRQHandler
                0x000001e6                LLWU_DriverIRQHandler
                0x000001e6                MCM_DriverIRQHandler
                0x000001e6                MCG_DriverIRQHandler
                0x000001e6                ENET_1588_Timer_DriverIRQHandler
                0x000001e6                I2C2_DriverIRQHandler
                0x000001e6                DAC1_DriverIRQHandler
                0x000001e6                SPI1_DriverIRQHandler
                0x000001e6                CMP1_DriverIRQHandler
                0x000001e6                FTM0_DriverIRQHandler
                0x000001e6                IntDefaultHandler
                0x000001e6                USB0_DriverIRQHandler
                0x000001e6                UART5_ERR_DriverIRQHandler
                0x000001e6                PORTC_DriverIRQHandler
                0x000001e6                DMA11_DriverIRQHandler
                0x000001e6                DAC0_DriverIRQHandler
                0x000001e6                DMA10_DriverIRQHandler
                0x000001e6                CMP2_DriverIRQHandler
                0x000001e6                UART2_ERR_DriverIRQHandler
                0x000001e6                SPI2_DriverIRQHandler
                0x000001e6                LVD_LVW_DriverIRQHandler
                0x000001e6                PIT0_DriverIRQHandler
                0x000001e6                DMA12_DriverIRQHandler
                0x000001e6                DMA5_DriverIRQHandler
                0x000001e6                DMA4_DriverIRQHandler
                0x000001e6                USBDCD_DriverIRQHandler
                0x000001e6                UART3_ERR_DriverIRQHandler
                0x000001e6                DMA3_DriverIRQHandler
                0x000001e6                DMA8_DriverIRQHandler
                0x000001e6                DMA9_DriverIRQHandler
                0x000001e6                UART0_ERR_DriverIRQHandler
                0x000001e6                CMT_DriverIRQHandler
                0x000001e6                Reserved71_DriverIRQHandler
                0x000001e6                ADC1_DriverIRQHandler
                0x000001e6                PORTA_DriverIRQHandler
                0x000001e6                DMA14_DriverIRQHandler
                0x000001e6                PIT3_DriverIRQHandler
                0x000001e6                PIT1_DriverIRQHandler
                0x000001e6                WDOG_EWM_DriverIRQHandler
                0x000001e6                PDB0_DriverIRQHandler
                0x000001e6                RTC_DriverIRQHandler
                0x000001e6                I2S0_Rx_DriverIRQHandler
                0x000001e6                Read_Collision_DriverIRQHandler
                0x000001e6                SWI_DriverIRQHandler
                0x000001e6                UART4_ERR_DriverIRQHandler
                0x000001e6                PORTB_DriverIRQHandler
                0x000001e6                UART0_LON_DriverIRQHandler
                0x000001e6                DMA0_DriverIRQHandler
                0x000001e6                DMA1_DriverIRQHandler
                0x000001e6                I2C1_DriverIRQHandler
                0x000001e6                ENET_Receive_DriverIRQHandler
                0x000001e6                DMA13_DriverIRQHandler
                0x000001e6                ENET_Error_DriverIRQHandler
                0x000001e6                DMA15_DriverIRQHandler
                0x000001e6                SPI0_DriverIRQHandler
                0x000001e6                ADC0_DriverIRQHandler
                0x000001e6                CMP0_DriverIRQHandler
                0x000001e6                CAN0_DriverIRQHandler
                0x000001e6                FTM3_DriverIRQHandler
                0x000001e6                RNG_DriverIRQHandler
                0x000001e6                UART1_ERR_DriverIRQHandler
                0x000001e6                DMA2_DriverIRQHandler
                0x000001e6                ENET_Transmit_DriverIRQHandler
                0x000001e6                PORTD_DriverIRQHandler
                0x000001e6                PORTE_DriverIRQHandler
                0x000001e6                FTFE_DriverIRQHandler
                0x000001e6                I2C0_DriverIRQHandler
                0x000001e6                DMA7_DriverIRQHandler
 .after_vectors.init_data
                0x000001e8       0x1e ./startup/startup_mk64f12.o
                0x000001e8                data_init
 .after_vectors.init_bss
                0x00000206       0x12 ./startup/startup_mk64f12.o
                0x00000206                bss_init
 .after_vectors.reset
                0x00000218       0x50 ./startup/startup_mk64f12.o
                0x00000218                ResetISR
                0x00000400                . = 0x400
 *fill*         0x00000268      0x198 ff
                0x00000400                PROVIDE (__FLASH_CONFIG_START__, .)
 *(.FlashConfig)
 .FlashConfig   0x00000400       0x10 ./startup/startup_mk64f12.o
                0x00000400                Flash_Config
                0x00000410                PROVIDE (__FLASH_CONFIG_END__, .)
                0x00000001                ASSERT (! ((__FLASH_CONFIG_START__ == __FLASH_CONFIG_END__)), Linker Flash Config Support Enabled, but no .FlashConfig section provided within application)
 *(.text*)
 .text          0x00000410       0x2c ./utilities/fsl_debug_console.o
                0x00000410                DbgConsole_Init
                0x0000042c                DbgConsole_Deinit
                0x00000438                DbgConsole_Flush
 .text          0x0000043c       0xcc ./utilities/fsl_io.o
                0x0000043c                IO_Init
                0x00000494                IO_Deinit
                0x000004b8                IO_WaitIdle
                0x000004d4                IO_Transfer
 .text          0x00000508      0x104 ./utilities/fsl_log.o
                0x00000508                LOG_Init
                0x00000528                LOG_Deinit
                0x0000052c                LOG_WaitIdle
                0x00000538                LOG_Push
                0x0000055c                LOG_Pop
                0x00000578                LOG_ReadLine
                0x000005e8                LOG_ReadCharacter
 .text          0x0000060c      0x2b0 ./startup/startup_mk64f12.o
                0x0000060c                DMA0_IRQHandler
                0x00000614                DMA1_IRQHandler
                0x0000061c                DMA2_IRQHandler
                0x00000624                DMA3_IRQHandler
                0x0000062c                DMA4_IRQHandler
                0x00000634                DMA5_IRQHandler
                0x0000063c                DMA6_IRQHandler
                0x00000644                DMA7_IRQHandler
                0x0000064c                DMA8_IRQHandler
                0x00000654                DMA9_IRQHandler
                0x0000065c                DMA10_IRQHandler
                0x00000664                DMA11_IRQHandler
                0x0000066c                DMA12_IRQHandler
                0x00000674                DMA13_IRQHandler
                0x0000067c                DMA14_IRQHandler
                0x00000684                DMA15_IRQHandler
                0x0000068c                DMA_Error_IRQHandler
                0x00000694                MCM_IRQHandler
                0x0000069c                FTFE_IRQHandler
                0x000006a4                Read_Collision_IRQHandler
                0x000006ac                LVD_LVW_IRQHandler
                0x000006b4                LLWU_IRQHandler
                0x000006bc                WDOG_EWM_IRQHandler
                0x000006c4                RNG_IRQHandler
                0x000006cc                I2C0_IRQHandler
                0x000006d4                I2C1_IRQHandler
                0x000006dc                SPI0_IRQHandler
                0x000006e4                SPI1_IRQHandler
                0x000006ec                I2S0_Tx_IRQHandler
                0x000006f4                I2S0_Rx_IRQHandler
                0x000006fc                UART0_LON_IRQHandler
                0x00000704                UART0_RX_TX_IRQHandler
                0x0000070c                UART0_ERR_IRQHandler
                0x00000714                UART1_RX_TX_IRQHandler
                0x0000071c                UART1_ERR_IRQHandler
                0x00000724                UART2_RX_TX_IRQHandler
                0x0000072c                UART2_ERR_IRQHandler
                0x00000734                UART3_RX_TX_IRQHandler
                0x0000073c                UART3_ERR_IRQHandler
                0x00000744                ADC0_IRQHandler
                0x0000074c                CMP0_IRQHandler
                0x00000754                CMP1_IRQHandler
                0x0000075c                FTM0_IRQHandler
                0x00000764                FTM1_IRQHandler
                0x0000076c                FTM2_IRQHandler
                0x00000774                CMT_IRQHandler
                0x0000077c                RTC_IRQHandler
                0x00000784                RTC_Seconds_IRQHandler
                0x0000078c                PIT0_IRQHandler
                0x00000794                PIT1_IRQHandler
                0x0000079c                PIT2_IRQHandler
                0x000007a4                PIT3_IRQHandler
                0x000007ac                PDB0_IRQHandler
                0x000007b4                USB0_IRQHandler
                0x000007bc                USBDCD_IRQHandler
                0x000007c4                Reserved71_IRQHandler
                0x000007cc                DAC0_IRQHandler
                0x000007d4                MCG_IRQHandler
                0x000007dc                LPTMR0_IRQHandler
                0x000007e4                PORTA_IRQHandler
                0x000007ec                PORTB_IRQHandler
                0x000007f4                PORTC_IRQHandler
                0x000007fc                PORTD_IRQHandler
                0x00000804                PORTE_IRQHandler
                0x0000080c                SWI_IRQHandler
                0x00000814                SPI2_IRQHandler
                0x0000081c                UART4_RX_TX_IRQHandler
                0x00000824                UART4_ERR_IRQHandler
                0x0000082c                UART5_RX_TX_IRQHandler
                0x00000834                UART5_ERR_IRQHandler
                0x0000083c                CMP2_IRQHandler
                0x00000844                FTM3_IRQHandler
                0x0000084c                DAC1_IRQHandler
                0x00000854                ADC1_IRQHandler
                0x0000085c                I2C2_IRQHandler
                0x00000864                CAN0_Wake_Up_IRQHandler
                0x0000086c                CAN0_Rx_Warning_IRQHandler
                0x00000874                CAN0_Tx_Warning_IRQHandler
                0x0000087c                CAN0_Error_IRQHandler
                0x00000884                CAN0_Bus_Off_IRQHandler
                0x0000088c                CAN0_ORed_Message_buffer_IRQHandler
                0x00000894                SDHC_IRQHandler
                0x0000089c                ENET_1588_Timer_IRQHandler
                0x000008a4                ENET_Transmit_IRQHandler
                0x000008ac                ENET_Receive_IRQHandler
                0x000008b4                ENET_Error_IRQHandler
 *fill*         0x000008bc        0x4 ff
 .text          0x000008c0      0x664 ./source/Com.o
                0x00000c5c                delay
                0x00000c84                fft2
                0x00000c8c                separate
                0x00000cfc                fftshift
                0x00000d60                cpow
                0x00000eb8                cab
 .text.startup  0x00000f24      0x328 ./source/Com.o
                0x00000f24                main
 .text          0x0000124c       0x28 ./source/semihost_hardfault.o
                0x0000124c                HardFault_Handler
 .text          0x00001274     0x1c18 ./drivers/fsl_clock.o
                0x00001274                CLOCK_FllStableDelay
                0x00001328                CLOCK_GetOsc0ErClkFreq
                0x00001350                CLOCK_GetEr32kClkFreq
                0x000013b0                CLOCK_GetPllFllSelClkFreq
                0x00001490                CLOCK_GetPlatClkFreq
                0x000015bc                CLOCK_GetFlashClkFreq
                0x000016e8                CLOCK_GetFlexBusClkFreq
                0x00001814                CLOCK_GetBusClkFreq
                0x00001940                CLOCK_GetCoreSysClkFreq
                0x00001a6c                CLOCK_SetSimConfig
                0x00001aac                CLOCK_EnableUsbfs0Clock
                0x00001b84                CLOCK_GetOutClkFreq
                0x00001c98                CLOCK_GetFreq
                0x00001eb0                CLOCK_GetFllFreq
                0x00001f00                CLOCK_GetInternalRefClkFreq
                0x00001f2c                CLOCK_GetFixedFreqClkFreq
                0x000020e4                CLOCK_GetPll0Freq
                0x0000215c                CLOCK_SetExternalRefClkConfig
                0x00002198                CLOCK_SetInternalRefClkConfig
                0x0000221c                CLOCK_CalcPllDiv
                0x000022e8                CLOCK_EnablePll0
                0x00002328                CLOCK_SetOsc0MonitorMode
                0x00002360                CLOCK_SetRtcOscMonitorMode
                0x00002380                CLOCK_SetPll0MonitorMode
                0x000023b8                CLOCK_GetStatusFlags
                0x000023f0                CLOCK_ClearStatusFlags
                0x0000241c                CLOCK_InitOsc0
                0x00002488                CLOCK_DeinitOsc0
                0x000024a4                CLOCK_TrimInternalRefClk
                0x00002554                CLOCK_GetMode
                0x000025a8                CLOCK_SetFeiMode
                0x00002608                CLOCK_SetFeeMode
                0x00002694                CLOCK_SetFbiMode
                0x000026fc                CLOCK_SetFbeMode
                0x00002780                CLOCK_SetBlpiMode
                0x00002794                CLOCK_SetBlpeMode
                0x000027a8                CLOCK_SetPbeMode
                0x0000282c                CLOCK_SetPeeMode
                0x00002848                CLOCK_ExternalModeToFbeModeQuick
                0x00002880                CLOCK_InternalModeToFbiModeQuick
                0x000028a8                CLOCK_BootToFeiMode
                0x00002908                CLOCK_BootToFeeMode
                0x00002958                CLOCK_BootToBlpiMode
                0x0000298c                CLOCK_BootToBlpeMode
                0x00002a00                CLOCK_BootToPeeMode
                0x00002a64                CLOCK_SetMcgConfig
 .text          0x00002e8c     0x141c ./drivers/fsl_flash.o
                0x00002fe8                FLASH_Init
                0x0000309c                FLASH_PrepareExecuteInRamFunctions
                0x000030ec                FLASH_EraseAll
                0x0000318c                FLASH_Erase
                0x000032f8                FLASH_EraseAllExecuteOnlySegments
                0x00003398                FLASH_Program
                0x00003500                FLASH_ProgramOnce
                0x000035b0                FLASH_ProgramSection
                0x0000378c                FLASH_ReadResource
                0x000037a4                FLASH_ReadOnce
                0x00003820                FLASH_GetSecurityState
                0x00003860                FLASH_SecurityBypass
                0x00003900                FLASH_VerifyEraseAll
                0x00003960                FLASH_VerifyErase
                0x00003ac4                FLASH_VerifyProgram
                0x00003c0c                FLASH_VerifyEraseAllExecuteOnlySegments
                0x00003c6c                FLASH_IsProtected
                0x00003d9c                FLASH_IsExecuteOnly
                0x00003dd4                FLASH_GetProperty
                0x00003e48                FLASH_SetProperty
                0x00003e58                FLASH_SwapControl
                0x00003f08                FLASH_Swap
                0x00004178                FLASH_PflashSetProtection
                0x00004198                FLASH_PflashGetProtection
                0x000041b0                FLASH_PflashSetPrefetchSpeculation
                0x000041fc                FLASH_PflashGetPrefetchSpeculation
                0x00004220                fmc_flash_cache_clear
                0x00004244                fmc_flash_prefetch_speculation_clear
                0x00004268                flash_cache_clear
 .text          0x000042a8       0xe8 ./drivers/fsl_gpio.o
                0x000042a8                GPIO_PinInit
                0x000042f0                GPIO_PortGetInterruptFlags
                0x00004340                GPIO_PortClearInterruptFlags
 .text          0x00004390      0x1ec ./drivers/fsl_smc.o
                0x00004390                SMC_PreEnterStopModes
                0x000043c0                SMC_PostExitStopModes
                0x000043ec                SMC_PreEnterWaitModes
                0x00004400                SMC_PostExitWaitModes
                0x00004414                SMC_SetPowerModeRun
                0x00004424                SMC_SetPowerModeWait
                0x00004440                SMC_SetPowerModeStop
                0x00004474                SMC_SetPowerModeVlpr
                0x00004494                SMC_SetPowerModeVlpw
                0x000044b0                SMC_SetPowerModeVlps
                0x000044e8                SMC_SetPowerModeLls
                0x00004520                SMC_SetPowerModeVlls
 .text          0x0000457c      0xfb4 ./drivers/fsl_uart.o
                0x0000457c                UART_TransferHandleIRQ
                0x00004a30                UART_GetInstance
                0x00004a88                UART_TransferGetRxRingBufferLength
                0x00004abc                UART_Init
                0x00004c88                UART_Deinit
                0x00004d10                UART_GetDefaultConfig
                0x00004d38                UART_SetBaudRate
                0x00004dc8                UART_EnableInterrupts
                0x00004df8                UART_DisableInterrupts
                0x00004e24                UART_GetEnabledInterrupts
                0x00004e48                UART_GetStatusFlags
                0x00004e60                UART_ClearStatusFlags
                0x00004eb0                UART_WriteBlocking
                0x00004ec8                UART_ReadBlocking
                0x00004f2c                UART_TransferCreateHandle
                0x00004fe8                UART_TransferStartRingBuffer
                0x0000504c                UART_TransferStopRingBuffer
                0x000050ac                UART_TransferSendNonBlocking
                0x0000511c                UART_TransferAbortSend
                0x00005150                UART_TransferGetSendCount
                0x00005180                UART_TransferReceiveNonBlocking
                0x00005334                UART_TransferAbortReceive
                0x00005390                UART_TransferGetReceiveCount
                0x000053c4                UART_TransferHandleErrorIRQ
                0x000053c8                UART0_DriverIRQHandler
                0x000053e4                UART0_RX_TX_DriverIRQHandler
                0x00005404                UART1_DriverIRQHandler
                0x00005420                UART1_RX_TX_DriverIRQHandler
                0x00005440                UART2_DriverIRQHandler
                0x0000545c                UART2_RX_TX_DriverIRQHandler
                0x0000547c                UART3_DriverIRQHandler
                0x00005498                UART3_RX_TX_DriverIRQHandler
                0x000054b8                UART4_DriverIRQHandler
                0x000054d4                UART4_RX_TX_DriverIRQHandler
                0x000054f4                UART5_DriverIRQHandler
                0x00005510                UART5_RX_TX_DriverIRQHandler
 .text          0x00005530       0x1c ./board/board.o
                0x00005530                BOARD_InitDebugConsole
 .text          0x0000554c      0x120 ./board/clock_config.o
                0x0000554c                BOARD_InitBootClocks
                0x000055b4                BOARD_BootClockRUN
                0x0000561c                BOARD_BootClockVLPR
 .text          0x0000566c        0x4 ./board/peripherals.o
                0x0000566c                BOARD_InitBootPeripherals
 .text          0x00005670      0x2d8 ./board/pin_mux.o
                0x00005670                BOARD_InitBootPins
                0x000056b0                BOARD_InitPins
                0x000056b4                BOARD_InitButtons
                0x000056f4                BOARD_InitLEDs
                0x00005768                BOARD_InitDEBUG_UART
                0x000057ac                BOARD_InitOSC
                0x000057cc                BOARD_InitACCEL
                0x0000581c                BOARD_InitENET
                0x000058ac                BOARD_InitSDHC
                0x00005904                BOARD_InitUSB
                0x00005908                BOARD_InitPins0
 .text          0x00005948      0x1dc ./CMSIS/system_MK64F12.o
                0x00005948                SystemCoreClockUpdate
                0x00005aec                SystemInitHook
                0x00005af0                SystemInit
 .text.__main   0x00005b24        0xe c:/nxp/mcuxpressoide_10.1.1_606/ide/tools/bin/../lib/gcc/arm-none-eabi/6.3.1/../../../../arm-none-eabi/lib/thumb/v7e-m/fpv4-sp/hard\libcr_semihost_nf.a(_cr__main.o)
                0x00005b24                __CR_SEMIHOST
                0x00005b24                __main
 *fill*         0x00005b32        0x2 ff
 .text.__assertion_failed
                0x00005b34       0x4c c:/nxp/mcuxpressoide_10.1.1_606/ide/tools/bin/../lib/gcc/arm-none-eabi/6.3.1/../../../../arm-none-eabi/lib/thumb/v7e-m/fpv4-sp/hard\libcr_semihost_nf.a(_cr_assert.o)
                0x00005b34                __assertion_failed
 .text.__sys_appexit
                0x00005b80        0xc c:/nxp/mcuxpressoide_10.1.1_606/ide/tools/bin/../lib/gcc/arm-none-eabi/6.3.1/../../../../arm-none-eabi/lib/thumb/v7e-m/fpv4-sp/hard\libcr_semihost_nf.a(__sys_appexit.o)
                0x00005b80                __sys_appexit
                0x00005b80                __exit
 .text.memcpy   0x00005b8c        0x4 c:/nxp/mcuxpressoide_10.1.1_606/ide/tools/bin/../lib/gcc/arm-none-eabi/6.3.1/../../../../arm-none-eabi/lib/thumb/v7e-m/fpv4-sp/hard\libcr_c.a(memcpy.o)
                0x00005b8c                memcpy
 .text.memset   0x00005b90        0x4 c:/nxp/mcuxpressoide_10.1.1_606/ide/tools/bin/../lib/gcc/arm-none-eabi/6.3.1/../../../../arm-none-eabi/lib/thumb/v7e-m/fpv4-sp/hard\libcr_c.a(memset.o)
                0x00005b90                memset
 .text._deferredlazyseek
                0x00005b94       0x40 c:/nxp/mcuxpressoide_10.1.1_606/ide/tools/bin/../lib/gcc/arm-none-eabi/6.3.1/../../../../arm-none-eabi/lib/thumb/v7e-m/fpv4-sp/hard\libcr_c.a(_deferredlazyseek.o)
                0x00005b94                _deferredlazyseek
 .text.__flsbuf
                0x00005bd4      0x148 c:/nxp/mcuxpressoide_10.1.1_606/ide/tools/bin/../lib/gcc/arm-none-eabi/6.3.1/../../../../arm-none-eabi/lib/thumb/v7e-m/fpv4-sp/hard\libcr_c.a(_deferredlazyseek.o)
                0x00005bd4                __flsbuf
 .text._fflush  0x00005d1c       0x54 c:/nxp/mcuxpressoide_10.1.1_606/ide/tools/bin/../lib/gcc/arm-none-eabi/6.3.1/../../../../arm-none-eabi/lib/thumb/v7e-m/fpv4-sp/hard\libcr_c.a(_fflush.o)
                0x00005d1c                _fflush
 .text._Cwritebuf
                0x00005d70       0x6c c:/nxp/mcuxpressoide_10.1.1_606/ide/tools/bin/../lib/gcc/arm-none-eabi/6.3.1/../../../../arm-none-eabi/lib/thumb/v7e-m/fpv4-sp/hard\libcr_c.a(_writebuf.o)
                0x00005d70                _Cwritebuf
 .text.malloc   0x00005ddc       0xc4 c:/nxp/mcuxpressoide_10.1.1_606/ide/tools/bin/../lib/gcc/arm-none-eabi/6.3.1/../../../../arm-none-eabi/lib/thumb/v7e-m/fpv4-sp/hard\libcr_c.a(alloc.o)
                0x00005ddc                malloc
 .text.free     0x00005ea0       0x30 c:/nxp/mcuxpressoide_10.1.1_606/ide/tools/bin/../lib/gcc/arm-none-eabi/6.3.1/../../../../arm-none-eabi/lib/thumb/v7e-m/fpv4-sp/hard\libcr_c.a(alloc.o)
                0x00005ea0                free
 .text._Csys_alloc
                0x00005ed0       0x20 c:/nxp/mcuxpressoide_10.1.1_606/ide/tools/bin/../lib/gcc/arm-none-eabi/6.3.1/../../../../arm-none-eabi/lib/thumb/v7e-m/fpv4-sp/hard\libcr_c.a(alloc.o)
                0x00005ed0                _Csys_alloc
 .text.atan2    0x00005ef0      0x128 c:/nxp/mcuxpressoide_10.1.1_606/ide/tools/bin/../lib/gcc/arm-none-eabi/6.3.1/../../../../arm-none-eabi/lib/thumb/v7e-m/fpv4-sp/hard\libcr_c.a(atan2.o)
                0x00005ef0                atan2
 .text.cos      0x00006018       0x68 c:/nxp/mcuxpressoide_10.1.1_606/ide/tools/bin/../lib/gcc/arm-none-eabi/6.3.1/../../../../arm-none-eabi/lib/thumb/v7e-m/fpv4-sp/hard\libcr_c.a(cos.o)
                0x00006018                cos
 .text.exp      0x00006080      0x1e4 c:/nxp/mcuxpressoide_10.1.1_606/ide/tools/bin/../lib/gcc/arm-none-eabi/6.3.1/../../../../arm-none-eabi/lib/thumb/v7e-m/fpv4-sp/hard\libcr_c.a(exp.o)
                0x00006080                exp
 .text.fabs     0x00006264       0x22 c:/nxp/mcuxpressoide_10.1.1_606/ide/tools/bin/../lib/gcc/arm-none-eabi/6.3.1/../../../../arm-none-eabi/lib/thumb/v7e-m/fpv4-sp/hard\libcr_c.a(fabs.o)
                0x00006264                fabs
 .text.fp_round
                0x00006286       0x4e c:/nxp/mcuxpressoide_10.1.1_606/ide/tools/bin/../lib/gcc/arm-none-eabi/6.3.1/../../../../arm-none-eabi/lib/thumb/v7e-m/fpv4-sp/hard\libcr_c.a(fpprintf.o)
 .text.pr_dec.constprop.1
                0x000062d4       0x26 c:/nxp/mcuxpressoide_10.1.1_606/ide/tools/bin/../lib/gcc/arm-none-eabi/6.3.1/../../../../arm-none-eabi/lib/thumb/v7e-m/fpv4-sp/hard\libcr_c.a(fpprintf.o)
 *fill*         0x000062fa        0x2 ff
 .text.sprintf  0x000062fc       0x6c c:/nxp/mcuxpressoide_10.1.1_606/ide/tools/bin/../lib/gcc/arm-none-eabi/6.3.1/../../../../arm-none-eabi/lib/thumb/v7e-m/fpv4-sp/hard\libcr_c.a(fpprintf.o)
                0x000062fc                sprintf
 .text.fp_display
                0x00006368      0x96c c:/nxp/mcuxpressoide_10.1.1_606/ide/tools/bin/../lib/gcc/arm-none-eabi/6.3.1/../../../../arm-none-eabi/lib/thumb/v7e-m/fpv4-sp/hard\libcr_c.a(fpprintf.o)
 .text.vsnprintf
                0x00006cd4       0x5c c:/nxp/mcuxpressoide_10.1.1_606/ide/tools/bin/../lib/gcc/arm-none-eabi/6.3.1/../../../../arm-none-eabi/lib/thumb/v7e-m/fpv4-sp/hard\libcr_c.a(fpprintf.o)
                0x00006cd4                vsnprintf
 .text.printf   0x00006d30       0x54 c:/nxp/mcuxpressoide_10.1.1_606/ide/tools/bin/../lib/gcc/arm-none-eabi/6.3.1/../../../../arm-none-eabi/lib/thumb/v7e-m/fpv4-sp/hard\libcr_c.a(fpprintf.o)
                0x00006d30                printf
 .text.fputs    0x00006d84       0x2c c:/nxp/mcuxpressoide_10.1.1_606/ide/tools/bin/../lib/gcc/arm-none-eabi/6.3.1/../../../../arm-none-eabi/lib/thumb/v7e-m/fpv4-sp/hard\libcr_c.a(fputs.o)
                0x00006d84                fputs
 .text.fseek    0x00006db0      0x100 c:/nxp/mcuxpressoide_10.1.1_606/ide/tools/bin/../lib/gcc/arm-none-eabi/6.3.1/../../../../arm-none-eabi/lib/thumb/v7e-m/fpv4-sp/hard\libcr_c.a(fseek.o)
                0x00006db0                fseek
 .text.ftell    0x00006eb0       0x48 c:/nxp/mcuxpressoide_10.1.1_606/ide/tools/bin/../lib/gcc/arm-none-eabi/6.3.1/../../../../arm-none-eabi/lib/thumb/v7e-m/fpv4-sp/hard\libcr_c.a(ftell.o)
                0x00006eb0                ftell
 .text._initio  0x00006ef8       0x78 c:/nxp/mcuxpressoide_10.1.1_606/ide/tools/bin/../lib/gcc/arm-none-eabi/6.3.1/../../../../arm-none-eabi/lib/thumb/v7e-m/fpv4-sp/hard\libcr_c.a(initio.o)
                0x00006ef8                _initio
 .text.ldexp    0x00006f70       0x58 c:/nxp/mcuxpressoide_10.1.1_606/ide/tools/bin/../lib/gcc/arm-none-eabi/6.3.1/../../../../arm-none-eabi/lib/thumb/v7e-m/fpv4-sp/hard\libcr_c.a(ldexp.o)
                0x00006f70                ldexp
 .text.log      0x00006fc8      0x1f4 c:/nxp/mcuxpressoide_10.1.1_606/ide/tools/bin/../lib/gcc/arm-none-eabi/6.3.1/../../../../arm-none-eabi/lib/thumb/v7e-m/fpv4-sp/hard\libcr_c.a(log.o)
                0x00006fc8                log
 *fill*         0x000071bc        0x4 ff
 .text.pow      0x000071c0      0x574 c:/nxp/mcuxpressoide_10.1.1_606/ide/tools/bin/../lib/gcc/arm-none-eabi/6.3.1/../../../../arm-none-eabi/lib/thumb/v7e-m/fpv4-sp/hard\libcr_c.a(pow.o)
                0x000071c0                pow
 .text.__vfprintf
                0x00007734      0xb7c c:/nxp/mcuxpressoide_10.1.1_606/ide/tools/bin/../lib/gcc/arm-none-eabi/6.3.1/../../../../arm-none-eabi/lib/thumb/v7e-m/fpv4-sp/hard\libcr_c.a(printf.o)
                0x00007734                __vfprintf
 .text.setvbuf  0x000082b0       0x40 c:/nxp/mcuxpressoide_10.1.1_606/ide/tools/bin/../lib/gcc/arm-none-eabi/6.3.1/../../../../arm-none-eabi/lib/thumb/v7e-m/fpv4-sp/hard\libcr_c.a(setvbuf.o)
                0x000082b0                setvbuf
 .text.sin      0x000082f0       0x40 c:/nxp/mcuxpressoide_10.1.1_606/ide/tools/bin/../lib/gcc/arm-none-eabi/6.3.1/../../../../arm-none-eabi/lib/thumb/v7e-m/fpv4-sp/hard\libcr_c.a(sin.o)
                0x000082f0                sin
 .text.sqrt     0x00008330      0x11c c:/nxp/mcuxpressoide_10.1.1_606/ide/tools/bin/../lib/gcc/arm-none-eabi/6.3.1/../../../../arm-none-eabi/lib/thumb/v7e-m/fpv4-sp/hard\libcr_c.a(sqrt.o)
                0x00008330                sqrt
 .text.strlen   0x0000844c       0x4a c:/nxp/mcuxpressoide_10.1.1_606/ide/tools/bin/../lib/gcc/arm-none-eabi/6.3.1/../../../../arm-none-eabi/lib/thumb/v7e-m/fpv4-sp/hard\libcr_c.a(strlen.o)
                0x0000844c                strlen
 *fill*         0x00008496        0x2 ff
 .text._sbrk    0x00008498       0x3c c:/nxp/mcuxpressoide_10.1.1_606/ide/tools/bin/../lib/gcc/arm-none-eabi/6.3.1/../../../../arm-none-eabi/lib/thumb/v7e-m/fpv4-sp/hard\libcr_c.a(_cr_sbrk.o)
                0x00008498                _sbrk
 .text._fdopen  0x000084d4       0x68 c:/nxp/mcuxpressoide_10.1.1_606/ide/tools/bin/../lib/gcc/arm-none-eabi/6.3.1/../../../../arm-none-eabi/lib/thumb/v7e-m/fpv4-sp/hard\libcr_c.a(_fdopen.o)
                0x000084d4                _fdopen
 *fill*         0x0000853c        0x4 ff
 .text._frexpl  0x00008540       0x70 c:/nxp/mcuxpressoide_10.1.1_606/ide/tools/bin/../lib/gcc/arm-none-eabi/6.3.1/../../../../arm-none-eabi/lib/thumb/v7e-m/fpv4-sp/hard\libcr_c.a(_frexpl.o)
                0x00008540                _frexpl
 .text._ldexpl  0x000085b0       0x58 c:/nxp/mcuxpressoide_10.1.1_606/ide/tools/bin/../lib/gcc/arm-none-eabi/6.3.1/../../../../arm-none-eabi/lib/thumb/v7e-m/fpv4-sp/hard\libcr_c.a(_ldexpl.o)
                0x000085b0                _ldexpl
 .text._sincos  0x00008608      0x214 c:/nxp/mcuxpressoide_10.1.1_606/ide/tools/bin/../lib/gcc/arm-none-eabi/6.3.1/../../../../arm-none-eabi/lib/thumb/v7e-m/fpv4-sp/hard\libcr_c.a(_sincos.o)
                0x00008608                _sincos
 *fill*         0x0000881c        0x4 ff
 .text.atan     0x00008820      0x224 c:/nxp/mcuxpressoide_10.1.1_606/ide/tools/bin/../lib/gcc/arm-none-eabi/6.3.1/../../../../arm-none-eabi/lib/thumb/v7e-m/fpv4-sp/hard\libcr_c.a(atan.o)
                0x00008820                atan
 .text.fclose   0x00008a44       0x58 c:/nxp/mcuxpressoide_10.1.1_606/ide/tools/bin/../lib/gcc/arm-none-eabi/6.3.1/../../../../arm-none-eabi/lib/thumb/v7e-m/fpv4-sp/hard\libcr_c.a(fclose.o)
                0x00008a44                fclose
 .text.fflush   0x00008a9c       0x44 c:/nxp/mcuxpressoide_10.1.1_606/ide/tools/bin/../lib/gcc/arm-none-eabi/6.3.1/../../../../arm-none-eabi/lib/thumb/v7e-m/fpv4-sp/hard\libcr_c.a(fflush.o)
                0x00008a9c                fflush
 .text.frexp    0x00008ae0       0x70 c:/nxp/mcuxpressoide_10.1.1_606/ide/tools/bin/../lib/gcc/arm-none-eabi/6.3.1/../../../../arm-none-eabi/lib/thumb/v7e-m/fpv4-sp/hard\libcr_c.a(frexp.o)
                0x00008ae0                frexp
 .text.remove   0x00008b50       0x14 c:/nxp/mcuxpressoide_10.1.1_606/ide/tools/bin/../lib/gcc/arm-none-eabi/6.3.1/../../../../arm-none-eabi/lib/thumb/v7e-m/fpv4-sp/hard\libcr_c.a(remove.o)
                0x00008b50                remove
 .text.__check_heap_overflow
                0x00008b64       0x18 c:/nxp/mcuxpressoide_10.1.1_606/ide/tools/bin/../lib/gcc/arm-none-eabi/6.3.1/../../../../arm-none-eabi/lib/thumb/v7e-m/fpv4-sp/hard\libcr_c.a(_cr_check_heap.o)
                0x00008b64                __check_heap_overflow
 .text._do_fflush
                0x00008b7c       0x40 c:/nxp/mcuxpressoide_10.1.1_606/ide/tools/bin/../lib/gcc/arm-none-eabi/6.3.1/../../../../arm-none-eabi/lib/thumb/v7e-m/fpv4-sp/hard\libcr_c.a(_do_fflush.o)
                0x00008b7c                _do_fflush
 .text.__aeabi_dmul
                0x00008bbc      0x118 c:/nxp/mcuxpressoide_10.1.1_606/ide/tools/bin/../lib/gcc/arm-none-eabi/6.3.1/thumb/v7e-m/fpv4-sp/hard\libcr_eabihelpers.a(double.o)
                0x00008bbc                __aeabi_dmul
 .text.__aeabi_ddiv
                0x00008cd4      0x13c c:/nxp/mcuxpressoide_10.1.1_606/ide/tools/bin/../lib/gcc/arm-none-eabi/6.3.1/thumb/v7e-m/fpv4-sp/hard\libcr_eabihelpers.a(double.o)
                0x00008cd4                __aeabi_ddiv
 .text.__aeabi_dsub
                0x00008e10      0x1cc c:/nxp/mcuxpressoide_10.1.1_606/ide/tools/bin/../lib/gcc/arm-none-eabi/6.3.1/thumb/v7e-m/fpv4-sp/hard\libcr_eabihelpers.a(double.o)
                0x00008e10                __aeabi_dsub
 .text.__aeabi_dadd
                0x00008fdc      0x114 c:/nxp/mcuxpressoide_10.1.1_606/ide/tools/bin/../lib/gcc/arm-none-eabi/6.3.1/thumb/v7e-m/fpv4-sp/hard\libcr_eabihelpers.a(double.o)
                0x00008fdc                __aeabi_dadd
 .text.__aeabi_d2f
                0x000090f0       0x58 c:/nxp/mcuxpressoide_10.1.1_606/ide/tools/bin/../lib/gcc/arm-none-eabi/6.3.1/thumb/v7e-m/fpv4-sp/hard\libcr_eabihelpers.a(double.o)
                0x000090f0                __aeabi_d2f
 .text.__aeabi_d2iz
                0x00009148       0x40 c:/nxp/mcuxpressoide_10.1.1_606/ide/tools/bin/../lib/gcc/arm-none-eabi/6.3.1/thumb/v7e-m/fpv4-sp/hard\libcr_eabihelpers.a(double.o)
                0x00009148                __aeabi_d2iz
 .text.__bhs_ui2d
                0x00009188       0x46 c:/nxp/mcuxpressoide_10.1.1_606/ide/tools/bin/../lib/gcc/arm-none-eabi/6.3.1/thumb/v7e-m/fpv4-sp/hard\libcr_eabihelpers.a(double.o)
                0x00009188                __bhs_ui2d
 .text.__aeabi_i2d
                0x000091ce       0x12 c:/nxp/mcuxpressoide_10.1.1_606/ide/tools/bin/../lib/gcc/arm-none-eabi/6.3.1/thumb/v7e-m/fpv4-sp/hard\libcr_eabihelpers.a(double.o)
                0x000091ce                __aeabi_i2d
 .text.__aeabi_dcmpeq
                0x000091e0       0x30 c:/nxp/mcuxpressoide_10.1.1_606/ide/tools/bin/../lib/gcc/arm-none-eabi/6.3.1/thumb/v7e-m/fpv4-sp/hard\libcr_eabihelpers.a(double.o)
                0x000091e0                __aeabi_dcmpeq
 .text.__aeabi_dcmplt
                0x00009210       0x58 c:/nxp/mcuxpressoide_10.1.1_606/ide/tools/bin/../lib/gcc/arm-none-eabi/6.3.1/thumb/v7e-m/fpv4-sp/hard\libcr_eabihelpers.a(double.o)
                0x00009210                __aeabi_dcmplt
 .text.__aeabi_dcmpgt
                0x00009268       0x58 c:/nxp/mcuxpressoide_10.1.1_606/ide/tools/bin/../lib/gcc/arm-none-eabi/6.3.1/thumb/v7e-m/fpv4-sp/hard\libcr_eabihelpers.a(double.o)
                0x00009268                __aeabi_dcmpgt
 .text.__aeabi_dcmple
                0x000092c0       0x54 c:/nxp/mcuxpressoide_10.1.1_606/ide/tools/bin/../lib/gcc/arm-none-eabi/6.3.1/thumb/v7e-m/fpv4-sp/hard\libcr_eabihelpers.a(double.o)
                0x000092c0                __aeabi_dcmple
 .text.__aeabi_dcmpge
                0x00009314       0x54 c:/nxp/mcuxpressoide_10.1.1_606/ide/tools/bin/../lib/gcc/arm-none-eabi/6.3.1/thumb/v7e-m/fpv4-sp/hard\libcr_eabihelpers.a(double.o)
                0x00009314                __aeabi_dcmpge
 .text.__aeabi_f2d
                0x00009368       0x38 c:/nxp/mcuxpressoide_10.1.1_606/ide/tools/bin/../lib/gcc/arm-none-eabi/6.3.1/thumb/v7e-m/fpv4-sp/hard\libcr_eabihelpers.a(float.o)
                0x00009368                __aeabi_f2d
 .text.__aeabi_memcpy
                0x000093a0       0x34 c:/nxp/mcuxpressoide_10.1.1_606/ide/tools/bin/../lib/gcc/arm-none-eabi/6.3.1/thumb/v7e-m/fpv4-sp/hard\libcr_eabihelpers.a(memcpy.o)
                0x000093a0                __aeabi_memcpy
                0x000093aa                __aeabi_memcpy8
                0x000093aa                __aeabi_memcpy4
 .text.__aeabi_memset_lowlevel
                0x000093d4       0x32 c:/nxp/mcuxpressoide_10.1.1_606/ide/tools/bin/../lib/gcc/arm-none-eabi/6.3.1/thumb/v7e-m/fpv4-sp/hard\libcr_eabihelpers.a(memcpy.o)
                0x000093d4                __aeabi_lowlevel_memset
 .text.__sys_close
                0x00009406        0xc c:/nxp/mcuxpressoide_10.1.1_606/ide/tools/bin/../lib/gcc/arm-none-eabi/6.3.1/../../../../arm-none-eabi/lib/thumb/v7e-m/fpv4-sp/hard\libcr_semihost_nf.a(__sys_close.o)
                0x00009406                __sys_close
 .text.__sys_flen
                0x00009412        0xc c:/nxp/mcuxpressoide_10.1.1_606/ide/tools/bin/../lib/gcc/arm-none-eabi/6.3.1/../../../../arm-none-eabi/lib/thumb/v7e-m/fpv4-sp/hard\libcr_semihost_nf.a(__sys_flen.o)
                0x00009412                __sys_flen
 .text.__sys_istty
                0x0000941e        0xc c:/nxp/mcuxpressoide_10.1.1_606/ide/tools/bin/../lib/gcc/arm-none-eabi/6.3.1/../../../../arm-none-eabi/lib/thumb/v7e-m/fpv4-sp/hard\libcr_semihost_nf.a(__sys_istty.o)
                0x0000941e                __sys_istty
 .text.__sys_remove
                0x0000942a        0xc c:/nxp/mcuxpressoide_10.1.1_606/ide/tools/bin/../lib/gcc/arm-none-eabi/6.3.1/../../../../arm-none-eabi/lib/thumb/v7e-m/fpv4-sp/hard\libcr_semihost_nf.a(__sys_remove.o)
                0x0000942a                __sys_remove
 .text.__sys_seek
                0x00009436        0xc c:/nxp/mcuxpressoide_10.1.1_606/ide/tools/bin/../lib/gcc/arm-none-eabi/6.3.1/../../../../arm-none-eabi/lib/thumb/v7e-m/fpv4-sp/hard\libcr_semihost_nf.a(__sys_seek.o)
                0x00009436                __sys_seek
 .text.__sys_tmpnam
                0x00009442        0xc c:/nxp/mcuxpressoide_10.1.1_606/ide/tools/bin/../lib/gcc/arm-none-eabi/6.3.1/../../../../arm-none-eabi/lib/thumb/v7e-m/fpv4-sp/hard\libcr_semihost_nf.a(__sys_tmpnam.o)
                0x00009442                __sys_tmpnam
 .text.__sys_write
                0x0000944e        0xc c:/nxp/mcuxpressoide_10.1.1_606/ide/tools/bin/../lib/gcc/arm-none-eabi/6.3.1/../../../../arm-none-eabi/lib/thumb/v7e-m/fpv4-sp/hard\libcr_semihost_nf.a(__sys_write.o)
                0x0000944e                __sys_write
 *(.rodata .rodata.* .constdata .constdata.*)
 *fill*         0x0000945a        0x2 ff
 .rodata.str1.4
                0x0000945c       0x50 ./utilities/fsl_debug_console.o
 .rodata.str1.4
                0x000094ac       0x27 ./utilities/fsl_io.o
 *fill*         0x000094d3        0x1 ff
 .rodata.str1.4
                0x000094d4       0x80 ./utilities/fsl_log.o
 .rodata        0x00009554        0x8 ./source/Com.o
 .rodata.str1.4
                0x0000955c        0xf ./source/Com.o
 *fill*         0x0000956b        0x1 ff
 .rodata        0x0000956c       0x60 ./drivers/fsl_clock.o
 .rodata.str1.4
                0x000095cc      0x149 ./drivers/fsl_clock.o
 *fill*         0x00009715        0x3 ff
 .rodata        0x00009718       0x50 ./drivers/fsl_flash.o
                0x00009718                kPFlashDensities
                0x00009760                kFPROTL
                0x00009764                kFCCOBx
 .rodata        0x00009768       0x14 ./drivers/fsl_gpio.o
 .rodata.str1.4
                0x0000977c       0x62 ./drivers/fsl_gpio.o
 *fill*         0x000097de        0x2 ff
 .rodata        0x000097e0        0x2 ./drivers/fsl_smc.o
 *fill*         0x000097e2        0x2 ff
 .rodata        0x000097e4       0x1e ./drivers/fsl_uart.o
 *fill*         0x00009802        0x2 ff
 .rodata.str1.4
                0x00009804      0x4f0 ./drivers/fsl_uart.o
                                0x4ee (size before relaxing)
 .rodata        0x00009cf4       0x37 ./board/clock_config.o
                0x00009cf4                oscConfig_BOARD_BootClockRUN
                0x00009cfc                mcgConfig_BOARD_BootClockRUN
                0x00009d08                simConfig_BOARD_BootClockRUN
                0x00009d10                simConfig_BOARD_BootClockVLPR
                0x00009d18                oscConfig_BOARD_BootClockVLPR
                0x00009d20                mcgConfig_BOARD_BootClockVLPR
 .rodata.__assertion_failed.str1.1
                0x00009d2b       0x15 c:/nxp/mcuxpressoide_10.1.1_606/ide/tools/bin/../lib/gcc/arm-none-eabi/6.3.1/../../../../arm-none-eabi/lib/thumb/v7e-m/fpv4-sp/hard\libcr_semihost_nf.a(_cr_assert.o)
 .rodata.__num_Ciob_streams
                0x00009d40        0x4 c:/nxp/mcuxpressoide_10.1.1_606/ide/tools/bin/../lib/gcc/arm-none-eabi/6.3.1/../../../../arm-none-eabi/lib/thumb/v7e-m/fpv4-sp/hard\libcr_semihost_nf.a(__ciob.o)
                0x00009d40                __num_Ciob_streams
 .rodata._Csys_alloc.str1.1
                0x00009d44       0x18 c:/nxp/mcuxpressoide_10.1.1_606/ide/tools/bin/../lib/gcc/arm-none-eabi/6.3.1/../../../../arm-none-eabi/lib/thumb/v7e-m/fpv4-sp/hard\libcr_c.a(alloc.o)
 .rodata.fp_display.str1.1
                0x00009d5c       0x32 c:/nxp/mcuxpressoide_10.1.1_606/ide/tools/bin/../lib/gcc/arm-none-eabi/6.3.1/../../../../arm-none-eabi/lib/thumb/v7e-m/fpv4-sp/hard\libcr_c.a(fpprintf.o)
                                 0x35 (size before relaxing)
 .rodata._initio.str1.1
                0x00009d8e        0x4 c:/nxp/mcuxpressoide_10.1.1_606/ide/tools/bin/../lib/gcc/arm-none-eabi/6.3.1/../../../../arm-none-eabi/lib/thumb/v7e-m/fpv4-sp/hard\libcr_c.a(initio.o)
 *fill*         0x00009d92        0x6 ff
 .rodata.a1.5067
                0x00009d98       0x88 c:/nxp/mcuxpressoide_10.1.1_606/ide/tools/bin/../lib/gcc/arm-none-eabi/6.3.1/../../../../arm-none-eabi/lib/thumb/v7e-m/fpv4-sp/hard\libcr_c.a(pow.o)
 .rodata.a2.5068
                0x00009e20       0x40 c:/nxp/mcuxpressoide_10.1.1_606/ide/tools/bin/../lib/gcc/arm-none-eabi/6.3.1/../../../../arm-none-eabi/lib/thumb/v7e-m/fpv4-sp/hard\libcr_c.a(pow.o)
 .rodata.__vfprintf.str1.1
                0x00009e60       0x31 c:/nxp/mcuxpressoide_10.1.1_606/ide/tools/bin/../lib/gcc/arm-none-eabi/6.3.1/../../../../arm-none-eabi/lib/thumb/v7e-m/fpv4-sp/hard\libcr_c.a(printf.o)
                                 0x38 (size before relaxing)
 *fill*         0x00009e91        0x7 ff
 .rodata.__huge_val
                0x00009e98        0x8 c:/nxp/mcuxpressoide_10.1.1_606/ide/tools/bin/../lib/gcc/arm-none-eabi/6.3.1/../../../../arm-none-eabi/lib/thumb/v7e-m/fpv4-sp/hard\libcr_c.a(_hugeval.o)
                0x00009e98                __huge_val
 .rodata.__huge_vall
                0x00009ea0        0x8 c:/nxp/mcuxpressoide_10.1.1_606/ide/tools/bin/../lib/gcc/arm-none-eabi/6.3.1/../../../../arm-none-eabi/lib/thumb/v7e-m/fpv4-sp/hard\libcr_c.a(_hugeval.o)
                0x00009ea0                __huge_vall
 .rodata.a.5057
                0x00009ea8       0x20 c:/nxp/mcuxpressoide_10.1.1_606/ide/tools/bin/../lib/gcc/arm-none-eabi/6.3.1/../../../../arm-none-eabi/lib/thumb/v7e-m/fpv4-sp/hard\libcr_c.a(atan.o)
                0x00009ec8                . = ALIGN (0x8)

.glue_7         0x00009ec8        0x0
 .glue_7        0x00009ec8        0x0 linker stubs

.glue_7t        0x00009ec8        0x0
 .glue_7t       0x00009ec8        0x0 linker stubs

.vfp11_veneer   0x00009ec8        0x0
 .vfp11_veneer  0x00009ec8        0x0 linker stubs

.v4_bx          0x00009ec8        0x0
 .v4_bx         0x00009ec8        0x0 linker stubs

.iplt           0x00009ec8        0x0
 .iplt          0x00009ec8        0x0 ./utilities/fsl_debug_console.o

.rel.dyn        0x00009ec8        0x0
 .rel.iplt      0x00009ec8        0x0 ./utilities/fsl_debug_console.o

.ARM.extab
 *(.ARM.extab* .gnu.linkonce.armextab.*)
                0x00009ec8                __exidx_start = .

.ARM.exidx
 *(.ARM.exidx* .gnu.linkonce.armexidx.*)
                0x00009ec8                __exidx_end = .
                0x00009ec8                _etext = .

.m_usb_data
 *(m_usb_bdt)

.data_RAM2      0x1fff0000        0x0 load address 0x00009ec8
 FILL mask 0xff
                [!provide]                PROVIDE (__start_data_RAM2, .)
 *(.ramfunc.$RAM2)
 *(.ramfunc.$SRAM_LOWER)
 *(.data.$RAM2*)
 *(.data.$SRAM_LOWER*)
                0x1fff0000                . = ALIGN (0x8)
                [!provide]                PROVIDE (__end_data_RAM2, .)

.data_RAM3      0x14000000        0x0 load address 0x00009ec8
 FILL mask 0xff
                [!provide]                PROVIDE (__start_data_RAM3, .)
 *(.ramfunc.$RAM3)
 *(.ramfunc.$FLEX_RAM)
 *(.data.$RAM3*)
 *(.data.$FLEX_RAM*)
                0x14000000                . = ALIGN (0x8)
                [!provide]                PROVIDE (__end_data_RAM3, .)

.uninit_RESERVED
                0x20000000        0x0
 *(.bss.$RESERVED*)
                0x20000000                . = ALIGN (0x4)
                0x20000000                _end_uninit_RESERVED = .

.data           0x20000000     0x1ba0 load address 0x00009ec8
 FILL mask 0xff
                0x20000000                _data = .
 *(vtable)
 *(.ramfunc*)
 *(.data*)
 .data          0x20000000     0x1b90 ./source/data.o
                0x20000000                testInputB_f32
                0x20000dc8                testInputA_f32
 .data          0x20001b90        0x8 ./drivers/fsl_clock.o
 .data          0x20001b98        0x4 ./CMSIS/system_MK64F12.o
                0x20001b98                SystemCoreClock
                0x20001ba0                . = ALIGN (0x8)
 *fill*         0x20001b9c        0x4 ff
                0x20001ba0                _edata = .

.igot.plt       0x20001ba0        0x0 load address 0x0000ba68
 .igot.plt      0x20001ba0        0x0 ./utilities/fsl_debug_console.o

.bss_RAM2       0x1fff0000        0x0
                [!provide]                PROVIDE (__start_bss_RAM2, .)
 *(.bss.$RAM2*)
 *(.bss.$SRAM_LOWER*)
                0x1fff0000                . = ALIGN ((. != 0x0)?0x8:0x1)
                [!provide]                PROVIDE (__end_bss_RAM2, .)

.bss_RAM3       0x14000000        0x0
                [!provide]                PROVIDE (__start_bss_RAM3, .)
 *(.bss.$RAM3*)
 *(.bss.$FLEX_RAM*)
                0x14000000                . = ALIGN ((. != 0x0)?0x8:0x1)
                [!provide]                PROVIDE (__end_bss_RAM3, .)

.bss            0x20001ba0      0x188
                0x20001ba0                _bss = .
 *(.bss*)
 .bss           0x20001ba0        0x8 ./utilities/fsl_io.o
 .bss           0x20001ba8        0x8 ./drivers/fsl_clock.o
                0x20001ba8                g_xtal0Freq
                0x20001bac                g_xtal32Freq
 .bss           0x20001bb0       0x94 ./drivers/fsl_flash.o
 .bss           0x20001c44        0x4 ./drivers/fsl_smc.o
 .bss           0x20001c48       0x1c ./drivers/fsl_uart.o
 .bss.__Ciob    0x20001c64       0xb4 c:/nxp/mcuxpressoide_10.1.1_606/ide/tools/bin/../lib/gcc/arm-none-eabi/6.3.1/../../../../arm-none-eabi/lib/thumb/v7e-m/fpv4-sp/hard\libcr_semihost_nf.a(__ciob.o)
                0x20001c64                __Ciob
 .bss.errno     0x20001d18        0x4 c:/nxp/mcuxpressoide_10.1.1_606/ide/tools/bin/../lib/gcc/arm-none-eabi/6.3.1/../../../../arm-none-eabi/lib/thumb/v7e-m/fpv4-sp/hard\libcr_c.a(errno.o)
                0x20001d18                errno
 .bss.__end_of_heap
                0x20001d1c        0x4 c:/nxp/mcuxpressoide_10.1.1_606/ide/tools/bin/../lib/gcc/arm-none-eabi/6.3.1/../../../../arm-none-eabi/lib/thumb/v7e-m/fpv4-sp/hard\libcr_c.a(__init_alloc.o)
                0x20001d1c                __end_of_heap
 .bss.__heaps   0x20001d20        0x4 c:/nxp/mcuxpressoide_10.1.1_606/ide/tools/bin/../lib/gcc/arm-none-eabi/6.3.1/../../../../arm-none-eabi/lib/thumb/v7e-m/fpv4-sp/hard\libcr_c.a(__init_alloc.o)
                0x20001d20                __heaps
 *(COMMON)
                0x20001d28                . = ALIGN (0x8)
 *fill*         0x20001d24        0x4 
                0x20001d28                _ebss = .
                [!provide]                PROVIDE (end, .)

.noinit_RAM2    0x1fff0000        0x0
 *(.noinit.$RAM2*)
 *(.noinit.$SRAM_LOWER*)
                0x1fff0000                . = ALIGN (0x8)

.noinit_RAM3    0x14000000        0x0
 *(.noinit.$RAM3*)
 *(.noinit.$FLEX_RAM*)
                0x14000000                . = ALIGN (0x8)

.noinit         0x20001d28        0x0
                0x20001d28                _noinit = .
 *(.noinit*)
                0x20001d28                . = ALIGN (0x8)
                0x20001d28                _end_noinit = .
                0x00001000                _HeapSize = 0x1000

.heap           0x20001d28     0x1000
                0x20001d28                _pvHeapStart = .
                0x20002d28                . = (. + _HeapSize)
 *fill*         0x20001d28     0x1000 
                0x20002d28                . = ALIGN (0x8)
                0x20002d28                _pvHeapLimit = .
                0x00001000                _StackSize = 0x1000

.heap2stackfill
                0x20002d28     0x1000
                0x20003d28                . = (. + _StackSize)
 *fill*         0x20002d28     0x1000 

.stack          0x2002f000        0x0
                0x2002f000                _vStackBase = .
                0x2002f000                . = ALIGN (0x8)
                0x20030000                _vStackTop = (. + _StackSize)
                0x00000000                _image_start = LOADADDR (.text)
                0x0000ba68                _image_end = (LOADADDR (.data) + SIZEOF (.data))
                0x0000ba68                _image_size = (_image_end - _image_start)
OUTPUT(Com.axf elf32-littlearm)

.comment        0x00000000       0x7f
 .comment       0x00000000       0x7f ./utilities/fsl_debug_console.o
                                 0x80 (size before relaxing)
 .comment       0x0000007f       0x80 ./utilities/fsl_io.o
 .comment       0x0000007f       0x80 ./utilities/fsl_log.o
 .comment       0x0000007f       0x80 ./startup/startup_mk64f12.o
 .comment       0x0000007f       0x80 ./source/Com.o
 .comment       0x0000007f       0x80 ./source/data.o
 .comment       0x0000007f       0x80 ./source/semihost_hardfault.o
 .comment       0x0000007f       0x80 ./drivers/fsl_clock.o
 .comment       0x0000007f       0x80 ./drivers/fsl_flash.o
 .comment       0x0000007f       0x80 ./drivers/fsl_gpio.o
 .comment       0x0000007f       0x80 ./drivers/fsl_smc.o
 .comment       0x0000007f       0x80 ./drivers/fsl_uart.o
 .comment       0x0000007f       0x80 ./board/board.o
 .comment       0x0000007f       0x80 ./board/clock_config.o
 .comment       0x0000007f       0x80 ./board/peripherals.o
 .comment       0x0000007f       0x80 ./board/pin_mux.o
 .comment       0x0000007f       0x80 ./CMSIS/system_MK64F12.o
 .comment       0x0000007f       0x80 c:/nxp/mcuxpressoide_10.1.1_606/ide/tools/bin/../lib/gcc/arm-none-eabi/6.3.1/../../../../arm-none-eabi/lib/thumb/v7e-m/fpv4-sp/hard\libcr_semihost_nf.a(_cr__main.o)
 .comment       0x0000007f       0x80 c:/nxp/mcuxpressoide_10.1.1_606/ide/tools/bin/../lib/gcc/arm-none-eabi/6.3.1/../../../../arm-none-eabi/lib/thumb/v7e-m/fpv4-sp/hard\libcr_semihost_nf.a(_cr_assert.o)
 .comment       0x0000007f       0x80 c:/nxp/mcuxpressoide_10.1.1_606/ide/tools/bin/../lib/gcc/arm-none-eabi/6.3.1/../../../../arm-none-eabi/lib/thumb/v7e-m/fpv4-sp/hard\libcr_semihost_nf.a(__ciob.o)
 .comment       0x0000007f       0x80 c:/nxp/mcuxpressoide_10.1.1_606/ide/tools/bin/../lib/gcc/arm-none-eabi/6.3.1/../../../../arm-none-eabi/lib/thumb/v7e-m/fpv4-sp/hard\libcr_c.a(memcpy.o)
 .comment       0x0000007f       0x80 c:/nxp/mcuxpressoide_10.1.1_606/ide/tools/bin/../lib/gcc/arm-none-eabi/6.3.1/../../../../arm-none-eabi/lib/thumb/v7e-m/fpv4-sp/hard\libcr_c.a(memset.o)
 .comment       0x0000007f       0x80 c:/nxp/mcuxpressoide_10.1.1_606/ide/tools/bin/../lib/gcc/arm-none-eabi/6.3.1/../../../../arm-none-eabi/lib/thumb/v7e-m/fpv4-sp/hard\libcr_c.a(_deferredlazyseek.o)
 .comment       0x0000007f       0x80 c:/nxp/mcuxpressoide_10.1.1_606/ide/tools/bin/../lib/gcc/arm-none-eabi/6.3.1/../../../../arm-none-eabi/lib/thumb/v7e-m/fpv4-sp/hard\libcr_c.a(_fflush.o)
 .comment       0x0000007f       0x80 c:/nxp/mcuxpressoide_10.1.1_606/ide/tools/bin/../lib/gcc/arm-none-eabi/6.3.1/../../../../arm-none-eabi/lib/thumb/v7e-m/fpv4-sp/hard\libcr_c.a(_writebuf.o)
 .comment       0x0000007f       0x80 c:/nxp/mcuxpressoide_10.1.1_606/ide/tools/bin/../lib/gcc/arm-none-eabi/6.3.1/../../../../arm-none-eabi/lib/thumb/v7e-m/fpv4-sp/hard\libcr_c.a(alloc.o)
 .comment       0x0000007f       0x80 c:/nxp/mcuxpressoide_10.1.1_606/ide/tools/bin/../lib/gcc/arm-none-eabi/6.3.1/../../../../arm-none-eabi/lib/thumb/v7e-m/fpv4-sp/hard\libcr_c.a(atan2.o)
 .comment       0x0000007f       0x80 c:/nxp/mcuxpressoide_10.1.1_606/ide/tools/bin/../lib/gcc/arm-none-eabi/6.3.1/../../../../arm-none-eabi/lib/thumb/v7e-m/fpv4-sp/hard\libcr_c.a(cos.o)
 .comment       0x0000007f       0x80 c:/nxp/mcuxpressoide_10.1.1_606/ide/tools/bin/../lib/gcc/arm-none-eabi/6.3.1/../../../../arm-none-eabi/lib/thumb/v7e-m/fpv4-sp/hard\libcr_c.a(errno.o)
 .comment       0x0000007f       0x80 c:/nxp/mcuxpressoide_10.1.1_606/ide/tools/bin/../lib/gcc/arm-none-eabi/6.3.1/../../../../arm-none-eabi/lib/thumb/v7e-m/fpv4-sp/hard\libcr_c.a(exp.o)
 .comment       0x0000007f       0x80 c:/nxp/mcuxpressoide_10.1.1_606/ide/tools/bin/../lib/gcc/arm-none-eabi/6.3.1/../../../../arm-none-eabi/lib/thumb/v7e-m/fpv4-sp/hard\libcr_c.a(fabs.o)
 .comment       0x0000007f       0x80 c:/nxp/mcuxpressoide_10.1.1_606/ide/tools/bin/../lib/gcc/arm-none-eabi/6.3.1/../../../../arm-none-eabi/lib/thumb/v7e-m/fpv4-sp/hard\libcr_c.a(fpprintf.o)
 .comment       0x0000007f       0x80 c:/nxp/mcuxpressoide_10.1.1_606/ide/tools/bin/../lib/gcc/arm-none-eabi/6.3.1/../../../../arm-none-eabi/lib/thumb/v7e-m/fpv4-sp/hard\libcr_c.a(fputs.o)
 .comment       0x0000007f       0x80 c:/nxp/mcuxpressoide_10.1.1_606/ide/tools/bin/../lib/gcc/arm-none-eabi/6.3.1/../../../../arm-none-eabi/lib/thumb/v7e-m/fpv4-sp/hard\libcr_c.a(fseek.o)
 .comment       0x0000007f       0x80 c:/nxp/mcuxpressoide_10.1.1_606/ide/tools/bin/../lib/gcc/arm-none-eabi/6.3.1/../../../../arm-none-eabi/lib/thumb/v7e-m/fpv4-sp/hard\libcr_c.a(ftell.o)
 .comment       0x0000007f       0x80 c:/nxp/mcuxpressoide_10.1.1_606/ide/tools/bin/../lib/gcc/arm-none-eabi/6.3.1/../../../../arm-none-eabi/lib/thumb/v7e-m/fpv4-sp/hard\libcr_c.a(initio.o)
 .comment       0x0000007f       0x80 c:/nxp/mcuxpressoide_10.1.1_606/ide/tools/bin/../lib/gcc/arm-none-eabi/6.3.1/../../../../arm-none-eabi/lib/thumb/v7e-m/fpv4-sp/hard\libcr_c.a(ldexp.o)
 .comment       0x0000007f       0x80 c:/nxp/mcuxpressoide_10.1.1_606/ide/tools/bin/../lib/gcc/arm-none-eabi/6.3.1/../../../../arm-none-eabi/lib/thumb/v7e-m/fpv4-sp/hard\libcr_c.a(log.o)
 .comment       0x0000007f       0x80 c:/nxp/mcuxpressoide_10.1.1_606/ide/tools/bin/../lib/gcc/arm-none-eabi/6.3.1/../../../../arm-none-eabi/lib/thumb/v7e-m/fpv4-sp/hard\libcr_c.a(pow.o)
 .comment       0x0000007f       0x80 c:/nxp/mcuxpressoide_10.1.1_606/ide/tools/bin/../lib/gcc/arm-none-eabi/6.3.1/../../../../arm-none-eabi/lib/thumb/v7e-m/fpv4-sp/hard\libcr_c.a(printf.o)
 .comment       0x0000007f       0x80 c:/nxp/mcuxpressoide_10.1.1_606/ide/tools/bin/../lib/gcc/arm-none-eabi/6.3.1/../../../../arm-none-eabi/lib/thumb/v7e-m/fpv4-sp/hard\libcr_c.a(setvbuf.o)
 .comment       0x0000007f       0x80 c:/nxp/mcuxpressoide_10.1.1_606/ide/tools/bin/../lib/gcc/arm-none-eabi/6.3.1/../../../../arm-none-eabi/lib/thumb/v7e-m/fpv4-sp/hard\libcr_c.a(sin.o)
 .comment       0x0000007f       0x80 c:/nxp/mcuxpressoide_10.1.1_606/ide/tools/bin/../lib/gcc/arm-none-eabi/6.3.1/../../../../arm-none-eabi/lib/thumb/v7e-m/fpv4-sp/hard\libcr_c.a(sqrt.o)
 .comment       0x0000007f       0x80 c:/nxp/mcuxpressoide_10.1.1_606/ide/tools/bin/../lib/gcc/arm-none-eabi/6.3.1/../../../../arm-none-eabi/lib/thumb/v7e-m/fpv4-sp/hard\libcr_c.a(strlen.o)
 .comment       0x0000007f       0x80 c:/nxp/mcuxpressoide_10.1.1_606/ide/tools/bin/../lib/gcc/arm-none-eabi/6.3.1/../../../../arm-none-eabi/lib/thumb/v7e-m/fpv4-sp/hard\libcr_c.a(__init_alloc.o)
 .comment       0x0000007f       0x80 c:/nxp/mcuxpressoide_10.1.1_606/ide/tools/bin/../lib/gcc/arm-none-eabi/6.3.1/../../../../arm-none-eabi/lib/thumb/v7e-m/fpv4-sp/hard\libcr_c.a(_cr_sbrk.o)
 .comment       0x0000007f       0x80 c:/nxp/mcuxpressoide_10.1.1_606/ide/tools/bin/../lib/gcc/arm-none-eabi/6.3.1/../../../../arm-none-eabi/lib/thumb/v7e-m/fpv4-sp/hard\libcr_c.a(_fdopen.o)
 .comment       0x0000007f       0x80 c:/nxp/mcuxpressoide_10.1.1_606/ide/tools/bin/../lib/gcc/arm-none-eabi/6.3.1/../../../../arm-none-eabi/lib/thumb/v7e-m/fpv4-sp/hard\libcr_c.a(_frexpl.o)
 .comment       0x0000007f       0x80 c:/nxp/mcuxpressoide_10.1.1_606/ide/tools/bin/../lib/gcc/arm-none-eabi/6.3.1/../../../../arm-none-eabi/lib/thumb/v7e-m/fpv4-sp/hard\libcr_c.a(_hugeval.o)
 .comment       0x0000007f       0x80 c:/nxp/mcuxpressoide_10.1.1_606/ide/tools/bin/../lib/gcc/arm-none-eabi/6.3.1/../../../../arm-none-eabi/lib/thumb/v7e-m/fpv4-sp/hard\libcr_c.a(_ldexpl.o)
 .comment       0x0000007f       0x80 c:/nxp/mcuxpressoide_10.1.1_606/ide/tools/bin/../lib/gcc/arm-none-eabi/6.3.1/../../../../arm-none-eabi/lib/thumb/v7e-m/fpv4-sp/hard\libcr_c.a(_sincos.o)
 .comment       0x0000007f       0x80 c:/nxp/mcuxpressoide_10.1.1_606/ide/tools/bin/../lib/gcc/arm-none-eabi/6.3.1/../../../../arm-none-eabi/lib/thumb/v7e-m/fpv4-sp/hard\libcr_c.a(atan.o)
 .comment       0x0000007f       0x80 c:/nxp/mcuxpressoide_10.1.1_606/ide/tools/bin/../lib/gcc/arm-none-eabi/6.3.1/../../../../arm-none-eabi/lib/thumb/v7e-m/fpv4-sp/hard\libcr_c.a(fclose.o)
 .comment       0x0000007f       0x80 c:/nxp/mcuxpressoide_10.1.1_606/ide/tools/bin/../lib/gcc/arm-none-eabi/6.3.1/../../../../arm-none-eabi/lib/thumb/v7e-m/fpv4-sp/hard\libcr_c.a(fflush.o)
 .comment       0x0000007f       0x80 c:/nxp/mcuxpressoide_10.1.1_606/ide/tools/bin/../lib/gcc/arm-none-eabi/6.3.1/../../../../arm-none-eabi/lib/thumb/v7e-m/fpv4-sp/hard\libcr_c.a(frexp.o)
 .comment       0x0000007f       0x80 c:/nxp/mcuxpressoide_10.1.1_606/ide/tools/bin/../lib/gcc/arm-none-eabi/6.3.1/../../../../arm-none-eabi/lib/thumb/v7e-m/fpv4-sp/hard\libcr_c.a(remove.o)
 .comment       0x0000007f       0x80 c:/nxp/mcuxpressoide_10.1.1_606/ide/tools/bin/../lib/gcc/arm-none-eabi/6.3.1/../../../../arm-none-eabi/lib/thumb/v7e-m/fpv4-sp/hard\libcr_c.a(_cr_check_heap.o)
 .comment       0x0000007f       0x80 c:/nxp/mcuxpressoide_10.1.1_606/ide/tools/bin/../lib/gcc/arm-none-eabi/6.3.1/../../../../arm-none-eabi/lib/thumb/v7e-m/fpv4-sp/hard\libcr_c.a(_do_fflush.o)
 .comment       0x0000007f       0x80 c:/nxp/mcuxpressoide_10.1.1_606/ide/tools/bin/../lib/gcc/arm-none-eabi/6.3.1/thumb/v7e-m/fpv4-sp/hard\libcr_eabihelpers.a(double.o)
 .comment       0x0000007f       0x80 c:/nxp/mcuxpressoide_10.1.1_606/ide/tools/bin/../lib/gcc/arm-none-eabi/6.3.1/thumb/v7e-m/fpv4-sp/hard\libcr_eabihelpers.a(float.o)

.ARM.attributes
                0x00000000       0x37
 .ARM.attributes
                0x00000000       0x39 ./utilities/fsl_debug_console.o
 .ARM.attributes
                0x00000039       0x39 ./utilities/fsl_io.o
 .ARM.attributes
                0x00000072       0x39 ./utilities/fsl_log.o
 .ARM.attributes
                0x000000ab       0x39 ./startup/startup_mk64f12.o
 .ARM.attributes
                0x000000e4       0x39 ./source/Com.o
 .ARM.attributes
                0x0000011d       0x39 ./source/data.o
 .ARM.attributes
                0x00000156       0x39 ./source/semihost_hardfault.o
 .ARM.attributes
                0x0000018f       0x39 ./drivers/fsl_clock.o
 .ARM.attributes
                0x000001c8       0x39 ./drivers/fsl_flash.o
 .ARM.attributes
                0x00000201       0x39 ./drivers/fsl_gpio.o
 .ARM.attributes
                0x0000023a       0x39 ./drivers/fsl_smc.o
 .ARM.attributes
                0x00000273       0x39 ./drivers/fsl_uart.o
 .ARM.attributes
                0x000002ac       0x39 ./board/board.o
 .ARM.attributes
                0x000002e5       0x39 ./board/clock_config.o
 .ARM.attributes
                0x0000031e       0x39 ./board/peripherals.o
 .ARM.attributes
                0x00000357       0x39 ./board/pin_mux.o
 .ARM.attributes
                0x00000390       0x39 ./CMSIS/system_MK64F12.o
 .ARM.attributes
                0x000003c9       0x39 c:/nxp/mcuxpressoide_10.1.1_606/ide/tools/bin/../lib/gcc/arm-none-eabi/6.3.1/../../../../arm-none-eabi/lib/thumb/v7e-m/fpv4-sp/hard\libcr_semihost_nf.a(_cr__main.o)
 .ARM.attributes
                0x00000402       0x39 c:/nxp/mcuxpressoide_10.1.1_606/ide/tools/bin/../lib/gcc/arm-none-eabi/6.3.1/../../../../arm-none-eabi/lib/thumb/v7e-m/fpv4-sp/hard\libcr_semihost_nf.a(_cr_assert.o)
 .ARM.attributes
                0x0000043b       0x39 c:/nxp/mcuxpressoide_10.1.1_606/ide/tools/bin/../lib/gcc/arm-none-eabi/6.3.1/../../../../arm-none-eabi/lib/thumb/v7e-m/fpv4-sp/hard\libcr_semihost_nf.a(__ciob.o)
 .ARM.attributes
                0x00000474       0x25 c:/nxp/mcuxpressoide_10.1.1_606/ide/tools/bin/../lib/gcc/arm-none-eabi/6.3.1/../../../../arm-none-eabi/lib/thumb/v7e-m/fpv4-sp/hard\libcr_semihost_nf.a(__sys_appexit.o)
 .ARM.attributes
                0x00000499       0x39 c:/nxp/mcuxpressoide_10.1.1_606/ide/tools/bin/../lib/gcc/arm-none-eabi/6.3.1/../../../../arm-none-eabi/lib/thumb/v7e-m/fpv4-sp/hard\libcr_c.a(memcpy.o)
 .ARM.attributes
                0x000004d2       0x39 c:/nxp/mcuxpressoide_10.1.1_606/ide/tools/bin/../lib/gcc/arm-none-eabi/6.3.1/../../../../arm-none-eabi/lib/thumb/v7e-m/fpv4-sp/hard\libcr_c.a(memset.o)
 .ARM.attributes
                0x0000050b       0x39 c:/nxp/mcuxpressoide_10.1.1_606/ide/tools/bin/../lib/gcc/arm-none-eabi/6.3.1/../../../../arm-none-eabi/lib/thumb/v7e-m/fpv4-sp/hard\libcr_c.a(_deferredlazyseek.o)
 .ARM.attributes
                0x00000544       0x39 c:/nxp/mcuxpressoide_10.1.1_606/ide/tools/bin/../lib/gcc/arm-none-eabi/6.3.1/../../../../arm-none-eabi/lib/thumb/v7e-m/fpv4-sp/hard\libcr_c.a(_fflush.o)
 .ARM.attributes
                0x0000057d       0x39 c:/nxp/mcuxpressoide_10.1.1_606/ide/tools/bin/../lib/gcc/arm-none-eabi/6.3.1/../../../../arm-none-eabi/lib/thumb/v7e-m/fpv4-sp/hard\libcr_c.a(_writebuf.o)
 .ARM.attributes
                0x000005b6       0x39 c:/nxp/mcuxpressoide_10.1.1_606/ide/tools/bin/../lib/gcc/arm-none-eabi/6.3.1/../../../../arm-none-eabi/lib/thumb/v7e-m/fpv4-sp/hard\libcr_c.a(alloc.o)
 .ARM.attributes
                0x000005ef       0x39 c:/nxp/mcuxpressoide_10.1.1_606/ide/tools/bin/../lib/gcc/arm-none-eabi/6.3.1/../../../../arm-none-eabi/lib/thumb/v7e-m/fpv4-sp/hard\libcr_c.a(atan2.o)
 .ARM.attributes
                0x00000628       0x39 c:/nxp/mcuxpressoide_10.1.1_606/ide/tools/bin/../lib/gcc/arm-none-eabi/6.3.1/../../../../arm-none-eabi/lib/thumb/v7e-m/fpv4-sp/hard\libcr_c.a(cos.o)
 .ARM.attributes
                0x00000661       0x39 c:/nxp/mcuxpressoide_10.1.1_606/ide/tools/bin/../lib/gcc/arm-none-eabi/6.3.1/../../../../arm-none-eabi/lib/thumb/v7e-m/fpv4-sp/hard\libcr_c.a(errno.o)
 .ARM.attributes
                0x0000069a       0x39 c:/nxp/mcuxpressoide_10.1.1_606/ide/tools/bin/../lib/gcc/arm-none-eabi/6.3.1/../../../../arm-none-eabi/lib/thumb/v7e-m/fpv4-sp/hard\libcr_c.a(exp.o)
 .ARM.attributes
                0x000006d3       0x39 c:/nxp/mcuxpressoide_10.1.1_606/ide/tools/bin/../lib/gcc/arm-none-eabi/6.3.1/../../../../arm-none-eabi/lib/thumb/v7e-m/fpv4-sp/hard\libcr_c.a(fabs.o)
 .ARM.attributes
                0x0000070c       0x39 c:/nxp/mcuxpressoide_10.1.1_606/ide/tools/bin/../lib/gcc/arm-none-eabi/6.3.1/../../../../arm-none-eabi/lib/thumb/v7e-m/fpv4-sp/hard\libcr_c.a(fpprintf.o)
 .ARM.attributes
                0x00000745       0x39 c:/nxp/mcuxpressoide_10.1.1_606/ide/tools/bin/../lib/gcc/arm-none-eabi/6.3.1/../../../../arm-none-eabi/lib/thumb/v7e-m/fpv4-sp/hard\libcr_c.a(fputs.o)
 .ARM.attributes
                0x0000077e       0x39 c:/nxp/mcuxpressoide_10.1.1_606/ide/tools/bin/../lib/gcc/arm-none-eabi/6.3.1/../../../../arm-none-eabi/lib/thumb/v7e-m/fpv4-sp/hard\libcr_c.a(fseek.o)
 .ARM.attributes
                0x000007b7       0x39 c:/nxp/mcuxpressoide_10.1.1_606/ide/tools/bin/../lib/gcc/arm-none-eabi/6.3.1/../../../../arm-none-eabi/lib/thumb/v7e-m/fpv4-sp/hard\libcr_c.a(ftell.o)
 .ARM.attributes
                0x000007f0       0x39 c:/nxp/mcuxpressoide_10.1.1_606/ide/tools/bin/../lib/gcc/arm-none-eabi/6.3.1/../../../../arm-none-eabi/lib/thumb/v7e-m/fpv4-sp/hard\libcr_c.a(initio.o)
 .ARM.attributes
                0x00000829       0x39 c:/nxp/mcuxpressoide_10.1.1_606/ide/tools/bin/../lib/gcc/arm-none-eabi/6.3.1/../../../../arm-none-eabi/lib/thumb/v7e-m/fpv4-sp/hard\libcr_c.a(ldexp.o)
 .ARM.attributes
                0x00000862       0x39 c:/nxp/mcuxpressoide_10.1.1_606/ide/tools/bin/../lib/gcc/arm-none-eabi/6.3.1/../../../../arm-none-eabi/lib/thumb/v7e-m/fpv4-sp/hard\libcr_c.a(log.o)
 .ARM.attributes
                0x0000089b       0x39 c:/nxp/mcuxpressoide_10.1.1_606/ide/tools/bin/../lib/gcc/arm-none-eabi/6.3.1/../../../../arm-none-eabi/lib/thumb/v7e-m/fpv4-sp/hard\libcr_c.a(pow.o)
 .ARM.attributes
                0x000008d4       0x39 c:/nxp/mcuxpressoide_10.1.1_606/ide/tools/bin/../lib/gcc/arm-none-eabi/6.3.1/../../../../arm-none-eabi/lib/thumb/v7e-m/fpv4-sp/hard\libcr_c.a(printf.o)
 .ARM.attributes
                0x0000090d       0x39 c:/nxp/mcuxpressoide_10.1.1_606/ide/tools/bin/../lib/gcc/arm-none-eabi/6.3.1/../../../../arm-none-eabi/lib/thumb/v7e-m/fpv4-sp/hard\libcr_c.a(setvbuf.o)
 .ARM.attributes
                0x00000946       0x39 c:/nxp/mcuxpressoide_10.1.1_606/ide/tools/bin/../lib/gcc/arm-none-eabi/6.3.1/../../../../arm-none-eabi/lib/thumb/v7e-m/fpv4-sp/hard\libcr_c.a(sin.o)
 .ARM.attributes
                0x0000097f       0x39 c:/nxp/mcuxpressoide_10.1.1_606/ide/tools/bin/../lib/gcc/arm-none-eabi/6.3.1/../../../../arm-none-eabi/lib/thumb/v7e-m/fpv4-sp/hard\libcr_c.a(sqrt.o)
 .ARM.attributes
                0x000009b8       0x39 c:/nxp/mcuxpressoide_10.1.1_606/ide/tools/bin/../lib/gcc/arm-none-eabi/6.3.1/../../../../arm-none-eabi/lib/thumb/v7e-m/fpv4-sp/hard\libcr_c.a(strlen.o)
 .ARM.attributes
                0x000009f1       0x39 c:/nxp/mcuxpressoide_10.1.1_606/ide/tools/bin/../lib/gcc/arm-none-eabi/6.3.1/../../../../arm-none-eabi/lib/thumb/v7e-m/fpv4-sp/hard\libcr_c.a(__init_alloc.o)
 .ARM.attributes
                0x00000a2a       0x39 c:/nxp/mcuxpressoide_10.1.1_606/ide/tools/bin/../lib/gcc/arm-none-eabi/6.3.1/../../../../arm-none-eabi/lib/thumb/v7e-m/fpv4-sp/hard\libcr_c.a(_cr_sbrk.o)
 .ARM.attributes
                0x00000a63       0x39 c:/nxp/mcuxpressoide_10.1.1_606/ide/tools/bin/../lib/gcc/arm-none-eabi/6.3.1/../../../../arm-none-eabi/lib/thumb/v7e-m/fpv4-sp/hard\libcr_c.a(_fdopen.o)
 .ARM.attributes
                0x00000a9c       0x39 c:/nxp/mcuxpressoide_10.1.1_606/ide/tools/bin/../lib/gcc/arm-none-eabi/6.3.1/../../../../arm-none-eabi/lib/thumb/v7e-m/fpv4-sp/hard\libcr_c.a(_frexpl.o)
 .ARM.attributes
                0x00000ad5       0x39 c:/nxp/mcuxpressoide_10.1.1_606/ide/tools/bin/../lib/gcc/arm-none-eabi/6.3.1/../../../../arm-none-eabi/lib/thumb/v7e-m/fpv4-sp/hard\libcr_c.a(_hugeval.o)
 .ARM.attributes
                0x00000b0e       0x39 c:/nxp/mcuxpressoide_10.1.1_606/ide/tools/bin/../lib/gcc/arm-none-eabi/6.3.1/../../../../arm-none-eabi/lib/thumb/v7e-m/fpv4-sp/hard\libcr_c.a(_ldexpl.o)
 .ARM.attributes
                0x00000b47       0x39 c:/nxp/mcuxpressoide_10.1.1_606/ide/tools/bin/../lib/gcc/arm-none-eabi/6.3.1/../../../../arm-none-eabi/lib/thumb/v7e-m/fpv4-sp/hard\libcr_c.a(_sincos.o)
 .ARM.attributes
                0x00000b80       0x39 c:/nxp/mcuxpressoide_10.1.1_606/ide/tools/bin/../lib/gcc/arm-none-eabi/6.3.1/../../../../arm-none-eabi/lib/thumb/v7e-m/fpv4-sp/hard\libcr_c.a(atan.o)
 .ARM.attributes
                0x00000bb9       0x39 c:/nxp/mcuxpressoide_10.1.1_606/ide/tools/bin/../lib/gcc/arm-none-eabi/6.3.1/../../../../arm-none-eabi/lib/thumb/v7e-m/fpv4-sp/hard\libcr_c.a(fclose.o)
 .ARM.attributes
                0x00000bf2       0x39 c:/nxp/mcuxpressoide_10.1.1_606/ide/tools/bin/../lib/gcc/arm-none-eabi/6.3.1/../../../../arm-none-eabi/lib/thumb/v7e-m/fpv4-sp/hard\libcr_c.a(fflush.o)
 .ARM.attributes
                0x00000c2b       0x39 c:/nxp/mcuxpressoide_10.1.1_606/ide/tools/bin/../lib/gcc/arm-none-eabi/6.3.1/../../../../arm-none-eabi/lib/thumb/v7e-m/fpv4-sp/hard\libcr_c.a(frexp.o)
 .ARM.attributes
                0x00000c64       0x39 c:/nxp/mcuxpressoide_10.1.1_606/ide/tools/bin/../lib/gcc/arm-none-eabi/6.3.1/../../../../arm-none-eabi/lib/thumb/v7e-m/fpv4-sp/hard\libcr_c.a(remove.o)
 .ARM.attributes
                0x00000c9d       0x39 c:/nxp/mcuxpressoide_10.1.1_606/ide/tools/bin/../lib/gcc/arm-none-eabi/6.3.1/../../../../arm-none-eabi/lib/thumb/v7e-m/fpv4-sp/hard\libcr_c.a(_cr_check_heap.o)
 .ARM.attributes
                0x00000cd6       0x39 c:/nxp/mcuxpressoide_10.1.1_606/ide/tools/bin/../lib/gcc/arm-none-eabi/6.3.1/../../../../arm-none-eabi/lib/thumb/v7e-m/fpv4-sp/hard\libcr_c.a(_do_fflush.o)
 .ARM.attributes
                0x00000d0f       0x39 c:/nxp/mcuxpressoide_10.1.1_606/ide/tools/bin/../lib/gcc/arm-none-eabi/6.3.1/thumb/v7e-m/fpv4-sp/hard\libcr_eabihelpers.a(double.o)
 .ARM.attributes
                0x00000d48       0x39 c:/nxp/mcuxpressoide_10.1.1_606/ide/tools/bin/../lib/gcc/arm-none-eabi/6.3.1/thumb/v7e-m/fpv4-sp/hard\libcr_eabihelpers.a(float.o)
 .ARM.attributes
                0x00000d81       0x25 c:/nxp/mcuxpressoide_10.1.1_606/ide/tools/bin/../lib/gcc/arm-none-eabi/6.3.1/thumb/v7e-m/fpv4-sp/hard\libcr_eabihelpers.a(memcpy.o)
 .ARM.attributes
                0x00000da6       0x25 c:/nxp/mcuxpressoide_10.1.1_606/ide/tools/bin/../lib/gcc/arm-none-eabi/6.3.1/../../../../arm-none-eabi/lib/thumb/v7e-m/fpv4-sp/hard\libcr_semihost_nf.a(__sys_close.o)
 .ARM.attributes
                0x00000dcb       0x25 c:/nxp/mcuxpressoide_10.1.1_606/ide/tools/bin/../lib/gcc/arm-none-eabi/6.3.1/../../../../arm-none-eabi/lib/thumb/v7e-m/fpv4-sp/hard\libcr_semihost_nf.a(__sys_flen.o)
 .ARM.attributes
                0x00000df0       0x25 c:/nxp/mcuxpressoide_10.1.1_606/ide/tools/bin/../lib/gcc/arm-none-eabi/6.3.1/../../../../arm-none-eabi/lib/thumb/v7e-m/fpv4-sp/hard\libcr_semihost_nf.a(__sys_istty.o)
 .ARM.attributes
                0x00000e15       0x25 c:/nxp/mcuxpressoide_10.1.1_606/ide/tools/bin/../lib/gcc/arm-none-eabi/6.3.1/../../../../arm-none-eabi/lib/thumb/v7e-m/fpv4-sp/hard\libcr_semihost_nf.a(__sys_remove.o)
 .ARM.attributes
                0x00000e3a       0x25 c:/nxp/mcuxpressoide_10.1.1_606/ide/tools/bin/../lib/gcc/arm-none-eabi/6.3.1/../../../../arm-none-eabi/lib/thumb/v7e-m/fpv4-sp/hard\libcr_semihost_nf.a(__sys_seek.o)
 .ARM.attributes
                0x00000e5f       0x25 c:/nxp/mcuxpressoide_10.1.1_606/ide/tools/bin/../lib/gcc/arm-none-eabi/6.3.1/../../../../arm-none-eabi/lib/thumb/v7e-m/fpv4-sp/hard\libcr_semihost_nf.a(__sys_tmpnam.o)
 .ARM.attributes
                0x00000e84       0x25 c:/nxp/mcuxpressoide_10.1.1_606/ide/tools/bin/../lib/gcc/arm-none-eabi/6.3.1/../../../../arm-none-eabi/lib/thumb/v7e-m/fpv4-sp/hard\libcr_semihost_nf.a(__sys_write.o)
